Archive member included to satisfy reference by file (symbol)

c:/program files (x86)/atmel/studio/7.0/toolchain/arm/arm-gnu-toolchain/bin/../lib/gcc/arm-none-eabi/6.3.1/../../../../arm-none-eabi/lib/thumb/v7e-m\libc.a(lib_a-exit.o)
                              c:/program files (x86)/atmel/studio/7.0/toolchain/arm/arm-gnu-toolchain/bin/../lib/gcc/arm-none-eabi/6.3.1/../../../../arm-none-eabi/lib/thumb/v7e-m/crt0.o (exit)
c:/program files (x86)/atmel/studio/7.0/toolchain/arm/arm-gnu-toolchain/bin/../lib/gcc/arm-none-eabi/6.3.1/../../../../arm-none-eabi/lib/thumb/v7e-m\libc.a(lib_a-impure.o)
                              c:/program files (x86)/atmel/studio/7.0/toolchain/arm/arm-gnu-toolchain/bin/../lib/gcc/arm-none-eabi/6.3.1/../../../../arm-none-eabi/lib/thumb/v7e-m\libc.a(lib_a-exit.o) (_global_impure_ptr)
c:/program files (x86)/atmel/studio/7.0/toolchain/arm/arm-gnu-toolchain/bin/../lib/gcc/arm-none-eabi/6.3.1/../../../../arm-none-eabi/lib/thumb/v7e-m\libc.a(lib_a-init.o)
                              c:/program files (x86)/atmel/studio/7.0/toolchain/arm/arm-gnu-toolchain/bin/../lib/gcc/arm-none-eabi/6.3.1/../../../../arm-none-eabi/lib/thumb/v7e-m/crt0.o (__libc_init_array)
c:/program files (x86)/atmel/studio/7.0/toolchain/arm/arm-gnu-toolchain/bin/../lib/gcc/arm-none-eabi/6.3.1/../../../../arm-none-eabi/lib/thumb/v7e-m\libc.a(lib_a-memset.o)
                              c:/program files (x86)/atmel/studio/7.0/toolchain/arm/arm-gnu-toolchain/bin/../lib/gcc/arm-none-eabi/6.3.1/../../../../arm-none-eabi/lib/thumb/v7e-m/crt0.o (memset)
c:/program files (x86)/atmel/studio/7.0/toolchain/arm/arm-gnu-toolchain/bin/../lib/gcc/arm-none-eabi/6.3.1/../../../../arm-none-eabi/lib/thumb/v7e-m\libc.a(lib_a-sprintf.o)
                              src/wifi.o (sprintf)
c:/program files (x86)/atmel/studio/7.0/toolchain/arm/arm-gnu-toolchain/bin/../lib/gcc/arm-none-eabi/6.3.1/../../../../arm-none-eabi/lib/thumb/v7e-m\libc.a(lib_a-strstr.o)
                              src/wifi.o (strstr)
c:/program files (x86)/atmel/studio/7.0/toolchain/arm/arm-gnu-toolchain/bin/../lib/gcc/arm-none-eabi/6.3.1/../../../../arm-none-eabi/lib/thumb/v7e-m\libc.a(lib_a-svfprintf.o)
                              c:/program files (x86)/atmel/studio/7.0/toolchain/arm/arm-gnu-toolchain/bin/../lib/gcc/arm-none-eabi/6.3.1/../../../../arm-none-eabi/lib/thumb/v7e-m\libc.a(lib_a-sprintf.o) (_svfprintf_r)
c:/program files (x86)/atmel/studio/7.0/toolchain/arm/arm-gnu-toolchain/bin/../lib/gcc/arm-none-eabi/6.3.1/../../../../arm-none-eabi/lib/thumb/v7e-m\libc.a(lib_a-__call_atexit.o)
                              c:/program files (x86)/atmel/studio/7.0/toolchain/arm/arm-gnu-toolchain/bin/../lib/gcc/arm-none-eabi/6.3.1/../../../../arm-none-eabi/lib/thumb/v7e-m\libc.a(lib_a-exit.o) (__call_exitprocs)
c:/program files (x86)/atmel/studio/7.0/toolchain/arm/arm-gnu-toolchain/bin/../lib/gcc/arm-none-eabi/6.3.1/../../../../arm-none-eabi/lib/thumb/v7e-m\libc.a(lib_a-atexit.o)
                              c:/program files (x86)/atmel/studio/7.0/toolchain/arm/arm-gnu-toolchain/bin/../lib/gcc/arm-none-eabi/6.3.1/../../../../arm-none-eabi/lib/thumb/v7e-m\libc.a(lib_a-__call_atexit.o) (atexit)
c:/program files (x86)/atmel/studio/7.0/toolchain/arm/arm-gnu-toolchain/bin/../lib/gcc/arm-none-eabi/6.3.1/../../../../arm-none-eabi/lib/thumb/v7e-m\libc.a(lib_a-dtoa.o)
                              c:/program files (x86)/atmel/studio/7.0/toolchain/arm/arm-gnu-toolchain/bin/../lib/gcc/arm-none-eabi/6.3.1/../../../../arm-none-eabi/lib/thumb/v7e-m\libc.a(lib_a-svfprintf.o) (_dtoa_r)
c:/program files (x86)/atmel/studio/7.0/toolchain/arm/arm-gnu-toolchain/bin/../lib/gcc/arm-none-eabi/6.3.1/../../../../arm-none-eabi/lib/thumb/v7e-m\libc.a(lib_a-fini.o)
                              c:/program files (x86)/atmel/studio/7.0/toolchain/arm/arm-gnu-toolchain/bin/../lib/gcc/arm-none-eabi/6.3.1/../../../../arm-none-eabi/lib/thumb/v7e-m\libc.a(lib_a-__call_atexit.o) (__libc_fini_array)
c:/program files (x86)/atmel/studio/7.0/toolchain/arm/arm-gnu-toolchain/bin/../lib/gcc/arm-none-eabi/6.3.1/../../../../arm-none-eabi/lib/thumb/v7e-m\libc.a(lib_a-localeconv.o)
                              c:/program files (x86)/atmel/studio/7.0/toolchain/arm/arm-gnu-toolchain/bin/../lib/gcc/arm-none-eabi/6.3.1/../../../../arm-none-eabi/lib/thumb/v7e-m\libc.a(lib_a-svfprintf.o) (_localeconv_r)
c:/program files (x86)/atmel/studio/7.0/toolchain/arm/arm-gnu-toolchain/bin/../lib/gcc/arm-none-eabi/6.3.1/../../../../arm-none-eabi/lib/thumb/v7e-m\libc.a(lib_a-lock.o)
                              c:/program files (x86)/atmel/studio/7.0/toolchain/arm/arm-gnu-toolchain/bin/../lib/gcc/arm-none-eabi/6.3.1/../../../../arm-none-eabi/lib/thumb/v7e-m\libc.a(lib_a-__call_atexit.o) (__retarget_lock_acquire_recursive)
c:/program files (x86)/atmel/studio/7.0/toolchain/arm/arm-gnu-toolchain/bin/../lib/gcc/arm-none-eabi/6.3.1/../../../../arm-none-eabi/lib/thumb/v7e-m\libc.a(lib_a-mallocr.o)
[...]
Memory Configuration

Name             Origin             Length             Attributes
rom              0x00400000         0x00080000         xr
ram              0x20000000         0x00020000         xrw
*default*        0x00000000         0xffffffff

Linker script and memory map

LOAD c:/program files (x86)/atmel/studio/7.0/toolchain/arm/arm-gnu-toolchain/bin/../lib/gcc/arm-none-eabi/6.3.1/thumb/v7e-m/crti.o
LOAD c:/program files (x86)/atmel/studio/7.0/toolchain/arm/arm-gnu-toolchain/bin/../lib/gcc/arm-none-eabi/6.3.1/thumb/v7e-m/crtbegin.o
LOAD c:/program files (x86)/atmel/studio/7.0/toolchain/arm/arm-gnu-toolchain/bin/../lib/gcc/arm-none-eabi/6.3.1/../../../../arm-none-eabi/lib/thumb/v7e-m/crt0.o
LOAD src/ASF/common/services/clock/sam4s/sysclk.o
LOAD src/ASF/common/services/delay/sam/cycle_counter.o
LOAD src/ASF/common/services/serial/usart_serial.o
LOAD src/ASF/sam/drivers/pdc/pdc.o
LOAD src/ASF/sam/drivers/pio/pio.o
LOAD src/ASF/sam/drivers/pio/pio_handler.o
LOAD src/ASF/sam/drivers/pmc/pmc.o
LOAD src/ASF/sam/drivers/pmc/sleep.o
LOAD src/ASF/sam/drivers/spi/spi.o
LOAD src/ASF/sam/drivers/tc/tc.o
LOAD src/ASF/sam/drivers/twi/twi.o
LOAD src/ASF/sam/drivers/uart/uart.o
LOAD src/ASF/sam/drivers/usart/usart.o
LOAD src/ASF/sam/drivers/wdt/wdt.o
LOAD src/camera.o
LOAD src/camera_helper/ov2640.o
LOAD src/camera_helper/ov2640_table_registers.o
LOAD src/timer_interface.o
LOAD src/wifi.o
LOAD src/ASF/common/boards/user_board/init.o
LOAD src/ASF/common/utils/interrupt/interrupt_sam_nvic.o
LOAD src/ASF/sam/utils/cmsis/sam4s/source/templates/gcc/startup_sam4s.o
LOAD src/ASF/sam/utils/cmsis/sam4s/source/templates/system_sam4s.o
LOAD src/ASF/sam/utils/syscalls/gcc/syscalls.o
LOAD src/main.o
START GROUP
LOAD ../src/ASF/thirdparty/CMSIS/Lib/GCC\libarm_cortexM4l_math.a
LOAD c:/program files (x86)/atmel/studio/7.0/toolchain/arm/arm-gnu-toolchain/bin/../lib/gcc/arm-none-eabi/6.3.1/../../../../arm-none-eabi/lib/thumb/v7e-m\libm.a
END GROUP
START GROUP
LOAD c:/program files (x86)/atmel/studio/7.0/toolchain/arm/arm-gnu-toolchain/bin/../lib/gcc/arm-none-eabi/6.3.1/thumb/v7e-m\libgcc.a
LOAD c:/program files (x86)/atmel/studio/7.0/toolchain/arm/arm-gnu-toolchain/bin/../lib/gcc/arm-none-eabi/6.3.1/../../../../arm-none-eabi/lib/thumb/v7e-m\libc.a
END GROUP
LOAD c:/program files (x86)/atmel/studio/7.0/toolchain/arm/arm-gnu-toolchain/bin/../lib/gcc/arm-none-eabi/6.3.1/thumb/v7e-m/crtend.o
LOAD c:/program files (x86)/atmel/studio/7.0/toolchain/arm/arm-gnu-toolchain/bin/../lib/gcc/arm-none-eabi/6.3.1/thumb/v7e-m/crtn.o
                0x00003000                __stack_size__ = DEFINED (__stack_size__)?__stack_size__:0x3000
                0x2001fffc                __ram_end__ = ((ORIGIN (ram) + LENGTH (ram)) - 0x4)

.text           0x00400000     0x7284
                0x00400000                . = ALIGN (0x4)
                0x00400000                _sfixed = .
 *(.vectors .vectors.*)
 .vectors       0x00400000       0xcc src/ASF/sam/utils/cmsis/sam4s/source/templates/gcc/startup_sam4s.o
                0x00400000                exception_table
 *(.text .text.* .gnu.linkonce.t.*)
 .text          0x004000cc       0x6c c:/program files (x86)/atmel/studio/7.0/toolchain/arm/arm-gnu-toolchain/bin/../lib/gcc/arm-none-eabi/6.3.1/thumb/v7e-m/crtbegin.o
 .text.sysclk_init
                0x00400138       0x64 src/ASF/common/services/clock/sam4s/sysclk.o
                0x00400138                sysclk_init
 .text.pio_set_peripheral
                0x0040019c       0x90 src/ASF/sam/drivers/pio/pio.o
                0x0040019c                pio_set_peripheral
 .text.pio_set_input
                0x0040022c       0x32 src/ASF/sam/drivers/pio/pio.o
                0x0040022c                pio_set_input
 .text.pio_set_output
                0x0040025e       0x26 src/ASF/sam/drivers/pio/pio.o
                0x0040025e                pio_set_output
 .text.pio_configure_interrupt
                0x00400284       0x2e src/ASF/sam/drivers/pio/pio.o
                0x00400284                pio_configure_interrupt
 .text.pio_enable_interrupt
                0x004002b2        0x4 src/ASF/sam/drivers/pio/pio.o
                0x004002b2                pio_enable_interrupt
 .text.pio_disable_interrupt
                0x004002b6        0x4 src/ASF/sam/drivers/pio/pio.o
                0x004002b6                pio_disable_interrupt
 .text.pio_get_interrupt_status
                0x004002ba        0x4 src/ASF/sam/drivers/pio/pio.o
                0x004002ba                pio_get_interrupt_status
 .text.pio_get_interrupt_mask
                0x004002be        0x4 src/ASF/sam/drivers/pio/pio.o
                0x004002be                pio_get_interrupt_mask
 *fill*         0x004002c2        0x2 
 .text.pio_configure_pin
                0x004002c4      0x120 src/ASF/sam/drivers/pio/pio.o
                0x004002c4                pio_configure_pin
 .text.pio_capture_enable
                0x004003e4       0x18 src/ASF/sam/drivers/pio/pio.o
                0x004003e4                pio_capture_enable
 .text.pio_capture_disable
                0x004003fc       0x18 src/ASF/sam/drivers/pio/pio.o
                0x004003fc                pio_capture_disable
 .text.pio_handler_process
                0x00400414       0x68 src/ASF/sam/drivers/pio/pio_handler.o
                0x00400414                pio_handler_process
 .text.pio_handler_set
                0x0040047c       0x70 src/ASF/sam/drivers/pio/pio_handler.o
                0x0040047c                pio_handler_set
 .text.PIOA_Handler
                0x004004ec       0x14 src/ASF/sam/drivers/pio/pio_handler.o
                0x004004ec                PIOA_Handler
 .text.PIOB_Handler
                0x00400500       0x14 src/ASF/sam/drivers/pio/pio_handler.o
                0x00400500                PIOB_Handler
 .text.pmc_switch_mck_to_pllack
                0x00400514       0x64 src/ASF/sam/drivers/pmc/pmc.o
                0x00400514                pmc_switch_mck_to_pllack
 .text.pmc_switch_mainck_to_xtal
                0x00400578       0x54 src/ASF/sam/drivers/pmc/pmc.o
                0x00400578                pmc_switch_mainck_to_xtal
 .text.pmc_osc_is_ready_mainck
                0x004005cc       0x10 src/ASF/sam/drivers/pmc/pmc.o
                0x004005cc                pmc_osc_is_ready_mainck
 .text.pmc_disable_pllack
                0x004005dc       0x10 src/ASF/sam/drivers/pmc/pmc.o
                0x004005dc                pmc_disable_pllack
 .text.pmc_is_locked_pllack
                0x004005ec       0x10 src/ASF/sam/drivers/pmc/pmc.o
                0x004005ec                pmc_is_locked_pllack
 .text.pmc_enable_pllbck
                0x004005fc       0x34 src/ASF/sam/drivers/pmc/pmc.o
                0x004005fc                pmc_enable_pllbck
 .text.pmc_enable_periph_clk
                0x00400630       0x54 src/ASF/sam/drivers/pmc/pmc.o
                0x00400630                pmc_enable_periph_clk
 .text.tc_init  0x00400684       0x18 src/ASF/sam/drivers/tc/tc.o
                0x00400684                tc_init
 .text.tc_start
                0x0040069c        0x8 src/ASF/sam/drivers/tc/tc.o
                0x0040069c                tc_start
 .text.tc_write_rc
                0x004006a4        0x8 src/ASF/sam/drivers/tc/tc.o
                0x004006a4                tc_write_rc
 .text.tc_enable_interrupt
                0x004006ac        0x8 src/ASF/sam/drivers/tc/tc.o
                0x004006ac                tc_enable_interrupt
 .text.tc_get_status
                0x004006b4        0x8 src/ASF/sam/drivers/tc/tc.o
                0x004006b4                tc_get_status
 .text.tc_find_mck_divisor
                0x004006bc       0x70 src/ASF/sam/drivers/tc/tc.o
                0x004006bc                tc_find_mck_divisor
 .text.twi_set_speed
                0x0040072c       0xb8 src/ASF/sam/drivers/twi/twi.o
                0x0040072c                twi_set_speed
 .text.twi_master_init
                0x004007e4       0x40 src/ASF/sam/drivers/twi/twi.o
                0x004007e4                twi_master_init
 .text.twi_mk_addr
                0x00400824       0x22 src/ASF/sam/drivers/twi/twi.o
                0x00400824                twi_mk_addr
 *fill*         0x00400846        0x2 
 .text.twi_master_write
                0x00400848       0x88 src/ASF/sam/drivers/twi/twi.o
                0x00400848                twi_master_write
 .text.usart_set_async_baudrate
                0x004008d0       0x58 src/ASF/sam/drivers/usart/usart.o
                0x004008d0                usart_set_async_baudrate
 .text.usart_reset
                0x00400928       0x30 src/ASF/sam/drivers/usart/usart.o
                0x00400928                usart_reset
 .text.usart_init_rs232
                0x00400958       0x54 src/ASF/sam/drivers/usart/usart.o
                0x00400958                usart_init_rs232
 .text.usart_enable_tx
                0x004009ac        0x6 src/ASF/sam/drivers/usart/usart.o
                0x004009ac                usart_enable_tx
 .text.usart_enable_rx
                0x004009b2        0x6 src/ASF/sam/drivers/usart/usart.o
                0x004009b2                usart_enable_rx
 .text.usart_enable_interrupt
                0x004009b8        0x4 src/ASF/sam/drivers/usart/usart.o
                0x004009b8                usart_enable_interrupt
 .text.usart_disable_interrupt
                0x004009bc        0x4 src/ASF/sam/drivers/usart/usart.o
                0x004009bc                usart_disable_interrupt
 .text.usart_putchar
                0x004009c0       0x12 src/ASF/sam/drivers/usart/usart.o
                0x004009c0                usart_putchar
 *fill*         0x004009d2        0x2 
 .text.usart_write_line
                0x004009d4       0x20 src/ASF/sam/drivers/usart/usart.o
                0x004009d4                usart_write_line
 .text.vsync_handler
                0x004009f4        0xc src/camera.o
                0x004009f4                vsync_handler
 .text.init_vsync_interrupts
                0x00400a00       0x34 src/camera.o
                0x00400a00                init_vsync_interrupts
 .text.pio_capture_init
                0x00400a34       0x70 src/camera.o
                0x00400a34                pio_capture_init
 .text.configure_twi
                0x00400aa4       0x88 src/camera.o
                0x00400aa4                configure_twi
 .text.pio_capture_to_buffer
                0x00400b2c       0x34 src/camera.o
                0x00400b2c                pio_capture_to_buffer
 .text.init_camera
                0x00400b60       0x5c src/camera.o
                0x00400b60                init_camera
 .text.configure_camera
                0x00400bbc       0x38 src/camera.o
                0x00400bbc                configure_camera
 .text.start_capture
                0x00400bf4       0x6c src/camera.o
                0x00400bf4                start_capture
 .text.ov_write_reg
                0x00400c60        0xc src/camera_helper/ov2640.o
                0x00400c60                ov_write_reg
 .text.ov_write_regs
                0x00400c6c       0x5c src/camera_helper/ov2640.o
                0x00400c6c                ov_write_regs
 .text.ov_configure
                0x00400cc8       0xbc src/camera_helper/ov2640.o
                0x00400cc8                ov_configure
 .text.TC0_Handler
                0x00400d84       0x28 src/timer_interface.o
                0x00400d84                TC0_Handler
 .text.configure_tc
                0x00400dac       0x7c src/timer_interface.o
                0x00400dac                configure_tc
 .text.process_data_wifi
                0x00400e28       0x38 src/wifi.o
                0x00400e28                process_data_wifi
 .text.wifi_command_response_handler
                0x00400e60       0x34 src/wifi.o
                0x00400e60                wifi_command_response_handler
 .text.configure_usart_wifi
                0x00400e94       0x9c src/wifi.o
                0x00400e94                configure_usart_wifi
 .text.configure_wifi_comm_pin
                0x00400f30       0x4c src/wifi.o
                0x00400f30                configure_wifi_comm_pin
 .text.configure_wifi_provision_pin
                0x00400f7c       0x4c src/wifi.o
                0x00400f7c                configure_wifi_provision_pin
 .text.configure_spi
                0x00400fc8       0x4c src/wifi.o
                0x00400fc8                configure_spi
 .text.prepare_spi_transfer
                0x00401014       0x18 src/wifi.o
                0x00401014                prepare_spi_transfer
 .text.write_wifi_command
                0x0040102c       0x38 src/wifi.o
                0x0040102c                write_wifi_command
 .text.write_image_to_web
                0x00401064       0x3c src/wifi.o
                0x00401064                write_image_to_web
 .text.board_init
                0x004010a0        0x2 src/ASF/common/boards/user_board/init.o
                0x004010a0                board_init
 .text.Dummy_Handler
                0x004010a2        0x2 src/ASF/sam/utils/cmsis/sam4s/source/templates/gcc/startup_sam4s.o
                0x004010a2                DACC_Handler
                0x004010a2                DebugMon_Handler
                0x004010a2                HardFault_Handler
                0x004010a2                TC2_Handler
                0x004010a2                SPI_Handler
                0x004010a2                SysTick_Handler
                0x004010a2                TWI1_Handler
                0x004010a2                PendSV_Handler
                0x004010a2                NMI_Handler
                0x004010a2                ADC_Handler
                0x004010a2                CRCCU_Handler
                0x004010a2                USART0_Handler
                0x004010a2                RTT_Handler
                0x004010a2                RTC_Handler
                0x004010a2                UsageFault_Handler
                0x004010a2                WDT_Handler
                0x004010a2                TC1_Handler
                0x004010a2                HSMCI_Handler
                0x004010a2                UART1_Handler
                0x004010a2                Dummy_Handler
                0x004010a2                TWI0_Handler
                0x004010a2                USART1_Handler
                0x004010a2                SSC_Handler
                0x004010a2                EFC0_Handler
                0x004010a2                ACC_Handler
                0x004010a2                PMC_Handler
                0x004010a2                PWM_Handler
                0x004010a2                MemManage_Handler
                0x004010a2                SUPC_Handler
                0x004010a2                SVC_Handler
                0x004010a2                UART0_Handler
                0x004010a2                UDP_Handler
                0x004010a2                BusFault_Handler
                0x004010a2                RSTC_Handler
 .text.Reset_Handler
                0x004010a4       0xac src/ASF/sam/utils/cmsis/sam4s/source/templates/gcc/startup_sam4s.o
                0x004010a4                Reset_Handler
 .text.SystemCoreClockUpdate
                0x00401150      0x110 src/ASF/sam/utils/cmsis/sam4s/source/templates/system_sam4s.o
                0x00401150                SystemCoreClockUpdate
 .text.system_init_flash
                0x00401260       0x74 src/ASF/sam/utils/cmsis/sam4s/source/templates/system_sam4s.o
                0x00401260                system_init_flash
 .text._sbrk    0x004012d4       0x38 src/ASF/sam/utils/syscalls/gcc/syscalls.o
                0x004012d4                _sbrk
 .text.main     0x0040130c      0x138 src/main.o
                0x0040130c                main
 .text.__libc_init_array
                0x00401444       0x50 c:/program files (x86)/atmel/studio/7.0/toolchain/arm/arm-gnu-toolchain/bin/../lib/gcc/arm-none-eabi/6.3.1/../../../../arm-none-eabi/lib/thumb/v7e-m\libc.a(lib_a-init.o)
                0x00401444                __libc_init_array
 .text.memset   0x00401494       0x9c c:/program files (x86)/atmel/studio/7.0/toolchain/arm/arm-gnu-toolchain/bin/../lib/gcc/arm-none-eabi/6.3.1/../../../../arm-none-eabi/lib/thumb/v7e-m\libc.a(lib_a-memset.o)
                0x00401494                memset
 .text.sprintf  0x00401530       0x4c c:/program files (x86)/atmel/studio/7.0/toolchain/arm/arm-gnu-toolchain/bin/../lib/gcc/arm-none-eabi/6.3.1/../../../../arm-none-eabi/lib/thumb/v7e-m\libc.a(lib_a-sprintf.o)
                0x00401530                sprintf
 .text.critical_factorization
                0x0040157c       0xb4 c:/program files (x86)/atmel/studio/7.0/toolchain/arm/arm-gnu-toolchain/bin/../lib/gcc/arm-none-eabi/6.3.1/../../../../arm-none-eabi/lib/thumb/v7e-m\libc.a(lib_a-strstr.o)
 .text.two_way_long_needle
                0x00401630      0x1fc c:/program files (x86)/atmel/studio/7.0/toolchain/arm/arm-gnu-toolchain/bin/../lib/gcc/arm-none-eabi/6.3.1/../../../../arm-none-eabi/lib/thumb/v7e-m\libc.a(lib_a-strstr.o)
 .text.strstr   0x0040182c      0x218 c:/program files (x86)/atmel/studio/7.0/toolchain/arm/arm-gnu-toolchain/bin/../lib/gcc/arm-none-eabi/6.3.1/../../../../arm-none-eabi/lib/thumb/v7e-m\libc.a(lib_a-strstr.o)
                0x0040182c                strstr
 .text._svfprintf_r
                0x00401a44     0x145c c:/program files (x86)/atmel/studio/7.0/toolchain/arm/arm-gnu-toolchain/bin/../lib/gcc/arm-none-eabi/6.3.1/../../../../arm-none-eabi/lib/thumb/v7e-m\libc.a(lib_a-svfprintf.o)
                0x00401a44                _svfprintf_r
 .text.startup.register_fini
                0x00402ea0       0x14 c:/program files (x86)/atmel/studio/7.0/toolchain/arm/arm-gnu-toolchain/bin/../lib/gcc/arm-none-eabi/6.3.1/../../../../arm-none-eabi/lib/thumb/v7e-m\libc.a(lib_a-__call_atexit.o)
 .text.atexit   0x00402eb4        0xc c:/program files (x86)/atmel/studio/7.0/toolchain/arm/arm-gnu-toolchain/bin/../lib/gcc/arm-none-eabi/6.3.1/../../../../arm-none-eabi/lib/thumb/v7e-m\libc.a(lib_a-atexit.o)
                0x00402eb4                atexit
 .text.quorem   0x00402ec0      0x128 c:/program files (x86)/atmel/studio/7.0/toolchain/arm/arm-gnu-toolchain/bin/../lib/gcc/arm-none-eabi/6.3.1/../../../../arm-none-eabi/lib/thumb/v7e-m\libc.a(lib_a-dtoa.o)
 .text._dtoa_r  0x00402fe8      0xe54 c:/program files (x86)/atmel/studio/7.0/toolchain/arm/arm-gnu-toolchain/bin/../lib/gcc/arm-none-eabi/6.3.1/../../../../arm-none-eabi/lib/thumb/v7e-m\libc.a(lib_a-dtoa.o)
                0x00402fe8                _dtoa_r
 .text.__libc_fini_array
                0x00403e3c       0x34 c:/program files (x86)/atmel/studio/7.0/toolchain/arm/arm-gnu-toolchain/bin/../lib/gcc/arm-none-eabi/6.3.1/../../../../arm-none-eabi/lib/thumb/v7e-m\libc.a(lib_a-fini.o)
                0x00403e3c                __libc_fini_array
 .text._localeconv_r
                0x00403e70       0x1c c:/program files (x86)/atmel/studio/7.0/toolchain/arm/arm-gnu-toolchain/bin/../lib/gcc/arm-none-eabi/6.3.1/../../../../arm-none-eabi/lib/thumb/v7e-m\libc.a(lib_a-localeconv.o)
                0x00403e70                _localeconv_r
 .text.__retarget_lock_acquire_recursive
                0x00403e8c        0x4 c:/program files (x86)/atmel/studio/7.0/toolchain/arm/arm-gnu-toolchain/bin/../lib/gcc/arm-none-eabi/6.3.1/../../../../arm-none-eabi/lib/thumb/v7e-m\libc.a(lib_a-lock.o)
                0x00403e8c                __retarget_lock_acquire_recursive
 .text.__retarget_lock_release_recursive
                0x00403e90        0x4 c:/program files (x86)/atmel/studio/7.0/toolchain/arm/arm-gnu-toolchain/bin/../lib/gcc/arm-none-eabi/6.3.1/../../../../arm-none-eabi/lib/thumb/v7e-m\libc.a(lib_a-lock.o)
                0x00403e90                __retarget_lock_release_recursive
 .text._malloc_r
                0x00403e94      0x560 c:/program files (x86)/atmel/studio/7.0/toolchain/arm/arm-gnu-toolchain/bin/../lib/gcc/arm-none-eabi/6.3.1/../../../../arm-none-eabi/lib/thumb/v7e-m\libc.a(lib_a-mallocr.o)
                0x00403e94                _malloc_r
 *fill*         0x004043f4        0xc 
 .text          0x00404400       0xa0 c:/program files (x86)/atmel/studio/7.0/toolchain/arm/arm-gnu-toolchain/bin/../lib/gcc/arm-none-eabi/6.3.1/../../../../arm-none-eabi/lib/thumb/v7e-m\libc.a(lib_a-memchr.o)
                0x00404400                memchr
 .text.memcmp   0x004044a0       0x60 c:/program files (x86)/atmel/studio/7.0/toolchain/arm/arm-gnu-toolchain/bin/../lib/gcc/arm-none-eabi/6.3.1/../../../../arm-none-eabi/lib/thumb/v7e-m\libc.a(lib_a-memcmp.o)
                0x004044a0                memcmp
 .text          0x00404500      0x134 c:/program files (x86)/atmel/studio/7.0/toolchain/arm/arm-gnu-toolchain/bin/../lib/gcc/arm-none-eabi/6.3.1/../../../../arm-none-eabi/lib/thumb/v7e-m\libc.a(lib_a-memcpy.o)
                0x00404500                memcpy
 .text.__malloc_lock
                0x00404634        0xc c:/program files (x86)/atmel/studio/7.0/toolchain/arm/arm-gnu-toolchain/bin/../lib/gcc/arm-none-eabi/6.3.1/../../../../arm-none-eabi/lib/thumb/v7e-m\libc.a(lib_a-mlock.o)
                0x00404634                __malloc_lock
 .text.__malloc_unlock
                0x00404640        0xc c:/program files (x86)/atmel/studio/7.0/toolchain/arm/arm-gnu-toolchain/bin/../lib/gcc/arm-none-eabi/6.3.1/../../../../arm-none-eabi/lib/thumb/v7e-m\libc.a(lib_a-mlock.o)
                0x00404640                __malloc_unlock
 .text._Balloc  0x0040464c       0x4c c:/program files (x86)/atmel/studio/7.0/toolchain/arm/arm-gnu-toolchain/bin/../lib/gcc/arm-none-eabi/6.3.1/../../../../arm-none-eabi/lib/thumb/v7e-m\libc.a(lib_a-mprec.o)
                0x0040464c                _Balloc
 .text._Bfree   0x00404698       0x14 c:/program files (x86)/atmel/studio/7.0/toolchain/arm/arm-gnu-toolchain/bin/../lib/gcc/arm-none-eabi/6.3.1/../../../../arm-none-eabi/lib/thumb/v7e-m\libc.a(lib_a-mprec.o)
                0x00404698                _Bfree
 .text.__multadd
                0x004046ac       0x80 c:/program files (x86)/atmel/studio/7.0/toolchain/arm/arm-gnu-toolchain/bin/../lib/gcc/arm-none-eabi/6.3.1/../../../../arm-none-eabi/lib/thumb/v7e-m\libc.a(lib_a-mprec.o)
                0x004046ac                __multadd
 .text.__hi0bits
                0x0040472c       0x40 c:/program files (x86)/atmel/studio/7.0/toolchain/arm/arm-gnu-toolchain/bin/../lib/gcc/arm-none-eabi/6.3.1/../../../../arm-none-eabi/lib/thumb/v7e-m\libc.a(lib_a-mprec.o)
                0x0040472c                __hi0bits
 .text.__lo0bits
                0x0040476c       0x60 c:/program files (x86)/atmel/studio/7.0/toolchain/arm/arm-gnu-toolchain/bin/../lib/gcc/arm-none-eabi/6.3.1/../../../../arm-none-eabi/lib/thumb/v7e-m\libc.a(lib_a-mprec.o)
                0x0040476c                __lo0bits
 .text.__i2b    0x004047cc       0x14 c:/program files (x86)/atmel/studio/7.0/toolchain/arm/arm-gnu-toolchain/bin/../lib/gcc/arm-none-eabi/6.3.1/../../../../arm-none-eabi/lib/thumb/v7e-m\libc.a(lib_a-mprec.o)
                0x004047cc                __i2b
 .text.__multiply
                0x004047e0      0x124 c:/program files (x86)/atmel/studio/7.0/toolchain/arm/arm-gnu-toolchain/bin/../lib/gcc/arm-none-eabi/6.3.1/../../../../arm-none-eabi/lib/thumb/v7e-m\libc.a(lib_a-mprec.o)
                0x004047e0                __multiply
 .text.__pow5mult
                0x00404904       0xa0 c:/program files (x86)/atmel/studio/7.0/toolchain/arm/arm-gnu-toolchain/bin/../lib/gcc/arm-none-eabi/6.3.1/../../../../arm-none-eabi/lib/thumb/v7e-m\libc.a(lib_a-mprec.o)
                0x00404904                __pow5mult
 .text.__lshift
                0x004049a4       0xa4 c:/program files (x86)/atmel/studio/7.0/toolchain/arm/arm-gnu-toolchain/bin/../lib/gcc/arm-none-eabi/6.3.1/../../../../arm-none-eabi/lib/thumb/v7e-m\libc.a(lib_a-mprec.o)
                0x004049a4                __lshift
 .text.__mcmp   0x00404a48       0x38 c:/program files (x86)/atmel/studio/7.0/toolchain/arm/arm-gnu-toolchain/bin/../lib/gcc/arm-none-eabi/6.3.1/../../../../arm-none-eabi/lib/thumb/v7e-m\libc.a(lib_a-mprec.o)
                0x00404a48                __mcmp
 .text.__mdiff  0x00404a80      0x108 c:/program files (x86)/atmel/studio/7.0/toolchain/arm/arm-gnu-toolchain/bin/../lib/gcc/arm-none-eabi/6.3.1/../../../../arm-none-eabi/lib/thumb/v7e-m\libc.a(lib_a-mprec.o)
                0x00404a80                __mdiff
 .text.__d2b    0x00404b88       0xb8 c:/program files (x86)/atmel/studio/7.0/toolchain/arm/arm-gnu-toolchain/bin/../lib/gcc/arm-none-eabi/6.3.1/../../../../arm-none-eabi/lib/thumb/v7e-m\libc.a(lib_a-mprec.o)
                0x00404b88                __d2b
 .text._sbrk_r  0x00404c40       0x24 c:/program files (x86)/atmel/studio/7.0/toolchain/arm/arm-gnu-toolchain/bin/../lib/gcc/arm-none-eabi/6.3.1/../../../../arm-none-eabi/lib/thumb/v7e-m\libc.a(lib_a-sbrkr.o)
                0x00404c40                _sbrk_r
 .text.strchr   0x00404c64       0xe8 c:/program files (x86)/atmel/studio/7.0/toolchain/arm/arm-gnu-toolchain/bin/../lib/gcc/arm-none-eabi/6.3.1/../../../../arm-none-eabi/lib/thumb/v7e-m\libc.a(lib_a-strchr.o)
                0x00404c64                strchr
 *fill*         0x00404d4c       0x34 
 .text          0x00404d80       0xdc c:/program files (x86)/atmel/studio/7.0/toolchain/arm/arm-gnu-toolchain/bin/../lib/gcc/arm-none-eabi/6.3.1/../../../../arm-none-eabi/lib/thumb/v7e-m\libc.a(lib_a-strlen.o)
                0x00404d80                strlen
 .text.__ssprint_r
                0x00404e5c       0xfc c:/program files (x86)/atmel/studio/7.0/toolchain/arm/arm-gnu-toolchain/bin/../lib/gcc/arm-none-eabi/6.3.1/../../../../arm-none-eabi/lib/thumb/v7e-m\libc.a(lib_a-svfiprintf.o)
                0x00404e5c                __ssprint_r
 .text.__register_exitproc
                0x00404f58       0xc4 c:/program files (x86)/atmel/studio/7.0/toolchain/arm/arm-gnu-toolchain/bin/../lib/gcc/arm-none-eabi/6.3.1/../../../../arm-none-eabi/lib/thumb/v7e-m\libc.a(lib_a-__atexit.o)
                0x00404f58                __register_exitproc
 .text._calloc_r
                0x0040501c       0x60 c:/program files (x86)/atmel/studio/7.0/toolchain/arm/arm-gnu-toolchain/bin/../lib/gcc/arm-none-eabi/6.3.1/../../../../arm-none-eabi/lib/thumb/v7e-m\libc.a(lib_a-callocr.o)
                0x0040501c                _calloc_r
 .text._malloc_trim_r
                0x0040507c       0xa0 c:/program files (x86)/atmel/studio/7.0/toolchain/arm/arm-gnu-toolchain/bin/../lib/gcc/arm-none-eabi/6.3.1/../../../../arm-none-eabi/lib/thumb/v7e-m\libc.a(lib_a-freer.o)
                0x0040507c                _malloc_trim_r
 .text._free_r  0x0040511c      0x1cc c:/program files (x86)/atmel/studio/7.0/toolchain/arm/arm-gnu-toolchain/bin/../lib/gcc/arm-none-eabi/6.3.1/../../../../arm-none-eabi/lib/thumb/v7e-m\libc.a(lib_a-freer.o)
                0x0040511c                _free_r
 .text.__ascii_mbtowc
                0x004052e8       0x2c c:/program files (x86)/atmel/studio/7.0/toolchain/arm/arm-gnu-toolchain/bin/../lib/gcc/arm-none-eabi/6.3.1/../../../../arm-none-eabi/lib/thumb/v7e-m\libc.a(lib_a-mbtowc_r.o)
                0x004052e8                __ascii_mbtowc
 .text.memmove  0x00405314       0xc8 c:/program files (x86)/atmel/studio/7.0/toolchain/arm/arm-gnu-toolchain/bin/../lib/gcc/arm-none-eabi/6.3.1/../../../../arm-none-eabi/lib/thumb/v7e-m\libc.a(lib_a-memmove.o)
                0x00405314                memmove
 .text._realloc_r
                0x004053dc      0x34c c:/program files (x86)/atmel/studio/7.0/toolchain/arm/arm-gnu-toolchain/bin/../lib/gcc/arm-none-eabi/6.3.1/../../../../arm-none-eabi/lib/thumb/v7e-m\libc.a(lib_a-reallocr.o)
                0x004053dc                _realloc_r
 .text.__ascii_wctomb
                0x00405728       0x1c c:/program files (x86)/atmel/studio/7.0/toolchain/arm/arm-gnu-toolchain/bin/../lib/gcc/arm-none-eabi/6.3.1/../../../../arm-none-eabi/lib/thumb/v7e-m\libc.a(lib_a-wctomb_r.o)
                0x00405728                __ascii_wctomb
 .text          0x00405744      0x370 c:/program files (x86)/atmel/studio/7.0/toolchain/arm/arm-gnu-toolchain/bin/../lib/gcc/arm-none-eabi/6.3.1/thumb/v7e-m\libgcc.a(_arm_addsubdf3.o)
                0x00405744                __aeabi_drsub
                0x0040574c                __aeabi_dsub
                0x0040574c                __subdf3
                0x00405750                __aeabi_dadd
                0x00405750                __adddf3
                0x004059c8                __floatunsidf
                0x004059c8                __aeabi_ui2d
                0x004059e8                __floatsidf
                0x004059e8                __aeabi_i2d
                0x00405a0c                __aeabi_f2d
                0x00405a0c                __extendsfdf2
                0x00405a48                __floatundidf
                0x00405a48                __aeabi_ul2d
                0x00405a58                __floatdidf
                0x00405a58                __aeabi_l2d
 .text          0x00405ab4      0x424 c:/program files (x86)/atmel/studio/7.0/toolchain/arm/arm-gnu-toolchain/bin/../lib/gcc/arm-none-eabi/6.3.1/thumb/v7e-m\libgcc.a(_arm_muldivdf3.o)
                0x00405ab4                __aeabi_dmul
                0x00405ab4                __muldf3
                0x00405d08                __divdf3
                0x00405d08                __aeabi_ddiv
 .text          0x00405ed8      0x110 c:/program files (x86)/atmel/studio/7.0/toolchain/arm/arm-gnu-toolchain/bin/../lib/gcc/arm-none-eabi/6.3.1/thumb/v7e-m\libgcc.a(_arm_cmpdf2.o)
                0x00405ed8                __gtdf2
                0x00405ed8                __gedf2
                0x00405ee0                __ltdf2
                0x00405ee0                __ledf2
                0x00405ee8                __nedf2
                0x00405ee8                __eqdf2
                0x00405ee8                __cmpdf2
                0x00405f64                __aeabi_cdrcmple
                0x00405f74                __aeabi_cdcmpeq
                0x00405f74                __aeabi_cdcmple
                0x00405f84                __aeabi_dcmpeq
                0x00405f98                __aeabi_dcmplt
                0x00405fac                __aeabi_dcmple
                0x00405fc0                __aeabi_dcmpge
                0x00405fd4                __aeabi_dcmpgt
 .text          0x00405fe8       0x2c c:/program files (x86)/atmel/studio/7.0/toolchain/arm/arm-gnu-toolchain/bin/../lib/gcc/arm-none-eabi/6.3.1/thumb/v7e-m\libgcc.a(_arm_unorddf2.o)
                0x00405fe8                __unorddf2
                0x00405fe8                __aeabi_dcmpun
 .text          0x00406014       0x50 c:/program files (x86)/atmel/studio/7.0/toolchain/arm/arm-gnu-toolchain/bin/../lib/gcc/arm-none-eabi/6.3.1/thumb/v7e-m\libgcc.a(_arm_fixdfsi.o)
                0x00406014                __aeabi_d2iz
                0x00406014                __fixdfsi
 .text          0x00406064       0x30 c:/program files (x86)/atmel/studio/7.0/toolchain/arm/arm-gnu-toolchain/bin/../lib/gcc/arm-none-eabi/6.3.1/thumb/v7e-m\libgcc.a(_aeabi_uldivmod.o)
                0x00406064                __aeabi_uldivmod
 .text          0x00406094      0x2dc c:/program files (x86)/atmel/studio/7.0/toolchain/arm/arm-gnu-toolchain/bin/../lib/gcc/arm-none-eabi/6.3.1/thumb/v7e-m\libgcc.a(_udivmoddi4.o)
                0x00406094                __udivmoddi4
 .text          0x00406370        0x4 c:/program files (x86)/atmel/studio/7.0/toolchain/arm/arm-gnu-toolchain/bin/../lib/gcc/arm-none-eabi/6.3.1/thumb/v7e-m\libgcc.a(_dvmd_tls.o)
                0x00406370                __aeabi_idiv0
                0x00406370                __aeabi_ldiv0
 *(.glue_7t)
 .glue_7t       0x00406374        0x0 linker stubs
 *(.glue_7)
 .glue_7        0x00406374        0x0 linker stubs
 *(.rodata .rodata* .gnu.linkonce.r.*)
 .rodata.OV2640_JPEG
                0x00406374       0x12 src/camera_helper/ov2640_table_registers.o
                0x00406374                OV2640_JPEG
 *fill*         0x00406386        0x2 
 .rodata.OV2640_JPEG_1024x768
                0x00406388       0x4e src/camera_helper/ov2640_table_registers.o
                0x00406388                OV2640_JPEG_1024x768
 *fill*         0x004063d6        0x2 
 .rodata.OV2640_JPEG_1280x1024
                0x004063d8       0x52 src/camera_helper/ov2640_table_registers.o
                0x004063d8                OV2640_JPEG_1280x1024
 *fill*         0x0040642a        0x2 
 .rodata.OV2640_JPEG_1600x1200
                0x0040642c       0x52 src/camera_helper/ov2640_table_registers.o
                0x0040642c                OV2640_JPEG_1600x1200
 *fill*         0x0040647e        0x2 
 .rodata.OV2640_JPEG_320x240
                0x00406480       0x50 src/camera_helper/ov2640_table_registers.o
                0x00406480                OV2640_JPEG_320x240
 .rodata.OV2640_JPEG_640x480
                0x004064d0       0x52 src/camera_helper/ov2640_table_registers.o
                0x004064d0                OV2640_JPEG_640x480
 *fill*         0x00406522        0x2 
 .rodata.OV2640_JPEG_800x600
                0x00406524       0x52 src/camera_helper/ov2640_table_registers.o
                0x00406524                OV2640_JPEG_800x600
 *fill*         0x00406576        0x2 
 .rodata.OV2640_JPEG_INIT
                0x00406578      0x17e src/camera_helper/ov2640_table_registers.o
                0x00406578                OV2640_JPEG_INIT
 *fill*         0x004066f6        0x2 
 .rodata.OV2640_QQVGA_RGB888
                0x004066f8       0xf4 src/camera_helper/ov2640_table_registers.o
                0x004066f8                OV2640_QQVGA_RGB888
 .rodata.OV2640_QQVGA_YUV422
                0x004067ec       0xf4 src/camera_helper/ov2640_table_registers.o
                0x004067ec                OV2640_QQVGA_YUV422
 .rodata.OV2640_QVGA_RGB888
                0x004068e0       0xf4 src/camera_helper/ov2640_table_registers.o
                0x004068e0                OV2640_QVGA_RGB888
 .rodata.OV2640_QVGA_YUV422_10FPS
                0x004069d4       0xf0 src/camera_helper/ov2640_table_registers.o
                0x004069d4                OV2640_QVGA_YUV422_10FPS
 .rodata.OV2640_QVGA_YUV422_15FPS
                0x00406ac4       0xf0 src/camera_helper/ov2640_table_registers.o
                0x00406ac4                OV2640_QVGA_YUV422_15FPS
 .rodata.OV2640_QVGA_YUV422_20FPS
                0x00406bb4       0xf0 src/camera_helper/ov2640_table_registers.o
                0x00406bb4                OV2640_QVGA_YUV422_20FPS
 .rodata.OV2640_QVGA_YUV422_30FPS
                0x00406ca4       0xf0 src/camera_helper/ov2640_table_registers.o
                0x00406ca4                OV2640_QVGA_YUV422_30FPS
 .rodata.OV2640_TEST_PATTERN
                0x00406d94       0xf4 src/camera_helper/ov2640_table_registers.o
                0x00406d94                OV2640_TEST_PATTERN
 .rodata.OV2640_VGA_YUV422_20FPS
                0x00406e88       0xf0 src/camera_helper/ov2640_table_registers.o
                0x00406e88                OV2640_VGA_YUV422_20FPS
 .rodata.OV2640_YUV422
                0x00406f78       0x14 src/camera_helper/ov2640_table_registers.o
                0x00406f78                OV2640_YUV422
 .rodata        0x00406f8c       0x18 src/wifi.o
 .rodata.process_data_wifi.str1.4
                0x00406fa4        0x8 src/wifi.o
 .rodata.write_image_to_web.str1.4
                0x00406fac       0x13 src/wifi.o
 *fill*         0x00406fbf        0x1 
 .rodata.main.str1.4
                0x00406fc0       0x13 src/main.o
                                 0x1c (size before relaxing)
 *fill*         0x00406fd3        0x1 
 .rodata._global_impure_ptr
                0x00406fd4        0x4 c:/program files (x86)/atmel/studio/7.0/toolchain/arm/arm-gnu-toolchain/bin/../lib/gcc/arm-none-eabi/6.3.1/../../../../arm-none-eabi/lib/thumb/v7e-m\libc.a(lib_a-impure.o)
                0x00406fd4                _global_impure_ptr
 .rodata._svfprintf_r.str1.4
                0x00406fd8       0x42 c:/program files (x86)/atmel/studio/7.0/toolchain/arm/arm-gnu-toolchain/bin/../lib/gcc/arm-none-eabi/6.3.1/../../../../arm-none-eabi/lib/thumb/v7e-m\libc.a(lib_a-svfprintf.o)
 *fill*         0x0040701a        0x2 
 .rodata.blanks.7223
                0x0040701c       0x10 c:/program files (x86)/atmel/studio/7.0/toolchain/arm/arm-gnu-toolchain/bin/../lib/gcc/arm-none-eabi/6.3.1/../../../../arm-none-eabi/lib/thumb/v7e-m\libc.a(lib_a-svfprintf.o)
 .rodata.zeroes.7224
                0x0040702c       0x10 c:/program files (x86)/atmel/studio/7.0/toolchain/arm/arm-gnu-toolchain/bin/../lib/gcc/arm-none-eabi/6.3.1/../../../../arm-none-eabi/lib/thumb/v7e-m\libc.a(lib_a-svfprintf.o)
 .rodata._dtoa_r.str1.4
                0x0040703c       0x10 c:/program files (x86)/atmel/studio/7.0/toolchain/arm/arm-gnu-toolchain/bin/../lib/gcc/arm-none-eabi/6.3.1/../../../../arm-none-eabi/lib/thumb/v7e-m\libc.a(lib_a-dtoa.o)
                                 0x12 (size before relaxing)
 *fill*         0x0040704c        0x4 
 .rodata.__mprec_bigtens
                0x00407050       0x28 c:/program files (x86)/atmel/studio/7.0/toolchain/arm/arm-gnu-toolchain/bin/../lib/gcc/arm-none-eabi/6.3.1/../../../../arm-none-eabi/lib/thumb/v7e-m\libc.a(lib_a-mprec.o)
                0x00407050                __mprec_bigtens
 .rodata.__mprec_tens
                0x00407078       0xc8 c:/program files (x86)/atmel/studio/7.0/toolchain/arm/arm-gnu-toolchain/bin/../lib/gcc/arm-none-eabi/6.3.1/../../../../arm-none-eabi/lib/thumb/v7e-m\libc.a(lib_a-mprec.o)
                0x00407078                __mprec_tens
 .rodata.p05.6055
                0x00407140        0xc c:/program files (x86)/atmel/studio/7.0/toolchain/arm/arm-gnu-toolchain/bin/../lib/gcc/arm-none-eabi/6.3.1/../../../../arm-none-eabi/lib/thumb/v7e-m\libc.a(lib_a-mprec.o)
 .rodata._setlocale_r.str1.4
                0x0040714c        0xa c:/program files (x86)/atmel/studio/7.0/toolchain/arm/arm-gnu-toolchain/bin/../lib/gcc/arm-none-eabi/6.3.1/../../../../arm-none-eabi/lib/thumb/v7e-m\libc.a(lib_a-locale.o)
                                  0xd (size before relaxing)
 *fill*         0x00407156        0x2 
 .rodata.str1.4
                0x00407158        0x4 c:/program files (x86)/atmel/studio/7.0/toolchain/arm/arm-gnu-toolchain/bin/../lib/gcc/arm-none-eabi/6.3.1/../../../../arm-none-eabi/lib/thumb/v7e-m\libc.a(lib_a-locale.o)
                                  0x2 (size before relaxing)
 .rodata._ctype_
                0x0040715c      0x101 c:/program files (x86)/atmel/studio/7.0/toolchain/arm/arm-gnu-toolchain/bin/../lib/gcc/arm-none-eabi/6.3.1/../../../../arm-none-eabi/lib/thumb/v7e-m\libc.a(lib_a-ctype_.o)
                0x0040715c                _ctype_
 *(.ARM.extab* .gnu.linkonce.armextab.*)
                0x00407260                . = ALIGN (0x4)
 *fill*         0x0040725d        0x3 
 *(.init)
 .init          0x00407260        0x4 c:/program files (x86)/atmel/studio/7.0/toolchain/arm/arm-gnu-toolchain/bin/../lib/gcc/arm-none-eabi/6.3.1/thumb/v7e-m/crti.o
                0x00407260                _init
 .init          0x00407264        0x8 c:/program files (x86)/atmel/studio/7.0/toolchain/arm/arm-gnu-toolchain/bin/../lib/gcc/arm-none-eabi/6.3.1/thumb/v7e-m/crtn.o
                0x0040726c                . = ALIGN (0x4)
                0x0040726c                __preinit_array_start = .
 *(.preinit_array)
                0x0040726c                __preinit_array_end = .
                0x0040726c                . = ALIGN (0x4)
                0x0040726c                __init_array_start = .
 *(SORT(.init_array.*))
 .init_array.00000
                0x0040726c        0x4 c:/program files (x86)/atmel/studio/7.0/toolchain/arm/arm-gnu-toolchain/bin/../lib/gcc/arm-none-eabi/6.3.1/../../../../arm-none-eabi/lib/thumb/v7e-m\libc.a(lib_a-__call_atexit.o)
 *(.init_array)
 .init_array    0x00407270        0x4 c:/program files (x86)/atmel/studio/7.0/toolchain/arm/arm-gnu-toolchain/bin/../lib/gcc/arm-none-eabi/6.3.1/thumb/v7e-m/crtbegin.o
                0x00407274                __init_array_end = .
                0x00407274                . = ALIGN (0x4)
 *crtbegin.o(.ctors)
 *(EXCLUDE_FILE(*crtend.o) .ctors)
 *(SORT(.ctors.*))
 *crtend.o(.ctors)
                0x00407274                . = ALIGN (0x4)
 *(.fini)
 .fini          0x00407274        0x4 c:/program files (x86)/atmel/studio/7.0/toolchain/arm/arm-gnu-toolchain/bin/../lib/gcc/arm-none-eabi/6.3.1/thumb/v7e-m/crti.o
                0x00407274                _fini
 .fini          0x00407278        0x8 c:/program files (x86)/atmel/studio/7.0/toolchain/arm/arm-gnu-toolchain/bin/../lib/gcc/arm-none-eabi/6.3.1/thumb/v7e-m/crtn.o
                0x00407280                . = ALIGN (0x4)
                0x00407280                __fini_array_start = .
 *(.fini_array)
 .fini_array    0x00407280        0x4 c:/program files (x86)/atmel/studio/7.0/toolchain/arm/arm-gnu-toolchain/bin/../lib/gcc/arm-none-eabi/6.3.1/thumb/v7e-m/crtbegin.o
 *(SORT(.fini_array.*))
                0x00407284                __fini_array_end = .
 *crtbegin.o(.dtors)
 *(EXCLUDE_FILE(*crtend.o) .dtors)
 *(SORT(.dtors.*))
 *crtend.o(.dtors)
                0x00407284                . = ALIGN (0x4)
                0x00407284                _efixed = .
                [!provide]                PROVIDE (__exidx_start, .)

.vfp11_veneer   0x00407284        0x0
 .vfp11_veneer  0x00407284        0x0 linker stubs

.v4_bx          0x00407284        0x0
 .v4_bx         0x00407284        0x0 linker stubs

.iplt           0x00407284        0x0
 .iplt          0x00407284        0x0 c:/program files (x86)/atmel/studio/7.0/toolchain/arm/arm-gnu-toolchain/bin/../lib/gcc/arm-none-eabi/6.3.1/thumb/v7e-m/crtbegin.o

.ARM.exidx      0x00407284        0x8
 *(.ARM.exidx* .gnu.linkonce.armexidx.*)
 .ARM.exidx     0x00407284        0x8 c:/program files (x86)/atmel/studio/7.0/toolchain/arm/arm-gnu-toolchain/bin/../lib/gcc/arm-none-eabi/6.3.1/thumb/v7e-m\libgcc.a(_udivmoddi4.o)
                [!provide]                PROVIDE (__exidx_end, .)

.eh_frame       0x0040728c        0x0
 .eh_frame      0x0040728c        0x0 c:/program files (x86)/atmel/studio/7.0/toolchain/arm/arm-gnu-toolchain/bin/../lib/gcc/arm-none-eabi/6.3.1/thumb/v7e-m/crtbegin.o

.rel.dyn        0x0040728c        0x0
 .rel.iplt      0x0040728c        0x0 c:/program files (x86)/atmel/studio/7.0/toolchain/arm/arm-gnu-toolchain/bin/../lib/gcc/arm-none-eabi/6.3.1/thumb/v7e-m/crtbegin.o

.jcr            0x0040728c        0x0
 .jcr           0x0040728c        0x0 c:/program files (x86)/atmel/studio/7.0/toolchain/arm/arm-gnu-toolchain/bin/../lib/gcc/arm-none-eabi/6.3.1/thumb/v7e-m/crtbegin.o

.igot.plt       0x0040728c        0x0
 .igot.plt      0x0040728c        0x0 c:/program files (x86)/atmel/studio/7.0/toolchain/arm/arm-gnu-toolchain/bin/../lib/gcc/arm-none-eabi/6.3.1/thumb/v7e-m/crtbegin.o
                0x0040728c                . = ALIGN (0x4)
                0x0040728c                _etext = .

.relocate       0x20000000      0x9c0 load address 0x0040728c
                0x20000000                . = ALIGN (0x4)
                0x20000000                _srelocate = .
 *(.ramfunc .ramfunc.*)
 .ramfunc       0x20000000        0xa src/ASF/common/services/delay/sam/cycle_counter.o
                0x20000000                portable_delay_cycles
 *(.data .data.*)
 *fill*         0x2000000a        0x2 
 .data.SystemCoreClock
                0x2000000c        0x4 src/ASF/sam/utils/cmsis/sam4s/source/templates/system_sam4s.o
                0x2000000c                SystemCoreClock
 .data._impure_ptr
                0x20000010        0x4 c:/program files (x86)/atmel/studio/7.0/toolchain/arm/arm-gnu-toolchain/bin/../lib/gcc/arm-none-eabi/6.3.1/../../../../arm-none-eabi/lib/thumb/v7e-m\libc.a(lib_a-impure.o)
                0x20000010                _impure_ptr
 *fill*         0x20000014        0x4 
 .data.impure_data
                0x20000018      0x428 c:/program files (x86)/atmel/studio/7.0/toolchain/arm/arm-gnu-toolchain/bin/../lib/gcc/arm-none-eabi/6.3.1/../../../../arm-none-eabi/lib/thumb/v7e-m\libc.a(lib_a-impure.o)
 .data.__atexit_recursive_mutex
                0x20000440        0x4 c:/program files (x86)/atmel/studio/7.0/toolchain/arm/arm-gnu-toolchain/bin/../lib/gcc/arm-none-eabi/6.3.1/../../../../arm-none-eabi/lib/thumb/v7e-m\libc.a(lib_a-__call_atexit.o)
                0x20000440                __atexit_recursive_mutex
 .data.__malloc_av_
                0x20000444      0x408 c:/program files (x86)/atmel/studio/7.0/toolchain/arm/arm-gnu-toolchain/bin/../lib/gcc/arm-none-eabi/6.3.1/../../../../arm-none-eabi/lib/thumb/v7e-m\libc.a(lib_a-mallocr.o)
                0x20000444                __malloc_av_
 .data.__malloc_sbrk_base
                0x2000084c        0x4 c:/program files (x86)/atmel/studio/7.0/toolchain/arm/arm-gnu-toolchain/bin/../lib/gcc/arm-none-eabi/6.3.1/../../../../arm-none-eabi/lib/thumb/v7e-m\libc.a(lib_a-mallocr.o)
                0x2000084c                __malloc_sbrk_base
 .data.__malloc_trim_threshold
                0x20000850        0x4 c:/program files (x86)/atmel/studio/7.0/toolchain/arm/arm-gnu-toolchain/bin/../lib/gcc/arm-none-eabi/6.3.1/../../../../arm-none-eabi/lib/thumb/v7e-m\libc.a(lib_a-mallocr.o)
                0x20000850                __malloc_trim_threshold
 .data.__global_locale
                0x20000854      0x16c c:/program files (x86)/atmel/studio/7.0/toolchain/arm/arm-gnu-toolchain/bin/../lib/gcc/arm-none-eabi/6.3.1/../../../../arm-none-eabi/lib/thumb/v7e-m\libc.a(lib_a-locale.o)
                0x20000854                __global_locale
                0x200009c0                . = ALIGN (0x4)
                0x200009c0                _erelocate = .

.bss            0x200009c0      0x508 load address 0x00407c4c
                0x200009c0                . = ALIGN (0x4)
                0x200009c0                _sbss = .
                0x200009c0                _szero = .
 *(.bss .bss.*)
 .bss           0x200009c0       0x1c c:/program files (x86)/atmel/studio/7.0/toolchain/arm/arm-gnu-toolchain/bin/../lib/gcc/arm-none-eabi/6.3.1/thumb/v7e-m/crtbegin.o
 .bss.gs_interrupt_sources
                0x200009dc       0x70 src/ASF/sam/drivers/pio/pio_handler.o
 .bss.gs_ul_nb_sources
                0x20000a4c        0x4 src/ASF/sam/drivers/pio/pio_handler.o
 .bss.pio_capture_handler
                0x20000a50        0x4 src/ASF/sam/drivers/pio/pio_handler.o
 .bss.ul_reg_val.7523
                0x20000a54        0x4 src/ASF/sam/drivers/usart/usart.o
 .bss.input_pos_wifi
                0x20000a58        0x4 src/wifi.o
                0x20000a58                input_pos_wifi
 .bss.provision_flag
                0x20000a5c        0x1 src/wifi.o
                0x20000a5c                provision_flag
 *fill*         0x20000a5d        0x3 
 .bss.transfer_index
                0x20000a60        0x4 src/wifi.o
                0x20000a60                transfer_index
 .bss.transfer_len
                0x20000a64        0x4 src/wifi.o
                0x20000a64                transfer_len
 .bss.ul_sysclk.8915
                0x20000a68        0x4 src/wifi.o
 .bss.wifi_comm_success
                0x20000a6c        0x1 src/wifi.o
                0x20000a6c                wifi_comm_success
 *fill*         0x20000a6d        0x3 
 .bss.heap.5297
                0x20000a70        0x4 src/ASF/sam/utils/syscalls/gcc/syscalls.o
 .bss.__malloc_current_mallinfo
                0x20000a74       0x28 c:/program files (x86)/atmel/studio/7.0/toolchain/arm/arm-gnu-toolchain/bin/../lib/gcc/arm-none-eabi/6.3.1/../../../../arm-none-eabi/lib/thumb/v7e-m\libc.a(lib_a-mallocr.o)
                0x20000a74                __malloc_current_mallinfo
 .bss.__malloc_max_sbrked_mem
                0x20000a9c        0x4 c:/program files (x86)/atmel/studio/7.0/toolchain/arm/arm-gnu-toolchain/bin/../lib/gcc/arm-none-eabi/6.3.1/../../../../arm-none-eabi/lib/thumb/v7e-m\libc.a(lib_a-mallocr.o)
                0x20000a9c                __malloc_max_sbrked_mem
 .bss.__malloc_max_total_mem
                0x20000aa0        0x4 c:/program files (x86)/atmel/studio/7.0/toolchain/arm/arm-gnu-toolchain/bin/../lib/gcc/arm-none-eabi/6.3.1/../../../../arm-none-eabi/lib/thumb/v7e-m\libc.a(lib_a-mallocr.o)
                0x20000aa0                __malloc_max_total_mem
 .bss.__malloc_top_pad
                0x20000aa4        0x4 c:/program files (x86)/atmel/studio/7.0/toolchain/arm/arm-gnu-toolchain/bin/../lib/gcc/arm-none-eabi/6.3.1/../../../../arm-none-eabi/lib/thumb/v7e-m\libc.a(lib_a-mallocr.o)
                0x20000aa4                __malloc_top_pad
 *(COMMON)
 COMMON         0x20000aa8        0x4 src/ASF/sam/drivers/pio/pio.o
                0x20000aa8                pio_capture_enable_flag
 COMMON         0x20000aac        0x8 src/camera.o
                0x20000aac                g_image_buffer
                0x20000aad                g_vsync_flag
                0x20000ab0                g_image_length
 COMMON         0x20000ab4        0x1 src/timer_interface.o
                0x20000ab4                counts
 *fill*         0x20000ab5        0x3 
 COMMON         0x20000ab8      0x3e8 src/wifi.o
                0x20000ab8                input_line_wifi
 COMMON         0x20000ea0       0x21 c:/program files (x86)/atmel/studio/7.0/toolchain/arm/arm-gnu-toolchain/bin/../lib/gcc/arm-none-eabi/6.3.1/../../../../arm-none-eabi/lib/thumb/v7e-m\libc.a(lib_a-lock.o)
                0x20000ea0                __lock___atexit_recursive_mutex
                0x20000ea4                __lock___arc4random_mutex
                0x20000ea8                __lock___env_recursive_mutex
                0x20000eac                __lock___sinit_recursive_mutex
                0x20000eb0                __lock___malloc_recursive_mutex
                0x20000eb4                __lock___at_quick_exit_mutex
                0x20000eb8                __lock___dd_hash_mutex
                0x20000ebc                __lock___tz_mutex
                0x20000ec0                __lock___sfp_recursive_mutex
 *fill*         0x20000ec1        0x3 
 COMMON         0x20000ec4        0x4 c:/program files (x86)/atmel/studio/7.0/toolchain/arm/arm-gnu-toolchain/bin/../lib/gcc/arm-none-eabi/6.3.1/../../../../arm-none-eabi/lib/thumb/v7e-m\libc.a(lib_a-reent.o)
                0x20000ec4                errno
                0x20000ec8                . = ALIGN (0x4)
                0x20000ec8                _ebss = .
                0x20000ec8                _ezero = .

.stack          0x20000ec8     0x3000 load address 0x00408154
                0x20000ec8                . = ALIGN (0x8)
                0x20000ec8                _sstack = .
                0x20003ec8                . = (. + __stack_size__)
 *fill*         0x20000ec8     0x3000 
                0x20003ec8                . = ALIGN (0x8)
                0x20003ec8                _estack = .
                0x20003ec8                . = ALIGN (0x4)
                0x20003ec8                _end = .
OUTPUT(firmware.elf elf32-littlearm)

.ARM.attributes
                0x00000000       0x2a
 .ARM.attributes
                0x00000000       0x1e c:/program files (x86)/atmel/studio/7.0/toolchain/arm/arm-gnu-toolchain/bin/../lib/gcc/arm-none-eabi/6.3.1/thumb/v7e-m/crti.o
 .ARM.attributes
                0x0000001e       0x2e c:/program files (x86)/atmel/studio/7.0/toolchain/arm/arm-gnu-toolchain/bin/../lib/gcc/arm-none-eabi/6.3.1/thumb/v7e-m/crtbegin.o
 .ARM.attributes
                0x0000004c       0x33 src/ASF/common/services/clock/sam4s/sysclk.o
 .ARM.attributes
                0x0000007f       0x33 src/ASF/common/services/delay/sam/cycle_counter.o
 .ARM.attributes
                0x000000b2       0x33 src/ASF/sam/drivers/pio/pio.o
 .ARM.attributes
                0x000000e5       0x33 src/ASF/sam/drivers/pio/pio_handler.o
 .ARM.attributes
                0x00000118       0x33 src/ASF/sam/drivers/pmc/pmc.o
 .ARM.attributes
                0x0000014b       0x33 src/ASF/sam/drivers/tc/tc.o
 .ARM.attributes
                0x0000017e       0x33 src/ASF/sam/drivers/twi/twi.o
 .ARM.attributes
                0x000001b1       0x33 src/ASF/sam/drivers/usart/usart.o
 .ARM.attributes
                0x000001e4       0x33 src/camera.o
 .ARM.attributes
                0x00000217       0x33 src/camera_helper/ov2640.o
 .ARM.attributes
                0x0000024a       0x33 src/camera_helper/ov2640_table_registers.o
 .ARM.attributes
                0x0000027d       0x33 src/timer_interface.o
 .ARM.attributes
                0x000002b0       0x33 src/wifi.o
 .ARM.attributes
                0x000002e3       0x33 src/ASF/common/boards/user_board/init.o
 .ARM.attributes
                0x00000316       0x33 src/ASF/sam/utils/cmsis/sam4s/source/templates/gcc/startup_sam4s.o
 .ARM.attributes
                0x00000349       0x33 src/ASF/sam/utils/cmsis/sam4s/source/templates/system_sam4s.o
 .ARM.attributes
                0x0000037c       0x33 src/ASF/sam/utils/syscalls/gcc/syscalls.o
 .ARM.attributes
                0x000003af       0x33 src/main.o
 .ARM.attributes
                0x000003e2       0x2e c:/program files (x86)/atmel/studio/7.0/toolchain/arm/arm-gnu-toolchain/bin/../lib/gcc/arm-none-eabi/6.3.1/../../../../arm-none-eabi/lib/thumb/v7e-m\libc.a(lib_a-impure.o)
 .ARM.attributes
                0x00000410       0x2e c:/program files (x86)/atmel/studio/7.0/toolchain/arm/arm-gnu-toolchain/bin/../lib/gcc/arm-none-eabi/6.3.1/../../../../arm-none-eabi/lib/thumb/v7e-m\libc.a(lib_a-init.o)
 .ARM.attributes
                0x0000043e       0x2e c:/program files (x86)/atmel/studio/7.0/toolchain/arm/arm-gnu-toolchain/bin/../lib/gcc/arm-none-eabi/6.3.1/../../../../arm-none-eabi/lib/thumb/v7e-m\libc.a(lib_a-memset.o)
 .ARM.attributes
                0x0000046c       0x2e c:/program files (x86)/atmel/studio/7.0/toolchain/arm/arm-gnu-toolchain/bin/../lib/gcc/arm-none-eabi/6.3.1/../../../../arm-none-eabi/lib/thumb/v7e-m\libc.a(lib_a-sprintf.o)
 .ARM.attributes
                0x0000049a       0x2e c:/program files (x86)/atmel/studio/7.0/toolchain/arm/arm-gnu-toolchain/bin/../lib/gcc/arm-none-eabi/6.3.1/../../../../arm-none-eabi/lib/thumb/v7e-m\libc.a(lib_a-strstr.o)
 .ARM.attributes
                0x000004c8       0x2e c:/program files (x86)/atmel/studio/7.0/toolchain/arm/arm-gnu-toolchain/bin/../lib/gcc/arm-none-eabi/6.3.1/../../../../arm-none-eabi/lib/thumb/v7e-m\libc.a(lib_a-svfprintf.o)
 .ARM.attributes
                0x000004f6       0x2e c:/program files (x86)/atmel/studio/7.0/toolchain/arm/arm-gnu-toolchain/bin/../lib/gcc/arm-none-eabi/6.3.1/../../../../arm-none-eabi/lib/thumb/v7e-m\libc.a(lib_a-__call_atexit.o)
 .ARM.attributes
                0x00000524       0x2e c:/program files (x86)/atmel/studio/7.0/toolchain/arm/arm-gnu-toolchain/bin/../lib/gcc/arm-none-eabi/6.3.1/../../../../arm-none-eabi/lib/thumb/v7e-m\libc.a(lib_a-atexit.o)
 .ARM.attributes
                0x00000552       0x2e c:/program files (x86)/atmel/studio/7.0/toolchain/arm/arm-gnu-toolchain/bin/../lib/gcc/arm-none-eabi/6.3.1/../../../../arm-none-eabi/lib/thumb/v7e-m\libc.a(lib_a-dtoa.o)
 .ARM.attributes
                0x00000580       0x2e c:/program files (x86)/atmel/studio/7.0/toolchain/arm/arm-gnu-toolchain/bin/../lib/gcc/arm-none-eabi/6.3.1/../../../../arm-none-eabi/lib/thumb/v7e-m\libc.a(lib_a-fini.o)
 .ARM.attributes
                0x000005ae       0x2e c:/program files (x86)/atmel/studio/7.0/toolchain/arm/arm-gnu-toolchain/bin/../lib/gcc/arm-none-eabi/6.3.1/../../../../arm-none-eabi/lib/thumb/v7e-m\libc.a(lib_a-localeconv.o)
 .ARM.attributes
                0x000005dc       0x2e c:/program files (x86)/atmel/studio/7.0/toolchain/arm/arm-gnu-toolchain/bin/../lib/gcc/arm-none-eabi/6.3.1/../../../../arm-none-eabi/lib/thumb/v7e-m\libc.a(lib_a-lock.o)
 .ARM.attributes
                0x0000060a       0x2e c:/program files (x86)/atmel/studio/7.0/toolchain/arm/arm-gnu-toolchain/bin/../lib/gcc/arm-none-eabi/6.3.1/../../../../arm-none-eabi/lib/thumb/v7e-m\libc.a(lib_a-mallocr.o)
 .ARM.attributes
                0x00000638       0x1c c:/program files (x86)/atmel/studio/7.0/toolchain/arm/arm-gnu-toolchain/bin/../lib/gcc/arm-none-eabi/6.3.1/../../../../arm-none-eabi/lib/thumb/v7e-m\libc.a(lib_a-memchr.o)
 .ARM.attributes
                0x00000654       0x2e c:/program files (x86)/atmel/studio/7.0/toolchain/arm/arm-gnu-toolchain/bin/../lib/gcc/arm-none-eabi/6.3.1/../../../../arm-none-eabi/lib/thumb/v7e-m\libc.a(lib_a-memcmp.o)
 .ARM.attributes
                0x00000682       0x1c c:/program files (x86)/atmel/studio/7.0/toolchain/arm/arm-gnu-toolchain/bin/../lib/gcc/arm-none-eabi/6.3.1/../../../../arm-none-eabi/lib/thumb/v7e-m\libc.a(lib_a-memcpy.o)
 .ARM.attributes
                0x0000069e       0x2e c:/program files (x86)/atmel/studio/7.0/toolchain/arm/arm-gnu-toolchain/bin/../lib/gcc/arm-none-eabi/6.3.1/../../../../arm-none-eabi/lib/thumb/v7e-m\libc.a(lib_a-mlock.o)
 .ARM.attributes
                0x000006cc       0x2e c:/program files (x86)/atmel/studio/7.0/toolchain/arm/arm-gnu-toolchain/bin/../lib/gcc/arm-none-eabi/6.3.1/../../../../arm-none-eabi/lib/thumb/v7e-m\libc.a(lib_a-mprec.o)
 .ARM.attributes
                0x000006fa       0x2e c:/program files (x86)/atmel/studio/7.0/toolchain/arm/arm-gnu-toolchain/bin/../lib/gcc/arm-none-eabi/6.3.1/../../../../arm-none-eabi/lib/thumb/v7e-m\libc.a(lib_a-sbrkr.o)
 .ARM.attributes
                0x00000728       0x2e c:/program files (x86)/atmel/studio/7.0/toolchain/arm/arm-gnu-toolchain/bin/../lib/gcc/arm-none-eabi/6.3.1/../../../../arm-none-eabi/lib/thumb/v7e-m\libc.a(lib_a-strchr.o)
 .ARM.attributes
                0x00000756       0x1c c:/program files (x86)/atmel/studio/7.0/toolchain/arm/arm-gnu-toolchain/bin/../lib/gcc/arm-none-eabi/6.3.1/../../../../arm-none-eabi/lib/thumb/v7e-m\libc.a(lib_a-strlen.o)
 .ARM.attributes
                0x00000772       0x2e c:/program files (x86)/atmel/studio/7.0/toolchain/arm/arm-gnu-toolchain/bin/../lib/gcc/arm-none-eabi/6.3.1/../../../../arm-none-eabi/lib/thumb/v7e-m\libc.a(lib_a-svfiprintf.o)
 .ARM.attributes
                0x000007a0       0x2e c:/program files (x86)/atmel/studio/7.0/toolchain/arm/arm-gnu-toolchain/bin/../lib/gcc/arm-none-eabi/6.3.1/../../../../arm-none-eabi/lib/thumb/v7e-m\libc.a(lib_a-__atexit.o)
 .ARM.attributes
                0x000007ce       0x2e c:/program files (x86)/atmel/studio/7.0/toolchain/arm/arm-gnu-toolchain/bin/../lib/gcc/arm-none-eabi/6.3.1/../../../../arm-none-eabi/lib/thumb/v7e-m\libc.a(lib_a-callocr.o)
 .ARM.attributes
                0x000007fc       0x2e c:/program files (x86)/atmel/studio/7.0/toolchain/arm/arm-gnu-toolchain/bin/../lib/gcc/arm-none-eabi/6.3.1/../../../../arm-none-eabi/lib/thumb/v7e-m\libc.a(lib_a-freer.o)
 .ARM.attributes
                0x0000082a       0x2e c:/program files (x86)/atmel/studio/7.0/toolchain/arm/arm-gnu-toolchain/bin/../lib/gcc/arm-none-eabi/6.3.1/../../../../arm-none-eabi/lib/thumb/v7e-m\libc.a(lib_a-locale.o)
 .ARM.attributes
                0x00000858       0x2e c:/program files (x86)/atmel/studio/7.0/toolchain/arm/arm-gnu-toolchain/bin/../lib/gcc/arm-none-eabi/6.3.1/../../../../arm-none-eabi/lib/thumb/v7e-m\libc.a(lib_a-mbtowc_r.o)
 .ARM.attributes
                0x00000886       0x2e c:/program files (x86)/atmel/studio/7.0/toolchain/arm/arm-gnu-toolchain/bin/../lib/gcc/arm-none-eabi/6.3.1/../../../../arm-none-eabi/lib/thumb/v7e-m\libc.a(lib_a-memmove.o)
 .ARM.attributes
                0x000008b4       0x2e c:/program files (x86)/atmel/studio/7.0/toolchain/arm/arm-gnu-toolchain/bin/../lib/gcc/arm-none-eabi/6.3.1/../../../../arm-none-eabi/lib/thumb/v7e-m\libc.a(lib_a-reallocr.o)
 .ARM.attributes
                0x000008e2       0x2e c:/program files (x86)/atmel/studio/7.0/toolchain/arm/arm-gnu-toolchain/bin/../lib/gcc/arm-none-eabi/6.3.1/../../../../arm-none-eabi/lib/thumb/v7e-m\libc.a(lib_a-reent.o)
 .ARM.attributes
                0x00000910       0x2e c:/program files (x86)/atmel/studio/7.0/toolchain/arm/arm-gnu-toolchain/bin/../lib/gcc/arm-none-eabi/6.3.1/../../../../arm-none-eabi/lib/thumb/v7e-m\libc.a(lib_a-wctomb_r.o)
 .ARM.attributes
                0x0000093e       0x2e c:/program files (x86)/atmel/studio/7.0/toolchain/arm/arm-gnu-toolchain/bin/../lib/gcc/arm-none-eabi/6.3.1/../../../../arm-none-eabi/lib/thumb/v7e-m\libc.a(lib_a-ctype_.o)
 .ARM.attributes
                0x0000096c       0x1e c:/program files (x86)/atmel/studio/7.0/toolchain/arm/arm-gnu-toolchain/bin/../lib/gcc/arm-none-eabi/6.3.1/thumb/v7e-m\libgcc.a(_arm_addsubdf3.o)
 .ARM.attributes
                0x0000098a       0x1e c:/program files (x86)/atmel/studio/7.0/toolchain/arm/arm-gnu-toolchain/bin/../lib/gcc/arm-none-eabi/6.3.1/thumb/v7e-m\libgcc.a(_arm_muldivdf3.o)
 .ARM.attributes
                0x000009a8       0x1e c:/program files (x86)/atmel/studio/7.0/toolchain/arm/arm-gnu-toolchain/bin/../lib/gcc/arm-none-eabi/6.3.1/thumb/v7e-m\libgcc.a(_arm_cmpdf2.o)
 .ARM.attributes
                0x000009c6       0x1e c:/program files (x86)/atmel/studio/7.0/toolchain/arm/arm-gnu-toolchain/bin/../lib/gcc/arm-none-eabi/6.3.1/thumb/v7e-m\libgcc.a(_arm_unorddf2.o)
 .ARM.attributes
                0x000009e4       0x1e c:/program files (x86)/atmel/studio/7.0/toolchain/arm/arm-gnu-toolchain/bin/../lib/gcc/arm-none-eabi/6.3.1/thumb/v7e-m\libgcc.a(_arm_fixdfsi.o)
 .ARM.attributes
                0x00000a02       0x1e c:/program files (x86)/atmel/studio/7.0/toolchain/arm/arm-gnu-toolchain/bin/../lib/gcc/arm-none-eabi/6.3.1/thumb/v7e-m\libgcc.a(_aeabi_uldivmod.o)
 .ARM.attributes
                0x00000a20       0x2e c:/program files (x86)/atmel/studio/7.0/toolchain/arm/arm-gnu-toolchain/bin/../lib/gcc/arm-none-eabi/6.3.1/thumb/v7e-m\libgcc.a(_udivmoddi4.o)
 .ARM.attributes
                0x00000a4e       0x1e c:/program files (x86)/atmel/studio/7.0/toolchain/arm/arm-gnu-toolchain/bin/../lib/gcc/arm-none-eabi/6.3.1/thumb/v7e-m\libgcc.a(_dvmd_tls.o)
 .ARM.attributes
                0x00000a6c       0x1e c:/program files (x86)/atmel/studio/7.0/toolchain/arm/arm-gnu-toolchain/bin/../lib/gcc/arm-none-eabi/6.3.1/thumb/v7e-m/crtn.o

.comment        0x00000000       0x59
 .comment       0x00000000       0x59 src/ASF/common/services/clock/sam4s/sysclk.o
                                 0x5a (size before relaxing)
 .comment       0x00000059       0x5a src/ASF/common/services/delay/sam/cycle_counter.o
 .comment       0x00000059       0x5a src/ASF/sam/drivers/pio/pio.o
 .comment       0x00000059       0x5a src/ASF/sam/drivers/pio/pio_handler.o
 .comment       0x00000059       0x5a src/ASF/sam/drivers/pmc/pmc.o
 .comment       0x00000059       0x5a src/ASF/sam/drivers/tc/tc.o
 .comment       0x00000059       0x5a src/ASF/sam/drivers/twi/twi.o
 .comment       0x00000059       0x5a src/ASF/sam/drivers/usart/usart.o
 .comment       0x00000059       0x5a src/camera.o
 .comment       0x00000059       0x5a src/camera_helper/ov2640.o
 .comment       0x00000059       0x5a src/camera_helper/ov2640_table_registers.o
 .comment       0x00000059       0x5a src/timer_interface.o
 .comment       0x00000059       0x5a src/wifi.o
 .comment       0x00000059       0x5a src/ASF/common/boards/user_board/init.o
 .comment       0x00000059       0x5a src/ASF/sam/utils/cmsis/sam4s/source/templates/gcc/startup_sam4s.o
 .comment       0x00000059       0x5a src/ASF/sam/utils/cmsis/sam4s/source/templates/system_sam4s.o
 .comment       0x00000059       0x5a src/ASF/sam/utils/syscalls/gcc/syscalls.o
 .comment       0x00000059       0x5a src/main.o

.debug_info     0x00000000    0x17074
 .debug_info    0x00000000     0x12c2 src/ASF/common/services/clock/sam4s/sysclk.o
 .debug_info    0x000012c2      0xa45 src/ASF/common/services/delay/sam/cycle_counter.o
 .debug_info    0x00001d07     0x221d src/ASF/sam/drivers/pio/pio.o
 .debug_info    0x00003f24     0x18c9 src/ASF/sam/drivers/pio/pio_handler.o
 .debug_info    0x000057ed     0x19bc src/ASF/sam/drivers/pmc/pmc.o
 .debug_info    0x000071a9     0x123c src/ASF/sam/drivers/tc/tc.o
 .debug_info    0x000083e5     0x1428 src/ASF/sam/drivers/twi/twi.o
 .debug_info    0x0000980d     0x205d src/ASF/sam/drivers/usart/usart.o
 .debug_info    0x0000b86a     0x1fa6 src/camera.o
 .debug_info    0x0000d810     0x1ca6 src/camera_helper/ov2640.o
 .debug_info    0x0000f4b6      0xc72 src/camera_helper/ov2640_table_registers.o
 .debug_info    0x00010128     0x1080 src/timer_interface.o
 .debug_info    0x000111a8     0x24b5 src/wifi.o
 .debug_info    0x0001365d      0xa39 src/ASF/common/boards/user_board/init.o
 .debug_info    0x00014096      0x6d2 src/ASF/sam/utils/cmsis/sam4s/source/templates/gcc/startup_sam4s.o
 .debug_info    0x00014768      0x458 src/ASF/sam/utils/cmsis/sam4s/source/templates/system_sam4s.o
 .debug_info    0x00014bc0      0xdb0 src/ASF/sam/utils/syscalls/gcc/syscalls.o
 .debug_info    0x00015970     0x1704 src/main.o

.debug_abbrev   0x00000000     0x3398
 .debug_abbrev  0x00000000      0x333 src/ASF/common/services/clock/sam4s/sysclk.o
 .debug_abbrev  0x00000333      0x1b3 src/ASF/common/services/delay/sam/cycle_counter.o
 .debug_abbrev  0x000004e6      0x3ff src/ASF/sam/drivers/pio/pio.o
 .debug_abbrev  0x000008e5      0x37f src/ASF/sam/drivers/pio/pio_handler.o
 .debug_abbrev  0x00000c64      0x315 src/ASF/sam/drivers/pmc/pmc.o
 .debug_abbrev  0x00000f79      0x293 src/ASF/sam/drivers/tc/tc.o
 .debug_abbrev  0x0000120c      0x39c src/ASF/sam/drivers/twi/twi.o
 .debug_abbrev  0x000015a8      0x406 src/ASF/sam/drivers/usart/usart.o
 .debug_abbrev  0x000019ae      0x3c3 src/camera.o
 .debug_abbrev  0x00001d71      0x3b0 src/camera_helper/ov2640.o
 .debug_abbrev  0x00002121      0x1b4 src/camera_helper/ov2640_table_registers.o
 .debug_abbrev  0x000022d5      0x2b8 src/timer_interface.o
 .debug_abbrev  0x0000258d      0x441 src/wifi.o
 .debug_abbrev  0x000029ce      0x1a4 src/ASF/common/boards/user_board/init.o
 .debug_abbrev  0x00002b72      0x15e src/ASF/sam/utils/cmsis/sam4s/source/templates/gcc/startup_sam4s.o
 .debug_abbrev  0x00002cd0      0x102 src/ASF/sam/utils/cmsis/sam4s/source/templates/system_sam4s.o
 .debug_abbrev  0x00002dd2      0x264 src/ASF/sam/utils/syscalls/gcc/syscalls.o
 .debug_abbrev  0x00003036      0x362 src/main.o

.debug_loc      0x00000000     0x51fd
 .debug_loc     0x00000000      0x1d9 src/ASF/common/services/clock/sam4s/sysclk.o
 .debug_loc     0x000001d9      0xdef src/ASF/sam/drivers/pio/pio.o
 .debug_loc     0x00000fc8      0x531 src/ASF/sam/drivers/pio/pio_handler.o
 .debug_loc     0x000014f9      0xb91 src/ASF/sam/drivers/pmc/pmc.o
 .debug_loc     0x0000208a      0x5a4 src/ASF/sam/drivers/tc/tc.o
 .debug_loc     0x0000262e      0xa21 src/ASF/sam/drivers/twi/twi.o
 .debug_loc     0x0000304f      0xe59 src/ASF/sam/drivers/usart/usart.o
 .debug_loc     0x00003ea8      0x270 src/camera.o
 .debug_loc     0x00004118      0x9a9 src/camera_helper/ov2640.o
 .debug_loc     0x00004ac1       0x6c src/timer_interface.o
 .debug_loc     0x00004b2d      0x444 src/wifi.o
 .debug_loc     0x00004f71       0xa1 src/ASF/sam/utils/cmsis/sam4s/source/templates/gcc/startup_sam4s.o
 .debug_loc     0x00005012       0xfd src/ASF/sam/utils/syscalls/gcc/syscalls.o
 .debug_loc     0x0000510f       0xee src/main.o

.debug_aranges  0x00000000      0xaa0
 .debug_aranges
                0x00000000       0x40 src/ASF/common/services/clock/sam4s/sysclk.o
 .debug_aranges
                0x00000040       0x20 src/ASF/common/services/delay/sam/cycle_counter.o
 .debug_aranges
                0x00000060      0x1a8 src/ASF/sam/drivers/pio/pio.o
 .debug_aranges
                0x00000208       0x50 src/ASF/sam/drivers/pio/pio_handler.o
 .debug_aranges
                0x00000258      0x208 src/ASF/sam/drivers/pmc/pmc.o
 .debug_aranges
                0x00000460       0xd0 src/ASF/sam/drivers/tc/tc.o
 .debug_aranges
                0x00000530       0xc8 src/ASF/sam/drivers/twi/twi.o
 .debug_aranges
                0x000005f8      0x210 src/ASF/sam/drivers/usart/usart.o
 .debug_aranges
                0x00000808       0x60 src/camera.o
 .debug_aranges
                0x00000868       0x78 src/camera_helper/ov2640.o
 .debug_aranges
                0x000008e0       0x18 src/camera_helper/ov2640_table_registers.o
 .debug_aranges
                0x000008f8       0x28 src/timer_interface.o
 .debug_aranges
                0x00000920       0x88 src/wifi.o
 .debug_aranges
                0x000009a8       0x20 src/ASF/common/boards/user_board/init.o
 .debug_aranges
                0x000009c8       0x28 src/ASF/sam/utils/cmsis/sam4s/source/templates/gcc/startup_sam4s.o
 .debug_aranges
                0x000009f0       0x30 src/ASF/sam/utils/cmsis/sam4s/source/templates/system_sam4s.o
 .debug_aranges
                0x00000a20       0x60 src/ASF/sam/utils/syscalls/gcc/syscalls.o
 .debug_aranges
                0x00000a80       0x20 src/main.o

.debug_ranges   0x00000000      0xa40
 .debug_ranges  0x00000000       0x30 src/ASF/common/services/clock/sam4s/sysclk.o
 .debug_ranges  0x00000030       0x10 src/ASF/common/services/delay/sam/cycle_counter.o
 .debug_ranges  0x00000040      0x1b0 src/ASF/sam/drivers/pio/pio.o
 .debug_ranges  0x000001f0       0x58 src/ASF/sam/drivers/pio/pio_handler.o
 .debug_ranges  0x00000248      0x1f8 src/ASF/sam/drivers/pmc/pmc.o
 .debug_ranges  0x00000440       0xc0 src/ASF/sam/drivers/tc/tc.o
 .debug_ranges  0x00000500       0xb8 src/ASF/sam/drivers/twi/twi.o
 .debug_ranges  0x000005b8      0x200 src/ASF/sam/drivers/usart/usart.o
 .debug_ranges  0x000007b8       0x50 src/camera.o
 .debug_ranges  0x00000808       0x80 src/camera_helper/ov2640.o
 .debug_ranges  0x00000888       0x18 src/timer_interface.o
 .debug_ranges  0x000008a0       0x90 src/wifi.o
 .debug_ranges  0x00000930       0x10 src/ASF/common/boards/user_board/init.o
 .debug_ranges  0x00000940       0x18 src/ASF/sam/utils/cmsis/sam4s/source/templates/gcc/startup_sam4s.o
 .debug_ranges  0x00000958       0x20 src/ASF/sam/utils/cmsis/sam4s/source/templates/system_sam4s.o
 .debug_ranges  0x00000978       0x50 src/ASF/sam/utils/syscalls/gcc/syscalls.o
 .debug_ranges  0x000009c8       0x78 src/main.o

.debug_macro    0x00000000    0x151c3
 .debug_macro   0x00000000      0x56e src/ASF/common/services/clock/sam4s/sysclk.o
 .debug_macro   0x0000056e      0x8c8 src/ASF/common/services/clock/sam4s/sysclk.o
 .debug_macro   0x00000e36      0x71d src/ASF/common/services/clock/sam4s/sysclk.o
 .debug_macro   0x00001553       0x46 src/ASF/common/services/clock/sam4s/sysclk.o
 .debug_macro   0x00001599      0x16d src/ASF/common/services/clock/sam4s/sysclk.o
 .debug_macro   0x00001706       0x76 src/ASF/common/services/clock/sam4s/sysclk.o
 .debug_macro   0x0000177c       0x16 src/ASF/common/services/clock/sam4s/sysclk.o
 .debug_macro   0x00001792      0x6da src/ASF/common/services/clock/sam4s/sysclk.o
 .debug_macro   0x00001e6c       0x22 src/ASF/common/services/clock/sam4s/sysclk.o
 .debug_macro   0x00001e8e       0x87 src/ASF/common/services/clock/sam4s/sysclk.o
 .debug_macro   0x00001f15       0x51 src/ASF/common/services/clock/sam4s/sysclk.o
 .debug_macro   0x00001f66       0xef src/ASF/common/services/clock/sam4s/sysclk.o
 .debug_macro   0x00002055       0x6a src/ASF/common/services/clock/sam4s/sysclk.o
 .debug_macro   0x000020bf      0x1df src/ASF/common/services/clock/sam4s/sysclk.o
 .debug_macro   0x0000229e       0x27 src/ASF/common/services/clock/sam4s/sysclk.o
 .debug_macro   0x000022c5       0x1c src/ASF/common/services/clock/sam4s/sysclk.o
 .debug_macro   0x000022e1       0x22 src/ASF/common/services/clock/sam4s/sysclk.o
 .debug_macro   0x00002303       0xdf src/ASF/common/services/clock/sam4s/sysclk.o
 .debug_macro   0x000023e2     0x102d src/ASF/common/services/clock/sam4s/sysclk.o
 .debug_macro   0x0000340f      0x11f src/ASF/common/services/clock/sam4s/sysclk.o
 .debug_macro   0x0000352e      0x154 src/ASF/common/services/clock/sam4s/sysclk.o
 .debug_macro   0x00003682      0xaa5 src/ASF/common/services/clock/sam4s/sysclk.o
 .debug_macro   0x00004127      0x1b4 src/ASF/common/services/clock/sam4s/sysclk.o
 .debug_macro   0x000042db       0xac src/ASF/common/services/clock/sam4s/sysclk.o
 .debug_macro   0x00004387      0x3f7 src/ASF/common/services/clock/sam4s/sysclk.o
 .debug_macro   0x0000477e      0x106 src/ASF/common/services/clock/sam4s/sysclk.o
 .debug_macro   0x00004884       0x1c src/ASF/common/services/clock/sam4s/sysclk.o
 .debug_macro   0x000048a0      0x72f src/ASF/common/services/clock/sam4s/sysclk.o
 .debug_macro   0x00004fcf      0x2c9 src/ASF/common/services/clock/sam4s/sysclk.o
 .debug_macro   0x00005298       0xbe src/ASF/common/services/clock/sam4s/sysclk.o
 .debug_macro   0x00005356     0x2807 src/ASF/common/services/clock/sam4s/sysclk.o
 .debug_macro   0x00007b5d      0x76e src/ASF/common/services/clock/sam4s/sysclk.o
 .debug_macro   0x000082cb      0xa84 src/ASF/common/services/clock/sam4s/sysclk.o
 .debug_macro   0x00008d4f       0x9a src/ASF/common/services/clock/sam4s/sysclk.o
 .debug_macro   0x00008de9      0x3cf src/ASF/common/services/clock/sam4s/sysclk.o
 .debug_macro   0x000091b8       0x64 src/ASF/common/services/clock/sam4s/sysclk.o
 .debug_macro   0x0000921c      0x37c src/ASF/common/services/clock/sam4s/sysclk.o
 .debug_macro   0x00009598      0x61b src/ASF/common/services/clock/sam4s/sysclk.o
 .debug_macro   0x00009bb3      0x686 src/ASF/common/services/clock/sam4s/sysclk.o
 .debug_macro   0x0000a239      0x595 src/ASF/common/services/clock/sam4s/sysclk.o
 .debug_macro   0x0000a7ce      0x344 src/ASF/common/services/clock/sam4s/sysclk.o
 .debug_macro   0x0000ab12      0x283 src/ASF/common/services/clock/sam4s/sysclk.o
 .debug_macro   0x0000ad95      0x2cd src/ASF/common/services/clock/sam4s/sysclk.o
 .debug_macro   0x0000b062      0x6cf src/ASF/common/services/clock/sam4s/sysclk.o
 .debug_macro   0x0000b731       0x76 src/ASF/common/services/clock/sam4s/sysclk.o
 .debug_macro   0x0000b7a7       0xb8 src/ASF/common/services/clock/sam4s/sysclk.o
 .debug_macro   0x0000b85f       0xb2 src/ASF/common/services/clock/sam4s/sysclk.o
 .debug_macro   0x0000b911       0x88 src/ASF/common/services/clock/sam4s/sysclk.o
 .debug_macro   0x0000b999      0x100 src/ASF/common/services/clock/sam4s/sysclk.o
 .debug_macro   0x0000ba99       0x88 src/ASF/common/services/clock/sam4s/sysclk.o
 .debug_macro   0x0000bb21       0x88 src/ASF/common/services/clock/sam4s/sysclk.o
 .debug_macro   0x0000bba9      0x2cd src/ASF/common/services/clock/sam4s/sysclk.o
 .debug_macro   0x0000be76       0xb2 src/ASF/common/services/clock/sam4s/sysclk.o
 .debug_macro   0x0000bf28       0xb2 src/ASF/common/services/clock/sam4s/sysclk.o
 .debug_macro   0x0000bfda       0x52 src/ASF/common/services/clock/sam4s/sysclk.o
 .debug_macro   0x0000c02c       0xac src/ASF/common/services/clock/sam4s/sysclk.o
 .debug_macro   0x0000c0d8       0x7c src/ASF/common/services/clock/sam4s/sysclk.o
 .debug_macro   0x0000c154       0x40 src/ASF/common/services/clock/sam4s/sysclk.o
 .debug_macro   0x0000c194       0x64 src/ASF/common/services/clock/sam4s/sysclk.o
 .debug_macro   0x0000c1f8       0x4c src/ASF/common/services/clock/sam4s/sysclk.o
 .debug_macro   0x0000c244       0xa6 src/ASF/common/services/clock/sam4s/sysclk.o
 .debug_macro   0x0000c2ea       0x7c src/ASF/common/services/clock/sam4s/sysclk.o
 .debug_macro   0x0000c366       0x16 src/ASF/common/services/clock/sam4s/sysclk.o
 .debug_macro   0x0000c37c       0x7c src/ASF/common/services/clock/sam4s/sysclk.o
 .debug_macro   0x0000c3f8       0x22 src/ASF/common/services/clock/sam4s/sysclk.o
 .debug_macro   0x0000c41a      0x18b src/ASF/common/services/clock/sam4s/sysclk.o
 .debug_macro   0x0000c5a5      0x15b src/ASF/common/services/clock/sam4s/sysclk.o
 .debug_macro   0x0000c700       0x1c src/ASF/common/services/clock/sam4s/sysclk.o
 .debug_macro   0x0000c71c       0x2e src/ASF/common/services/clock/sam4s/sysclk.o
 .debug_macro   0x0000c74a       0x22 src/ASF/common/services/clock/sam4s/sysclk.o
 .debug_macro   0x0000c76c       0x1c src/ASF/common/services/clock/sam4s/sysclk.o
 .debug_macro   0x0000c788       0x52 src/ASF/common/services/clock/sam4s/sysclk.o
 .debug_macro   0x0000c7da       0x10 src/ASF/common/services/clock/sam4s/sysclk.o
 .debug_macro   0x0000c7ea      0x1e7 src/ASF/common/services/clock/sam4s/sysclk.o
 .debug_macro   0x0000c9d1      0x605 src/ASF/common/services/clock/sam4s/sysclk.o
 .debug_macro   0x0000cfd6      0x107 src/ASF/common/services/clock/sam4s/sysclk.o
 .debug_macro   0x0000d0dd       0x58 src/ASF/common/services/clock/sam4s/sysclk.o
 .debug_macro   0x0000d135       0x35 src/ASF/common/services/clock/sam4s/sysclk.o
 .debug_macro   0x0000d16a       0x9c src/ASF/common/services/clock/sam4s/sysclk.o
 .debug_macro   0x0000d206       0x16 src/ASF/common/services/clock/sam4s/sysclk.o
 .debug_macro   0x0000d21c       0x35 src/ASF/common/services/clock/sam4s/sysclk.o
 .debug_macro   0x0000d251      0x34d src/ASF/common/services/clock/sam4s/sysclk.o
 .debug_macro   0x0000d59e       0x10 src/ASF/common/services/clock/sam4s/sysclk.o
 .debug_macro   0x0000d5ae       0x58 src/ASF/common/services/clock/sam4s/sysclk.o
 .debug_macro   0x0000d606       0x1f src/ASF/common/services/clock/sam4s/sysclk.o
 .debug_macro   0x0000d625       0x43 src/ASF/common/services/clock/sam4s/sysclk.o
 .debug_macro   0x0000d668       0x20 src/ASF/common/services/clock/sam4s/sysclk.o
 .debug_macro   0x0000d688      0x187 src/ASF/common/services/clock/sam4s/sysclk.o
 .debug_macro   0x0000d80f       0x10 src/ASF/common/services/clock/sam4s/sysclk.o
 .debug_macro   0x0000d81f       0x1c src/ASF/common/services/clock/sam4s/sysclk.o
 .debug_macro   0x0000d83b       0x52 src/ASF/common/services/clock/sam4s/sysclk.o
 .debug_macro   0x0000d88d       0x40 src/ASF/common/services/clock/sam4s/sysclk.o
 .debug_macro   0x0000d8cd       0x10 src/ASF/common/services/clock/sam4s/sysclk.o
 .debug_macro   0x0000d8dd       0x40 src/ASF/common/services/clock/sam4s/sysclk.o
 .debug_macro   0x0000d91d       0xd7 src/ASF/common/services/clock/sam4s/sysclk.o
 .debug_macro   0x0000d9f4       0x16 src/ASF/common/services/clock/sam4s/sysclk.o
 .debug_macro   0x0000da0a      0x18b src/ASF/common/services/clock/sam4s/sysclk.o
 .debug_macro   0x0000db95       0x22 src/ASF/common/services/clock/sam4s/sysclk.o
 .debug_macro   0x0000dbb7       0x16 src/ASF/common/services/clock/sam4s/sysclk.o
 .debug_macro   0x0000dbcd       0x16 src/ASF/common/services/clock/sam4s/sysclk.o
 .debug_macro   0x0000dbe3       0x29 src/ASF/common/services/clock/sam4s/sysclk.o
 .debug_macro   0x0000dc0c       0x73 src/ASF/common/services/clock/sam4s/sysclk.o
 .debug_macro   0x0000dc7f       0x3e src/ASF/common/services/clock/sam4s/sysclk.o
 .debug_macro   0x0000dcbd      0x3ca src/ASF/common/services/clock/sam4s/sysclk.o
 .debug_macro   0x0000e087      0x2d9 src/ASF/common/services/clock/sam4s/sysclk.o
 .debug_macro   0x0000e360       0x58 src/ASF/common/services/clock/sam4s/sysclk.o
 .debug_macro   0x0000e3b8       0x82 src/ASF/common/services/clock/sam4s/sysclk.o
 .debug_macro   0x0000e43a       0x46 src/ASF/common/services/clock/sam4s/sysclk.o
 .debug_macro   0x0000e480       0x90 src/ASF/common/services/clock/sam4s/sysclk.o
 .debug_macro   0x0000e510      0x502 src/ASF/common/services/delay/sam/cycle_counter.o
 .debug_macro   0x0000ea12       0x22 src/ASF/common/services/delay/sam/cycle_counter.o
 .debug_macro   0x0000ea34      0x508 src/ASF/sam/drivers/pio/pio.o
 .debug_macro   0x0000ef3c       0x8e src/ASF/sam/drivers/pio/pio.o
 .debug_macro   0x0000efca      0x512 src/ASF/sam/drivers/pio/pio_handler.o
 .debug_macro   0x0000f4dc      0x508 src/ASF/sam/drivers/pmc/pmc.o
 .debug_macro   0x0000f9e4       0x52 src/ASF/sam/drivers/pmc/pmc.o
 .debug_macro   0x0000fa36      0x508 src/ASF/sam/drivers/tc/tc.o
 .debug_macro   0x0000ff3e       0x52 src/ASF/sam/drivers/tc/tc.o
 .debug_macro   0x0000ff90       0x8d src/ASF/sam/drivers/tc/tc.o
 .debug_macro   0x0001001d       0x16 src/ASF/sam/drivers/tc/tc.o
 .debug_macro   0x00010033       0x57 src/ASF/sam/drivers/tc/tc.o
 .debug_macro   0x0001008a       0x1c src/ASF/sam/drivers/tc/tc.o
 .debug_macro   0x000100a6      0x52c src/ASF/sam/drivers/twi/twi.o
 .debug_macro   0x000105d2       0x46 src/ASF/sam/drivers/twi/twi.o
 .debug_macro   0x00010618      0x538 src/ASF/sam/drivers/usart/usart.o
 .debug_macro   0x00010b50       0x28 src/ASF/sam/drivers/usart/usart.o
 .debug_macro   0x00010b78      0x667 src/camera.o
 .debug_macro   0x000111df       0x4c src/camera.o
 .debug_macro   0x0001122b       0x28 src/camera.o
 .debug_macro   0x00011253       0x22 src/camera.o
 .debug_macro   0x00011275       0x94 src/camera.o
 .debug_macro   0x00011309      0x3fb src/camera.o
 .debug_macro   0x00011704       0x46 src/camera.o
 .debug_macro   0x0001174a       0x88 src/camera.o
 .debug_macro   0x000117d2       0x16 src/camera.o
 .debug_macro   0x000117e8       0x10 src/camera.o
 .debug_macro   0x000117f8       0x4c src/camera.o
 .debug_macro   0x00011844      0x5cb src/camera_helper/ov2640.o
 .debug_macro   0x00011e0f       0x16 src/camera_helper/ov2640.o
 .debug_macro   0x00011e25      0x5a7 src/camera_helper/ov2640_table_registers.o
 .debug_macro   0x000123cc      0x67b src/timer_interface.o
 .debug_macro   0x00012a47       0x40 src/timer_interface.o
 .debug_macro   0x00012a87      0x685 src/wifi.o
 .debug_macro   0x0001310c      0x142 src/wifi.o
 .debug_macro   0x0001324e       0x10 src/wifi.o
 .debug_macro   0x0001325e      0x646 src/ASF/common/boards/user_board/init.o
 .debug_macro   0x000138a4      0x2f4 src/ASF/sam/utils/cmsis/sam4s/source/templates/gcc/startup_sam4s.o
 .debug_macro   0x00013b98      0x2fc src/ASF/sam/utils/cmsis/sam4s/source/templates/system_sam4s.o
 .debug_macro   0x00013e94      0x1d6 src/ASF/sam/utils/syscalls/gcc/syscalls.o
 .debug_macro   0x0001406a       0x97 src/ASF/sam/utils/syscalls/gcc/syscalls.o
 .debug_macro   0x00014101      0x353 src/ASF/sam/utils/syscalls/gcc/syscalls.o
 .debug_macro   0x00014454       0xf6 src/ASF/sam/utils/syscalls/gcc/syscalls.o
 .debug_macro   0x0001454a       0x4c src/ASF/sam/utils/syscalls/gcc/syscalls.o
 .debug_macro   0x00014596       0x16 src/ASF/sam/utils/syscalls/gcc/syscalls.o
 .debug_macro   0x000145ac       0x10 src/ASF/sam/utils/syscalls/gcc/syscalls.o
 .debug_macro   0x000145bc       0x10 src/ASF/sam/utils/syscalls/gcc/syscalls.o
 .debug_macro   0x000145cc       0x35 src/ASF/sam/utils/syscalls/gcc/syscalls.o
 .debug_macro   0x00014601      0x122 src/ASF/sam/utils/syscalls/gcc/syscalls.o
 .debug_macro   0x00014723      0x69f src/main.o
 .debug_macro   0x00014dc2      0x401 src/main.o

.debug_line     0x00000000     0xe1e7
 .debug_line    0x00000000      0xbc8 src/ASF/common/services/clock/sam4s/sysclk.o
 .debug_line    0x00000bc8      0xa3f src/ASF/common/services/delay/sam/cycle_counter.o
 .debug_line    0x00001607      0xee8 src/ASF/sam/drivers/pio/pio.o
 .debug_line    0x000024ef      0xafe src/ASF/sam/drivers/pio/pio_handler.o
 .debug_line    0x00002fed      0xfcf src/ASF/sam/drivers/pmc/pmc.o
 .debug_line    0x00003fbc      0xbd7 src/ASF/sam/drivers/tc/tc.o
 .debug_line    0x00004b93      0xc9d src/ASF/sam/drivers/twi/twi.o
 .debug_line    0x00005830      0xfb5 src/ASF/sam/drivers/usart/usart.o
 .debug_line    0x000067e5      0xf71 src/camera.o
 .debug_line    0x00007756      0xdec src/camera_helper/ov2640.o
 .debug_line    0x00008542      0xbfb src/camera_helper/ov2640_table_registers.o
 .debug_line    0x0000913d      0xea1 src/timer_interface.o
 .debug_line    0x00009fde     0x102f src/wifi.o
 .debug_line    0x0000b00d      0xe36 src/ASF/common/boards/user_board/init.o
 .debug_line    0x0000be43      0x80c src/ASF/sam/utils/cmsis/sam4s/source/templates/gcc/startup_sam4s.o
 .debug_line    0x0000c64f      0x83d src/ASF/sam/utils/cmsis/sam4s/source/templates/system_sam4s.o
 .debug_line    0x0000ce8c      0x40b src/ASF/sam/utils/syscalls/gcc/syscalls.o
 .debug_line    0x0000d297      0xf50 src/main.o

.debug_str      0x00000000    0x51d11
 .debug_str     0x00000000    0x4b917 src/ASF/common/services/clock/sam4s/sysclk.o
                              0x4bd28 (size before relaxing)
 .debug_str     0x0004b917      0x1a9 src/ASF/common/services/delay/sam/cycle_counter.o
                              0x4a757 (size before relaxing)
 .debug_str     0x0004bac0      0xbd6 src/ASF/sam/drivers/pio/pio.o
                              0x4b1f7 (size before relaxing)
 .debug_str     0x0004c696      0x38d src/ASF/sam/drivers/pio/pio_handler.o
                              0x4b0fb (size before relaxing)
 .debug_str     0x0004ca23      0x5d4 src/ASF/sam/drivers/pmc/pmc.o
                              0x4b043 (size before relaxing)
 .debug_str     0x0004cff7      0x35f src/ASF/sam/drivers/tc/tc.o
                              0x4a942 (size before relaxing)
 .debug_str     0x0004d356      0x4aa src/ASF/sam/drivers/twi/twi.o
                              0x4ab22 (size before relaxing)
 .debug_str     0x0004d800      0x958 src/ASF/sam/drivers/usart/usart.o
                              0x4afdc (size before relaxing)
 .debug_str     0x0004e158     0x214d src/camera.o
                              0x4eab0 (size before relaxing)
 .debug_str     0x000502a5      0x1e9 src/camera_helper/ov2640.o
                              0x4dea4 (size before relaxing)
 .debug_str     0x0005048e       0x2e src/camera_helper/ov2640_table_registers.o
                              0x4d661 (size before relaxing)
 .debug_str     0x000504bc       0x5f src/timer_interface.o
                              0x4cbcf (size before relaxing)
 .debug_str     0x0005051b      0xb3c src/wifi.o
                              0x4dbf5 (size before relaxing)
 .debug_str     0x00051057       0x36 src/ASF/common/boards/user_board/init.o
                              0x4c76e (size before relaxing)
 .debug_str     0x0005108d      0x428 src/ASF/sam/utils/cmsis/sam4s/source/templates/gcc/startup_sam4s.o
                              0x3a1f9 (size before relaxing)
 .debug_str     0x000514b5       0xb9 src/ASF/sam/utils/cmsis/sam4s/source/templates/system_sam4s.o
                              0x39f9e (size before relaxing)
 .debug_str     0x0005156e      0x77b src/ASF/sam/utils/syscalls/gcc/syscalls.o
                               0x73fe (size before relaxing)
 .debug_str     0x00051ce9       0x28 src/main.o
                              0x4ebf4 (size before relaxing)

.debug_frame    0x00000000     0x23e8
 .debug_frame   0x00000000       0x88 src/ASF/common/services/clock/sam4s/sysclk.o
 .debug_frame   0x00000088       0x20 src/ASF/common/services/delay/sam/cycle_counter.o
 .debug_frame   0x000000a8      0x384 src/ASF/sam/drivers/pio/pio.o
 .debug_frame   0x0000042c       0xdc src/ASF/sam/drivers/pio/pio_handler.o
 .debug_frame   0x00000508      0x408 src/ASF/sam/drivers/pmc/pmc.o
 .debug_frame   0x00000910      0x1a8 src/ASF/sam/drivers/tc/tc.o
 .debug_frame   0x00000ab8      0x1d4 src/ASF/sam/drivers/twi/twi.o
 .debug_frame   0x00000c8c      0x48c src/ASF/sam/drivers/usart/usart.o
 .debug_frame   0x00001118       0xe0 src/camera.o
 .debug_frame   0x000011f8      0x190 src/camera_helper/ov2640.o
 .debug_frame   0x00001388       0x48 src/timer_interface.o
 .debug_frame   0x000013d0      0x168 src/wifi.o
 .debug_frame   0x00001538       0x20 src/ASF/common/boards/user_board/init.o
 .debug_frame   0x00001558       0x38 src/ASF/sam/utils/cmsis/sam4s/source/templates/gcc/startup_sam4s.o
 .debug_frame   0x00001590       0x40 src/ASF/sam/utils/cmsis/sam4s/source/templates/system_sam4s.o
 .debug_frame   0x000015d0       0xa0 src/ASF/sam/utils/syscalls/gcc/syscalls.o
 .debug_frame   0x00001670       0x28 src/main.o
 .debug_frame   0x00001698       0x2c c:/program files (x86)/atmel/studio/7.0/toolchain/arm/arm-gnu-toolchain/bin/../lib/gcc/arm-none-eabi/6.3.1/../../../../arm-none-eabi/lib/thumb/v7e-m\libc.a(lib_a-init.o)
 .debug_frame   0x000016c4       0x34 c:/program files (x86)/atmel/studio/7.0/toolchain/arm/arm-gnu-toolchain/bin/../lib/gcc/arm-none-eabi/6.3.1/../../../../arm-none-eabi/lib/thumb/v7e-m\libc.a(lib_a-memset.o)
 .debug_frame   0x000016f8       0x84 c:/program files (x86)/atmel/studio/7.0/toolchain/arm/arm-gnu-toolchain/bin/../lib/gcc/arm-none-eabi/6.3.1/../../../../arm-none-eabi/lib/thumb/v7e-m\libc.a(lib_a-sprintf.o)
 .debug_frame   0x0000177c       0xd8 c:/program files (x86)/atmel/studio/7.0/toolchain/arm/arm-gnu-toolchain/bin/../lib/gcc/arm-none-eabi/6.3.1/../../../../arm-none-eabi/lib/thumb/v7e-m\libc.a(lib_a-strstr.o)
 .debug_frame   0x00001854       0x40 c:/program files (x86)/atmel/studio/7.0/toolchain/arm/arm-gnu-toolchain/bin/../lib/gcc/arm-none-eabi/6.3.1/../../../../arm-none-eabi/lib/thumb/v7e-m\libc.a(lib_a-svfprintf.o)
 .debug_frame   0x00001894       0x5c c:/program files (x86)/atmel/studio/7.0/toolchain/arm/arm-gnu-toolchain/bin/../lib/gcc/arm-none-eabi/6.3.1/../../../../arm-none-eabi/lib/thumb/v7e-m\libc.a(lib_a-__call_atexit.o)
 .debug_frame   0x000018f0       0x20 c:/program files (x86)/atmel/studio/7.0/toolchain/arm/arm-gnu-toolchain/bin/../lib/gcc/arm-none-eabi/6.3.1/../../../../arm-none-eabi/lib/thumb/v7e-m\libc.a(lib_a-atexit.o)
 .debug_frame   0x00001910       0x88 c:/program files (x86)/atmel/studio/7.0/toolchain/arm/arm-gnu-toolchain/bin/../lib/gcc/arm-none-eabi/6.3.1/../../../../arm-none-eabi/lib/thumb/v7e-m\libc.a(lib_a-dtoa.o)
 .debug_frame   0x00001998       0x34 c:/program files (x86)/atmel/studio/7.0/toolchain/arm/arm-gnu-toolchain/bin/../lib/gcc/arm-none-eabi/6.3.1/../../../../arm-none-eabi/lib/thumb/v7e-m\libc.a(lib_a-fini.o)
 .debug_frame   0x000019cc       0x40 c:/program files (x86)/atmel/studio/7.0/toolchain/arm/arm-gnu-toolchain/bin/../lib/gcc/arm-none-eabi/6.3.1/../../../../arm-none-eabi/lib/thumb/v7e-m\libc.a(lib_a-localeconv.o)
 .debug_frame   0x00001a0c       0xb0 c:/program files (x86)/atmel/studio/7.0/toolchain/arm/arm-gnu-toolchain/bin/../lib/gcc/arm-none-eabi/6.3.1/../../../../arm-none-eabi/lib/thumb/v7e-m\libc.a(lib_a-lock.o)
 .debug_frame   0x00001abc       0x58 c:/program files (x86)/atmel/studio/7.0/toolchain/arm/arm-gnu-toolchain/bin/../lib/gcc/arm-none-eabi/6.3.1/../../../../arm-none-eabi/lib/thumb/v7e-m\libc.a(lib_a-mallocr.o)
 .debug_frame   0x00001b14       0x3c c:/program files (x86)/atmel/studio/7.0/toolchain/arm/arm-gnu-toolchain/bin/../lib/gcc/arm-none-eabi/6.3.1/../../../../arm-none-eabi/lib/thumb/v7e-m\libc.a(lib_a-memcmp.o)
 .debug_frame   0x00001b50       0x30 c:/program files (x86)/atmel/studio/7.0/toolchain/arm/arm-gnu-toolchain/bin/../lib/gcc/arm-none-eabi/6.3.1/../../../../arm-none-eabi/lib/thumb/v7e-m\libc.a(lib_a-mlock.o)
 .debug_frame   0x00001b80      0x25c c:/program files (x86)/atmel/studio/7.0/toolchain/arm/arm-gnu-toolchain/bin/../lib/gcc/arm-none-eabi/6.3.1/../../../../arm-none-eabi/lib/thumb/v7e-m\libc.a(lib_a-mprec.o)
 .debug_frame   0x00001ddc       0x2c c:/program files (x86)/atmel/studio/7.0/toolchain/arm/arm-gnu-toolchain/bin/../lib/gcc/arm-none-eabi/6.3.1/../../../../arm-none-eabi/lib/thumb/v7e-m\libc.a(lib_a-sbrkr.o)
 .debug_frame   0x00001e08       0x50 c:/program files (x86)/atmel/studio/7.0/toolchain/arm/arm-gnu-toolchain/bin/../lib/gcc/arm-none-eabi/6.3.1/../../../../arm-none-eabi/lib/thumb/v7e-m\libc.a(lib_a-strchr.o)
 .debug_frame   0x00001e58       0x78 c:/program files (x86)/atmel/studio/7.0/toolchain/arm/arm-gnu-toolchain/bin/../lib/gcc/arm-none-eabi/6.3.1/../../../../arm-none-eabi/lib/thumb/v7e-m\libc.a(lib_a-svfiprintf.o)
 .debug_frame   0x00001ed0       0x34 c:/program files (x86)/atmel/studio/7.0/toolchain/arm/arm-gnu-toolchain/bin/../lib/gcc/arm-none-eabi/6.3.1/../../../../arm-none-eabi/lib/thumb/v7e-m\libc.a(lib_a-__atexit.o)
 .debug_frame   0x00001f04       0x28 c:/program files (x86)/atmel/studio/7.0/toolchain/arm/arm-gnu-toolchain/bin/../lib/gcc/arm-none-eabi/6.3.1/../../../../arm-none-eabi/lib/thumb/v7e-m\libc.a(lib_a-callocr.o)
 .debug_frame   0x00001f2c       0x74 c:/program files (x86)/atmel/studio/7.0/toolchain/arm/arm-gnu-toolchain/bin/../lib/gcc/arm-none-eabi/6.3.1/../../../../arm-none-eabi/lib/thumb/v7e-m\libc.a(lib_a-freer.o)
 .debug_frame   0x00001fa0       0x6c c:/program files (x86)/atmel/studio/7.0/toolchain/arm/arm-gnu-toolchain/bin/../lib/gcc/arm-none-eabi/6.3.1/../../../../arm-none-eabi/lib/thumb/v7e-m\libc.a(lib_a-locale.o)
 .debug_frame   0x0000200c       0x4c c:/program files (x86)/atmel/studio/7.0/toolchain/arm/arm-gnu-toolchain/bin/../lib/gcc/arm-none-eabi/6.3.1/../../../../arm-none-eabi/lib/thumb/v7e-m\libc.a(lib_a-mbtowc_r.o)
 .debug_frame   0x00002058       0x30 c:/program files (x86)/atmel/studio/7.0/toolchain/arm/arm-gnu-toolchain/bin/../lib/gcc/arm-none-eabi/6.3.1/../../../../arm-none-eabi/lib/thumb/v7e-m\libc.a(lib_a-memmove.o)
 .debug_frame   0x00002088       0x68 c:/program files (x86)/atmel/studio/7.0/toolchain/arm/arm-gnu-toolchain/bin/../lib/gcc/arm-none-eabi/6.3.1/../../../../arm-none-eabi/lib/thumb/v7e-m\libc.a(lib_a-reallocr.o)
 .debug_frame   0x000020f0       0x58 c:/program files (x86)/atmel/studio/7.0/toolchain/arm/arm-gnu-toolchain/bin/../lib/gcc/arm-none-eabi/6.3.1/../../../../arm-none-eabi/lib/thumb/v7e-m\libc.a(lib_a-reent.o)
 .debug_frame   0x00002148       0x3c c:/program files (x86)/atmel/studio/7.0/toolchain/arm/arm-gnu-toolchain/bin/../lib/gcc/arm-none-eabi/6.3.1/../../../../arm-none-eabi/lib/thumb/v7e-m\libc.a(lib_a-wctomb_r.o)
 .debug_frame   0x00002184       0xac c:/program files (x86)/atmel/studio/7.0/toolchain/arm/arm-gnu-toolchain/bin/../lib/gcc/arm-none-eabi/6.3.1/thumb/v7e-m\libgcc.a(_arm_addsubdf3.o)
 .debug_frame   0x00002230       0x50 c:/program files (x86)/atmel/studio/7.0/toolchain/arm/arm-gnu-toolchain/bin/../lib/gcc/arm-none-eabi/6.3.1/thumb/v7e-m\libgcc.a(_arm_muldivdf3.o)
 .debug_frame   0x00002280       0xc4 c:/program files (x86)/atmel/studio/7.0/toolchain/arm/arm-gnu-toolchain/bin/../lib/gcc/arm-none-eabi/6.3.1/thumb/v7e-m\libgcc.a(_arm_cmpdf2.o)
 .debug_frame   0x00002344       0x20 c:/program files (x86)/atmel/studio/7.0/toolchain/arm/arm-gnu-toolchain/bin/../lib/gcc/arm-none-eabi/6.3.1/thumb/v7e-m\libgcc.a(_arm_unorddf2.o)
 .debug_frame   0x00002364       0x24 c:/program files (x86)/atmel/studio/7.0/toolchain/arm/arm-gnu-toolchain/bin/../lib/gcc/arm-none-eabi/6.3.1/thumb/v7e-m\libgcc.a(_arm_fixdfsi.o)
 .debug_frame   0x00002388       0x2c c:/program files (x86)/atmel/studio/7.0/toolchain/arm/arm-gnu-toolchain/bin/../lib/gcc/arm-none-eabi/6.3.1/thumb/v7e-m\libgcc.a(_aeabi_uldivmod.o)
 .debug_frame   0x000023b4       0x34 c:/program files (x86)/atmel/studio/7.0/toolchain/arm/arm-gnu-toolchain/bin/../lib/gcc/arm-none-eabi/6.3.1/thumb/v7e-m\libgcc.a(_udivmoddi4.o)

Cross Reference Table
