Archive member included to satisfy reference by file (symbol)

c:/program files (x86)/atmel/studio/7.0/toolchain/arm/arm-gnu-toolchain/bin/../lib/gcc/arm-none-eabi/6.3.1/../../../../arm-none-eabi/lib/thumb/v7e-m\libc.a(lib_a-exit.o)
                              c:/program files (x86)/atmel/studio/7.0/toolchain/arm/arm-gnu-toolchain/bin/../lib/gcc/arm-none-eabi/6.3.1/../../../../arm-none-eabi/lib/thumb/v7e-m/crt0.o (exit)
c:/program files (x86)/atmel/studio/7.0/toolchain/arm/arm-gnu-toolchain/bin/../lib/gcc/arm-none-eabi/6.3.1/../../../../arm-none-eabi/lib/thumb/v7e-m\libc.a(lib_a-impure.o)
                              c:/program files (x86)/atmel/studio/7.0/toolchain/arm/arm-gnu-toolchain/bin/../lib/gcc/arm-none-eabi/6.3.1/../../../../arm-none-eabi/lib/thumb/v7e-m\libc.a(lib_a-exit.o) (_global_impure_ptr)
c:/program files (x86)/atmel/studio/7.0/toolchain/arm/arm-gnu-toolchain/bin/../lib/gcc/arm-none-eabi/6.3.1/../../../../arm-none-eabi/lib/thumb/v7e-m\libc.a(lib_a-init.o)
                              c:/program files (x86)/atmel/studio/7.0/toolchain/arm/arm-gnu-toolchain/bin/../lib/gcc/arm-none-eabi/6.3.1/../../../../arm-none-eabi/lib/thumb/v7e-m/crt0.o (__libc_init_array)
c:/program files (x86)/atmel/studio/7.0/toolchain/arm/arm-gnu-toolchain/bin/../lib/gcc/arm-none-eabi/6.3.1/../../../../arm-none-eabi/lib/thumb/v7e-m\libc.a(lib_a-memset.o)
                              c:/program files (x86)/atmel/studio/7.0/toolchain/arm/arm-gnu-toolchain/bin/../lib/gcc/arm-none-eabi/6.3.1/../../../../arm-none-eabi/lib/thumb/v7e-m/crt0.o (memset)
c:/program files (x86)/atmel/studio/7.0/toolchain/arm/arm-gnu-toolchain/bin/../lib/gcc/arm-none-eabi/6.3.1/../../../../arm-none-eabi/lib/thumb/v7e-m\libc.a(lib_a-sprintf.o)
                              src/wifi.o (sprintf)
c:/program files (x86)/atmel/studio/7.0/toolchain/arm/arm-gnu-toolchain/bin/../lib/gcc/arm-none-eabi/6.3.1/../../../../arm-none-eabi/lib/thumb/v7e-m\libc.a(lib_a-strstr.o)
                              src/wifi.o (strstr)
c:/program files (x86)/atmel/studio/7.0/toolchain/arm/arm-gnu-toolchain/bin/../lib/gcc/arm-none-eabi/6.3.1/../../../../arm-none-eabi/lib/thumb/v7e-m\libc.a(lib_a-svfprintf.o)
                              c:/program files (x86)/atmel/studio/7.0/toolchain/arm/arm-gnu-toolchain/bin/../lib/gcc/arm-none-eabi/6.3.1/../../../../arm-none-eabi/lib/thumb/v7e-m\libc.a(lib_a-sprintf.o) (_svfprintf_r)
c:/program files (x86)/atmel/studio/7.0/toolchain/arm/arm-gnu-toolchain/bin/../lib/gcc/arm-none-eabi/6.3.1/../../../../arm-none-eabi/lib/thumb/v7e-m\libc.a(lib_a-__call_atexit.o)
                              c:/program files (x86)/atmel/studio/7.0/toolchain/arm/arm-gnu-toolchain/bin/../lib/gcc/arm-none-eabi/6.3.1/../../../../arm-none-eabi/lib/thumb/v7e-m\libc.a(lib_a-exit.o) (__call_exitprocs)
c:/program files (x86)/atmel/studio/7.0/toolchain/arm/arm-gnu-toolchain/bin/../lib/gcc/arm-none-eabi/6.3.1/../../../../arm-none-eabi/lib/thumb/v7e-m\libc.a(lib_a-atexit.o)
                              c:/program files (x86)/atmel/studio/7.0/toolchain/arm/arm-gnu-toolchain/bin/../lib/gcc/arm-none-eabi/6.3.1/../../../../arm-none-eabi/lib/thumb/v7e-m\libc.a(lib_a-__call_atexit.o) (atexit)
c:/program files (x86)/atmel/studio/7.0/toolchain/arm/arm-gnu-toolchain/bin/../lib/gcc/arm-none-eabi/6.3.1/../../../../arm-none-eabi/lib/thumb/v7e-m\libc.a(lib_a-dtoa.o)
                              c:/program files (x86)/atmel/studio/7.0/toolchain/arm/arm-gnu-toolchain/bin/../lib/gcc/arm-none-eabi/6.3.1/../../../../arm-none-eabi/lib/thumb/v7e-m\libc.a(lib_a-svfprintf.o) (_dtoa_r)
c:/program files (x86)/atmel/studio/7.0/toolchain/arm/arm-gnu-toolchain/bin/../lib/gcc/arm-none-eabi/6.3.1/../../../../arm-none-eabi/lib/thumb/v7e-m\libc.a(lib_a-fini.o)
                              c:/program files (x86)/atmel/studio/7.0/toolchain/arm/arm-gnu-toolchain/bin/../lib/gcc/arm-none-eabi/6.3.1/../../../../arm-none-eabi/lib/thumb/v7e-m\libc.a(lib_a-__call_atexit.o) (__libc_fini_array)
c:/program files (x86)/atmel/studio/7.0/toolchain/arm/arm-gnu-toolchain/bin/../lib/gcc/arm-none-eabi/6.3.1/../../../../arm-none-eabi/lib/thumb/v7e-m\libc.a(lib_a-localeconv.o)
                              c:/program files (x86)/atmel/studio/7.0/toolchain/arm/arm-gnu-toolchain/bin/../lib/gcc/arm-none-eabi/6.3.1/../../../../arm-none-eabi/lib/thumb/v7e-m\libc.a(lib_a-svfprintf.o) (_localeconv_r)
c:/program files (x86)/atmel/studio/7.0/toolchain/arm/arm-gnu-toolchain/bin/../lib/gcc/arm-none-eabi/6.3.1/../../../../arm-none-eabi/lib/thumb/v7e-m\libc.a(lib_a-lock.o)
                              c:/program files (x86)/atmel/studio/7.0/toolchain/arm/arm-gnu-toolchain/bin/../lib/gcc/arm-none-eabi/6.3.1/../../../../arm-none-eabi/lib/thumb/v7e-m\libc.a(lib_a-__call_atexit.o) (__retarget_lock_acquire_recursive)
c:/program files (x86)/atmel/studio/7.0/toolchain/arm/arm-gnu-toolchain/bin/../lib/gcc/arm-none-eabi/6.3.1/../../../../arm-none-eabi/lib/thumb/v7e-m\libc.a(lib_a-mallocr.o)
[...]
Memory Configuration

Name             Origin             Length             Attributes
rom              0x00400000         0x00080000         xr
ram              0x20000000         0x00020000         xrw
*default*        0x00000000         0xffffffff

Linker script and memory map

LOAD c:/program files (x86)/atmel/studio/7.0/toolchain/arm/arm-gnu-toolchain/bin/../lib/gcc/arm-none-eabi/6.3.1/thumb/v7e-m/crti.o
LOAD c:/program files (x86)/atmel/studio/7.0/toolchain/arm/arm-gnu-toolchain/bin/../lib/gcc/arm-none-eabi/6.3.1/thumb/v7e-m/crtbegin.o
LOAD c:/program files (x86)/atmel/studio/7.0/toolchain/arm/arm-gnu-toolchain/bin/../lib/gcc/arm-none-eabi/6.3.1/../../../../arm-none-eabi/lib/thumb/v7e-m/crt0.o
LOAD src/ASF/common/services/clock/sam4s/sysclk.o
LOAD src/ASF/common/services/delay/sam/cycle_counter.o
LOAD src/ASF/common/services/serial/usart_serial.o
LOAD src/ASF/sam/drivers/pdc/pdc.o
LOAD src/ASF/sam/drivers/pio/pio.o
LOAD src/ASF/sam/drivers/pio/pio_handler.o
LOAD src/ASF/sam/drivers/pmc/pmc.o
LOAD src/ASF/sam/drivers/pmc/sleep.o
LOAD src/ASF/sam/drivers/spi/spi.o
LOAD src/ASF/sam/drivers/tc/tc.o
LOAD src/ASF/sam/drivers/twi/twi.o
LOAD src/ASF/sam/drivers/uart/uart.o
LOAD src/ASF/sam/drivers/usart/usart.o
LOAD src/ASF/sam/drivers/wdt/wdt.o
LOAD src/camera.o
LOAD src/camera_helper/ov2640.o
LOAD src/camera_helper/ov2640_table_registers.o
LOAD src/timer_interface.o
LOAD src/wifi.o
LOAD src/ASF/common/boards/user_board/init.o
LOAD src/ASF/common/utils/interrupt/interrupt_sam_nvic.o
LOAD src/ASF/sam/utils/cmsis/sam4s/source/templates/gcc/startup_sam4s.o
LOAD src/ASF/sam/utils/cmsis/sam4s/source/templates/system_sam4s.o
LOAD src/ASF/sam/utils/syscalls/gcc/syscalls.o
LOAD src/main.o
START GROUP
LOAD ../src/ASF/thirdparty/CMSIS/Lib/GCC\libarm_cortexM4l_math.a
LOAD c:/program files (x86)/atmel/studio/7.0/toolchain/arm/arm-gnu-toolchain/bin/../lib/gcc/arm-none-eabi/6.3.1/../../../../arm-none-eabi/lib/thumb/v7e-m\libm.a
END GROUP
START GROUP
LOAD c:/program files (x86)/atmel/studio/7.0/toolchain/arm/arm-gnu-toolchain/bin/../lib/gcc/arm-none-eabi/6.3.1/thumb/v7e-m\libgcc.a
LOAD c:/program files (x86)/atmel/studio/7.0/toolchain/arm/arm-gnu-toolchain/bin/../lib/gcc/arm-none-eabi/6.3.1/../../../../arm-none-eabi/lib/thumb/v7e-m\libc.a
END GROUP
LOAD c:/program files (x86)/atmel/studio/7.0/toolchain/arm/arm-gnu-toolchain/bin/../lib/gcc/arm-none-eabi/6.3.1/thumb/v7e-m/crtend.o
LOAD c:/program files (x86)/atmel/studio/7.0/toolchain/arm/arm-gnu-toolchain/bin/../lib/gcc/arm-none-eabi/6.3.1/thumb/v7e-m/crtn.o
                0x00003000                __stack_size__ = DEFINED (__stack_size__)?__stack_size__:0x3000
                0x2001fffc                __ram_end__ = ((ORIGIN (ram) + LENGTH (ram)) - 0x4)

.text           0x00400000     0x77e4
                0x00400000                . = ALIGN (0x4)
                0x00400000                _sfixed = .
 *(.vectors .vectors.*)
 .vectors       0x00400000       0xcc src/ASF/sam/utils/cmsis/sam4s/source/templates/gcc/startup_sam4s.o
                0x00400000                exception_table
 *(.text .text.* .gnu.linkonce.t.*)
 .text          0x004000cc       0x6c c:/program files (x86)/atmel/studio/7.0/toolchain/arm/arm-gnu-toolchain/bin/../lib/gcc/arm-none-eabi/6.3.1/thumb/v7e-m/crtbegin.o
 .text.sysclk_init
                0x00400138       0x64 src/ASF/common/services/clock/sam4s/sysclk.o
                0x00400138                sysclk_init
 .text.pio_set_debounce_filter
                0x0040019c       0x1a src/ASF/sam/drivers/pio/pio.o
                0x0040019c                pio_set_debounce_filter
 .text.pio_set_peripheral
                0x004001b6       0x90 src/ASF/sam/drivers/pio/pio.o
                0x004001b6                pio_set_peripheral
 .text.pio_set_input
                0x00400246       0x32 src/ASF/sam/drivers/pio/pio.o
                0x00400246                pio_set_input
 .text.pio_set_output
                0x00400278       0x26 src/ASF/sam/drivers/pio/pio.o
                0x00400278                pio_set_output
 .text.pio_configure_interrupt
                0x0040029e       0x2e src/ASF/sam/drivers/pio/pio.o
                0x0040029e                pio_configure_interrupt
 .text.pio_enable_interrupt
                0x004002cc        0x4 src/ASF/sam/drivers/pio/pio.o
                0x004002cc                pio_enable_interrupt
 .text.pio_disable_interrupt
                0x004002d0        0x4 src/ASF/sam/drivers/pio/pio.o
                0x004002d0                pio_disable_interrupt
 .text.pio_get_interrupt_status
                0x004002d4        0x4 src/ASF/sam/drivers/pio/pio.o
                0x004002d4                pio_get_interrupt_status
 .text.pio_get_interrupt_mask
                0x004002d8        0x4 src/ASF/sam/drivers/pio/pio.o
                0x004002d8                pio_get_interrupt_mask
 .text.pio_configure_pin
                0x004002dc      0x120 src/ASF/sam/drivers/pio/pio.o
                0x004002dc                pio_configure_pin
 .text.pio_capture_enable
                0x004003fc       0x18 src/ASF/sam/drivers/pio/pio.o
                0x004003fc                pio_capture_enable
 .text.pio_capture_disable
                0x00400414       0x18 src/ASF/sam/drivers/pio/pio.o
                0x00400414                pio_capture_disable
 .text.pio_handler_process
                0x0040042c       0x68 src/ASF/sam/drivers/pio/pio_handler.o
                0x0040042c                pio_handler_process
 .text.pio_handler_set
                0x00400494       0x70 src/ASF/sam/drivers/pio/pio_handler.o
                0x00400494                pio_handler_set
 .text.PIOA_Handler
                0x00400504       0x14 src/ASF/sam/drivers/pio/pio_handler.o
                0x00400504                PIOA_Handler
 .text.PIOB_Handler
                0x00400518       0x14 src/ASF/sam/drivers/pio/pio_handler.o
                0x00400518                PIOB_Handler
 .text.pmc_switch_mck_to_pllack
                0x0040052c       0x64 src/ASF/sam/drivers/pmc/pmc.o
                0x0040052c                pmc_switch_mck_to_pllack
 .text.pmc_switch_mainck_to_xtal
                0x00400590       0x54 src/ASF/sam/drivers/pmc/pmc.o
                0x00400590                pmc_switch_mainck_to_xtal
 .text.pmc_osc_is_ready_mainck
                0x004005e4       0x10 src/ASF/sam/drivers/pmc/pmc.o
                0x004005e4                pmc_osc_is_ready_mainck
 .text.pmc_disable_pllack
                0x004005f4       0x10 src/ASF/sam/drivers/pmc/pmc.o
                0x004005f4                pmc_disable_pllack
 .text.pmc_is_locked_pllack
                0x00400604       0x10 src/ASF/sam/drivers/pmc/pmc.o
                0x00400604                pmc_is_locked_pllack
 .text.pmc_enable_pllbck
                0x00400614       0x34 src/ASF/sam/drivers/pmc/pmc.o
                0x00400614                pmc_enable_pllbck
 .text.pmc_enable_periph_clk
                0x00400648       0x54 src/ASF/sam/drivers/pmc/pmc.o
                0x00400648                pmc_enable_periph_clk
 .text.spi_enable_clock
                0x0040069c       0x10 src/ASF/sam/drivers/spi/spi.o
                0x0040069c                spi_enable_clock
 .text.spi_set_peripheral_chip_select_value
                0x004006ac       0x16 src/ASF/sam/drivers/spi/spi.o
                0x004006ac                spi_set_peripheral_chip_select_value
 .text.spi_set_clock_polarity
                0x004006c2       0x1e src/ASF/sam/drivers/spi/spi.o
                0x004006c2                spi_set_clock_polarity
 .text.spi_set_clock_phase
                0x004006e0       0x1e src/ASF/sam/drivers/spi/spi.o
                0x004006e0                spi_set_clock_phase
 .text.spi_set_bits_per_transfer
                0x004006fe       0x14 src/ASF/sam/drivers/spi/spi.o
                0x004006fe                spi_set_bits_per_transfer
 .text.tc_init  0x00400712       0x18 src/ASF/sam/drivers/tc/tc.o
                0x00400712                tc_init
 .text.tc_start
                0x0040072a        0x8 src/ASF/sam/drivers/tc/tc.o
                0x0040072a                tc_start
 .text.tc_write_rc
                0x00400732        0x8 src/ASF/sam/drivers/tc/tc.o
                0x00400732                tc_write_rc
 .text.tc_enable_interrupt
                0x0040073a        0x8 src/ASF/sam/drivers/tc/tc.o
                0x0040073a                tc_enable_interrupt
 .text.tc_get_status
                0x00400742        0x8 src/ASF/sam/drivers/tc/tc.o
                0x00400742                tc_get_status
 .text.tc_find_mck_divisor
                0x0040074a       0x70 src/ASF/sam/drivers/tc/tc.o
                0x0040074a                tc_find_mck_divisor
 *fill*         0x004007ba        0x2 
 .text.twi_set_speed
                0x004007bc       0xb8 src/ASF/sam/drivers/twi/twi.o
                0x004007bc                twi_set_speed
 .text.twi_master_init
                0x00400874       0x40 src/ASF/sam/drivers/twi/twi.o
                0x00400874                twi_master_init
 .text.twi_mk_addr
                0x004008b4       0x22 src/ASF/sam/drivers/twi/twi.o
                0x004008b4                twi_mk_addr
 *fill*         0x004008d6        0x2 
 .text.twi_master_read
                0x004008d8       0xc0 src/ASF/sam/drivers/twi/twi.o
                0x004008d8                twi_master_read
 .text.twi_master_write
                0x00400998       0x88 src/ASF/sam/drivers/twi/twi.o
                0x00400998                twi_master_write
 .text.usart_set_async_baudrate
                0x00400a20       0x58 src/ASF/sam/drivers/usart/usart.o
                0x00400a20                usart_set_async_baudrate
 .text.usart_reset
                0x00400a78       0x30 src/ASF/sam/drivers/usart/usart.o
                0x00400a78                usart_reset
 .text.usart_init_rs232
                0x00400aa8       0x54 src/ASF/sam/drivers/usart/usart.o
                0x00400aa8                usart_init_rs232
 .text.usart_enable_tx
                0x00400afc        0x6 src/ASF/sam/drivers/usart/usart.o
                0x00400afc                usart_enable_tx
 .text.usart_enable_rx
                0x00400b02        0x6 src/ASF/sam/drivers/usart/usart.o
                0x00400b02                usart_enable_rx
 .text.usart_enable_interrupt
                0x00400b08        0x4 src/ASF/sam/drivers/usart/usart.o
                0x00400b08                usart_enable_interrupt
 .text.usart_disable_interrupt
                0x00400b0c        0x4 src/ASF/sam/drivers/usart/usart.o
                0x00400b0c                usart_disable_interrupt
 .text.usart_get_status
                0x00400b10        0x4 src/ASF/sam/drivers/usart/usart.o
                0x00400b10                usart_get_status
 .text.usart_putchar
                0x00400b14       0x12 src/ASF/sam/drivers/usart/usart.o
                0x00400b14                usart_putchar
 *fill*         0x00400b26        0x2 
 .text.usart_write_line
                0x00400b28       0x20 src/ASF/sam/drivers/usart/usart.o
                0x00400b28                usart_write_line
 .text.usart_read
                0x00400b48       0x18 src/ASF/sam/drivers/usart/usart.o
                0x00400b48                usart_read
 .text.wdt_disable
                0x00400b60        0x8 src/ASF/sam/drivers/wdt/wdt.o
                0x00400b60                wdt_disable
 .text.vsync_handler
                0x00400b68        0xc src/camera.o
                0x00400b68                vsync_handler
 .text.init_vsync_interrupts
                0x00400b74       0x34 src/camera.o
                0x00400b74                init_vsync_interrupts
 .text.configure_twi
                0x00400ba8       0x6c src/camera.o
                0x00400ba8                configure_twi
 .text.pio_capture_init
                0x00400c14       0x70 src/camera.o
                0x00400c14                pio_capture_init
 .text.pio_capture_to_buffer
                0x00400c84       0x34 src/camera.o
                0x00400c84                pio_capture_to_buffer
 .text.configure_camera
                0x00400cb8       0x28 src/camera.o
                0x00400cb8                configure_camera
 .text.init_camera
                0x00400ce0       0xd0 src/camera.o
                0x00400ce0                init_camera
 .text.find_image_len
                0x00400db0       0x90 src/camera.o
                0x00400db0                find_image_len
 .text.start_capture
                0x00400e40       0x7c src/camera.o
                0x00400e40                start_capture
 .text.ov_read_reg
                0x00400ebc        0xc src/camera_helper/ov2640.o
                0x00400ebc                ov_read_reg
 .text.ov_write_reg
                0x00400ec8        0xc src/camera_helper/ov2640.o
                0x00400ec8                ov_write_reg
 .text.ov_write_regs
                0x00400ed4       0x5c src/camera_helper/ov2640.o
                0x00400ed4                ov_write_regs
 .text.ov_init  0x00400f30      0x13c src/camera_helper/ov2640.o
                0x00400f30                ov_init
 .text.ov_configure
                0x0040106c       0xbc src/camera_helper/ov2640.o
                0x0040106c                ov_configure
 .text.TC0_Handler
                0x00401128       0x28 src/timer_interface.o
                0x00401128                TC0_Handler
 .text.configure_tc
                0x00401150       0x7c src/timer_interface.o
                0x00401150                configure_tc
 .text.wifi_provision_handler
                0x004011cc        0xc src/wifi.o
                0x004011cc                wifi_provision_handler
 .text.process_incoming_byte_wifi
                0x004011d8       0x18 src/wifi.o
                0x004011d8                process_incoming_byte_wifi
 .text.USART0_Handler
                0x004011f0       0x44 src/wifi.o
                0x004011f0                USART0_Handler
 .text.process_data_wifi
                0x00401234       0x24 src/wifi.o
                0x00401234                process_data_wifi
 .text.wifi_command_response_handler
                0x00401258       0x34 src/wifi.o
                0x00401258                wifi_command_response_handler
 .text.configure_usart_wifi
                0x0040128c       0x9c src/wifi.o
                0x0040128c                configure_usart_wifi
 .text.configure_wifi_comm_pin
                0x00401328       0x4c src/wifi.o
                0x00401328                configure_wifi_comm_pin
 .text.configure_wifi_provision_pin
                0x00401374       0x5c src/wifi.o
                0x00401374                configure_wifi_provision_pin
 .text.configure_spi
                0x004013d0       0x4c src/wifi.o
                0x004013d0                configure_spi
 .text.spi_peripheral_initialize
                0x0040141c       0x68 src/wifi.o
                0x0040141c                spi_peripheral_initialize
 .text.prepare_spi_transfer
                0x00401484       0x24 src/wifi.o
                0x00401484                prepare_spi_transfer
 .text.write_wifi_command
                0x004014a8       0x3c src/wifi.o
                0x004014a8                write_wifi_command
 .text.write_image_to_web
                0x004014e4       0x40 src/wifi.o
                0x004014e4                write_image_to_web
 .text.board_init
                0x00401524       0x38 src/ASF/common/boards/user_board/init.o
                0x00401524                board_init
 .text.Dummy_Handler
                0x0040155c        0x2 src/ASF/sam/utils/cmsis/sam4s/source/templates/gcc/startup_sam4s.o
                0x0040155c                DACC_Handler
                0x0040155c                DebugMon_Handler
                0x0040155c                HardFault_Handler
                0x0040155c                TC2_Handler
                0x0040155c                SPI_Handler
                0x0040155c                SysTick_Handler
                0x0040155c                TWI1_Handler
                0x0040155c                PendSV_Handler
                0x0040155c                NMI_Handler
                0x0040155c                ADC_Handler
                0x0040155c                CRCCU_Handler
                0x0040155c                RTT_Handler
                0x0040155c                RTC_Handler
                0x0040155c                UsageFault_Handler
                0x0040155c                WDT_Handler
                0x0040155c                TC1_Handler
                0x0040155c                HSMCI_Handler
                0x0040155c                UART1_Handler
                0x0040155c                Dummy_Handler
                0x0040155c                TWI0_Handler
                0x0040155c                USART1_Handler
                0x0040155c                SSC_Handler
                0x0040155c                EFC0_Handler
                0x0040155c                ACC_Handler
                0x0040155c                PMC_Handler
                0x0040155c                PWM_Handler
                0x0040155c                MemManage_Handler
                0x0040155c                SUPC_Handler
                0x0040155c                SVC_Handler
                0x0040155c                UART0_Handler
                0x0040155c                UDP_Handler
                0x0040155c                BusFault_Handler
                0x0040155c                RSTC_Handler
 *fill*         0x0040155e        0x2 
 .text.Reset_Handler
                0x00401560       0xac src/ASF/sam/utils/cmsis/sam4s/source/templates/gcc/startup_sam4s.o
                0x00401560                Reset_Handler
 .text.SystemCoreClockUpdate
                0x0040160c      0x110 src/ASF/sam/utils/cmsis/sam4s/source/templates/system_sam4s.o
                0x0040160c                SystemCoreClockUpdate
 .text.system_init_flash
                0x0040171c       0x74 src/ASF/sam/utils/cmsis/sam4s/source/templates/system_sam4s.o
                0x0040171c                system_init_flash
 .text._sbrk    0x00401790       0x38 src/ASF/sam/utils/syscalls/gcc/syscalls.o
                0x00401790                _sbrk
 .text.main     0x004017c8      0x164 src/main.o
                0x004017c8                main
 .text.__libc_init_array
                0x0040192c       0x50 c:/program files (x86)/atmel/studio/7.0/toolchain/arm/arm-gnu-toolchain/bin/../lib/gcc/arm-none-eabi/6.3.1/../../../../arm-none-eabi/lib/thumb/v7e-m\libc.a(lib_a-init.o)
                0x0040192c                __libc_init_array
 .text.memset   0x0040197c       0x9c c:/program files (x86)/atmel/studio/7.0/toolchain/arm/arm-gnu-toolchain/bin/../lib/gcc/arm-none-eabi/6.3.1/../../../../arm-none-eabi/lib/thumb/v7e-m\libc.a(lib_a-memset.o)
                0x0040197c                memset
 .text.sprintf  0x00401a18       0x4c c:/program files (x86)/atmel/studio/7.0/toolchain/arm/arm-gnu-toolchain/bin/../lib/gcc/arm-none-eabi/6.3.1/../../../../arm-none-eabi/lib/thumb/v7e-m\libc.a(lib_a-sprintf.o)
                0x00401a18                sprintf
 .text.critical_factorization
                0x00401a64       0xb4 c:/program files (x86)/atmel/studio/7.0/toolchain/arm/arm-gnu-toolchain/bin/../lib/gcc/arm-none-eabi/6.3.1/../../../../arm-none-eabi/lib/thumb/v7e-m\libc.a(lib_a-strstr.o)
 .text.two_way_long_needle
                0x00401b18      0x1fc c:/program files (x86)/atmel/studio/7.0/toolchain/arm/arm-gnu-toolchain/bin/../lib/gcc/arm-none-eabi/6.3.1/../../../../arm-none-eabi/lib/thumb/v7e-m\libc.a(lib_a-strstr.o)
 .text.strstr   0x00401d14      0x218 c:/program files (x86)/atmel/studio/7.0/toolchain/arm/arm-gnu-toolchain/bin/../lib/gcc/arm-none-eabi/6.3.1/../../../../arm-none-eabi/lib/thumb/v7e-m\libc.a(lib_a-strstr.o)
                0x00401d14                strstr
 .text._svfprintf_r
                0x00401f2c     0x145c c:/program files (x86)/atmel/studio/7.0/toolchain/arm/arm-gnu-toolchain/bin/../lib/gcc/arm-none-eabi/6.3.1/../../../../arm-none-eabi/lib/thumb/v7e-m\libc.a(lib_a-svfprintf.o)
                0x00401f2c                _svfprintf_r
 .text.startup.register_fini
                0x00403388       0x14 c:/program files (x86)/atmel/studio/7.0/toolchain/arm/arm-gnu-toolchain/bin/../lib/gcc/arm-none-eabi/6.3.1/../../../../arm-none-eabi/lib/thumb/v7e-m\libc.a(lib_a-__call_atexit.o)
 .text.atexit   0x0040339c        0xc c:/program files (x86)/atmel/studio/7.0/toolchain/arm/arm-gnu-toolchain/bin/../lib/gcc/arm-none-eabi/6.3.1/../../../../arm-none-eabi/lib/thumb/v7e-m\libc.a(lib_a-atexit.o)
                0x0040339c                atexit
 .text.quorem   0x004033a8      0x128 c:/program files (x86)/atmel/studio/7.0/toolchain/arm/arm-gnu-toolchain/bin/../lib/gcc/arm-none-eabi/6.3.1/../../../../arm-none-eabi/lib/thumb/v7e-m\libc.a(lib_a-dtoa.o)
 .text._dtoa_r  0x004034d0      0xe54 c:/program files (x86)/atmel/studio/7.0/toolchain/arm/arm-gnu-toolchain/bin/../lib/gcc/arm-none-eabi/6.3.1/../../../../arm-none-eabi/lib/thumb/v7e-m\libc.a(lib_a-dtoa.o)
                0x004034d0                _dtoa_r
 .text.__libc_fini_array
                0x00404324       0x34 c:/program files (x86)/atmel/studio/7.0/toolchain/arm/arm-gnu-toolchain/bin/../lib/gcc/arm-none-eabi/6.3.1/../../../../arm-none-eabi/lib/thumb/v7e-m\libc.a(lib_a-fini.o)
                0x00404324                __libc_fini_array
 .text._localeconv_r
                0x00404358       0x1c c:/program files (x86)/atmel/studio/7.0/toolchain/arm/arm-gnu-toolchain/bin/../lib/gcc/arm-none-eabi/6.3.1/../../../../arm-none-eabi/lib/thumb/v7e-m\libc.a(lib_a-localeconv.o)
                0x00404358                _localeconv_r
 .text.__retarget_lock_acquire_recursive
                0x00404374        0x4 c:/program files (x86)/atmel/studio/7.0/toolchain/arm/arm-gnu-toolchain/bin/../lib/gcc/arm-none-eabi/6.3.1/../../../../arm-none-eabi/lib/thumb/v7e-m\libc.a(lib_a-lock.o)
                0x00404374                __retarget_lock_acquire_recursive
 .text.__retarget_lock_release_recursive
                0x00404378        0x4 c:/program files (x86)/atmel/studio/7.0/toolchain/arm/arm-gnu-toolchain/bin/../lib/gcc/arm-none-eabi/6.3.1/../../../../arm-none-eabi/lib/thumb/v7e-m\libc.a(lib_a-lock.o)
                0x00404378                __retarget_lock_release_recursive
 .text._malloc_r
                0x0040437c      0x560 c:/program files (x86)/atmel/studio/7.0/toolchain/arm/arm-gnu-toolchain/bin/../lib/gcc/arm-none-eabi/6.3.1/../../../../arm-none-eabi/lib/thumb/v7e-m\libc.a(lib_a-mallocr.o)
                0x0040437c                _malloc_r
 *fill*         0x004048dc        0x4 
 .text          0x004048e0       0xa0 c:/program files (x86)/atmel/studio/7.0/toolchain/arm/arm-gnu-toolchain/bin/../lib/gcc/arm-none-eabi/6.3.1/../../../../arm-none-eabi/lib/thumb/v7e-m\libc.a(lib_a-memchr.o)
                0x004048e0                memchr
 .text.memcmp   0x00404980       0x60 c:/program files (x86)/atmel/studio/7.0/toolchain/arm/arm-gnu-toolchain/bin/../lib/gcc/arm-none-eabi/6.3.1/../../../../arm-none-eabi/lib/thumb/v7e-m\libc.a(lib_a-memcmp.o)
                0x00404980                memcmp
 .text          0x004049e0      0x134 c:/program files (x86)/atmel/studio/7.0/toolchain/arm/arm-gnu-toolchain/bin/../lib/gcc/arm-none-eabi/6.3.1/../../../../arm-none-eabi/lib/thumb/v7e-m\libc.a(lib_a-memcpy.o)
                0x004049e0                memcpy
 .text.__malloc_lock
                0x00404b14        0xc c:/program files (x86)/atmel/studio/7.0/toolchain/arm/arm-gnu-toolchain/bin/../lib/gcc/arm-none-eabi/6.3.1/../../../../arm-none-eabi/lib/thumb/v7e-m\libc.a(lib_a-mlock.o)
                0x00404b14                __malloc_lock
 .text.__malloc_unlock
                0x00404b20        0xc c:/program files (x86)/atmel/studio/7.0/toolchain/arm/arm-gnu-toolchain/bin/../lib/gcc/arm-none-eabi/6.3.1/../../../../arm-none-eabi/lib/thumb/v7e-m\libc.a(lib_a-mlock.o)
                0x00404b20                __malloc_unlock
 .text._Balloc  0x00404b2c       0x4c c:/program files (x86)/atmel/studio/7.0/toolchain/arm/arm-gnu-toolchain/bin/../lib/gcc/arm-none-eabi/6.3.1/../../../../arm-none-eabi/lib/thumb/v7e-m\libc.a(lib_a-mprec.o)
                0x00404b2c                _Balloc
 .text._Bfree   0x00404b78       0x14 c:/program files (x86)/atmel/studio/7.0/toolchain/arm/arm-gnu-toolchain/bin/../lib/gcc/arm-none-eabi/6.3.1/../../../../arm-none-eabi/lib/thumb/v7e-m\libc.a(lib_a-mprec.o)
                0x00404b78                _Bfree
 .text.__multadd
                0x00404b8c       0x80 c:/program files (x86)/atmel/studio/7.0/toolchain/arm/arm-gnu-toolchain/bin/../lib/gcc/arm-none-eabi/6.3.1/../../../../arm-none-eabi/lib/thumb/v7e-m\libc.a(lib_a-mprec.o)
                0x00404b8c                __multadd
 .text.__hi0bits
                0x00404c0c       0x40 c:/program files (x86)/atmel/studio/7.0/toolchain/arm/arm-gnu-toolchain/bin/../lib/gcc/arm-none-eabi/6.3.1/../../../../arm-none-eabi/lib/thumb/v7e-m\libc.a(lib_a-mprec.o)
                0x00404c0c                __hi0bits
 .text.__lo0bits
                0x00404c4c       0x60 c:/program files (x86)/atmel/studio/7.0/toolchain/arm/arm-gnu-toolchain/bin/../lib/gcc/arm-none-eabi/6.3.1/../../../../arm-none-eabi/lib/thumb/v7e-m\libc.a(lib_a-mprec.o)
                0x00404c4c                __lo0bits
 .text.__i2b    0x00404cac       0x14 c:/program files (x86)/atmel/studio/7.0/toolchain/arm/arm-gnu-toolchain/bin/../lib/gcc/arm-none-eabi/6.3.1/../../../../arm-none-eabi/lib/thumb/v7e-m\libc.a(lib_a-mprec.o)
                0x00404cac                __i2b
 .text.__multiply
                0x00404cc0      0x124 c:/program files (x86)/atmel/studio/7.0/toolchain/arm/arm-gnu-toolchain/bin/../lib/gcc/arm-none-eabi/6.3.1/../../../../arm-none-eabi/lib/thumb/v7e-m\libc.a(lib_a-mprec.o)
                0x00404cc0                __multiply
 .text.__pow5mult
                0x00404de4       0xa0 c:/program files (x86)/atmel/studio/7.0/toolchain/arm/arm-gnu-toolchain/bin/../lib/gcc/arm-none-eabi/6.3.1/../../../../arm-none-eabi/lib/thumb/v7e-m\libc.a(lib_a-mprec.o)
                0x00404de4                __pow5mult
 .text.__lshift
                0x00404e84       0xa4 c:/program files (x86)/atmel/studio/7.0/toolchain/arm/arm-gnu-toolchain/bin/../lib/gcc/arm-none-eabi/6.3.1/../../../../arm-none-eabi/lib/thumb/v7e-m\libc.a(lib_a-mprec.o)
                0x00404e84                __lshift
 .text.__mcmp   0x00404f28       0x38 c:/program files (x86)/atmel/studio/7.0/toolchain/arm/arm-gnu-toolchain/bin/../lib/gcc/arm-none-eabi/6.3.1/../../../../arm-none-eabi/lib/thumb/v7e-m\libc.a(lib_a-mprec.o)
                0x00404f28                __mcmp
 .text.__mdiff  0x00404f60      0x108 c:/program files (x86)/atmel/studio/7.0/toolchain/arm/arm-gnu-toolchain/bin/../lib/gcc/arm-none-eabi/6.3.1/../../../../arm-none-eabi/lib/thumb/v7e-m\libc.a(lib_a-mprec.o)
                0x00404f60                __mdiff
 .text.__d2b    0x00405068       0xb8 c:/program files (x86)/atmel/studio/7.0/toolchain/arm/arm-gnu-toolchain/bin/../lib/gcc/arm-none-eabi/6.3.1/../../../../arm-none-eabi/lib/thumb/v7e-m\libc.a(lib_a-mprec.o)
                0x00405068                __d2b
 .text._sbrk_r  0x00405120       0x24 c:/program files (x86)/atmel/studio/7.0/toolchain/arm/arm-gnu-toolchain/bin/../lib/gcc/arm-none-eabi/6.3.1/../../../../arm-none-eabi/lib/thumb/v7e-m\libc.a(lib_a-sbrkr.o)
                0x00405120                _sbrk_r
 .text.strchr   0x00405144       0xe8 c:/program files (x86)/atmel/studio/7.0/toolchain/arm/arm-gnu-toolchain/bin/../lib/gcc/arm-none-eabi/6.3.1/../../../../arm-none-eabi/lib/thumb/v7e-m\libc.a(lib_a-strchr.o)
                0x00405144                strchr
 *fill*         0x0040522c       0x14 
 .text          0x00405240       0xdc c:/program files (x86)/atmel/studio/7.0/toolchain/arm/arm-gnu-toolchain/bin/../lib/gcc/arm-none-eabi/6.3.1/../../../../arm-none-eabi/lib/thumb/v7e-m\libc.a(lib_a-strlen.o)
                0x00405240                strlen
 .text.__ssprint_r
                0x0040531c       0xfc c:/program files (x86)/atmel/studio/7.0/toolchain/arm/arm-gnu-toolchain/bin/../lib/gcc/arm-none-eabi/6.3.1/../../../../arm-none-eabi/lib/thumb/v7e-m\libc.a(lib_a-svfiprintf.o)
                0x0040531c                __ssprint_r
 .text.__register_exitproc
                0x00405418       0xc4 c:/program files (x86)/atmel/studio/7.0/toolchain/arm/arm-gnu-toolchain/bin/../lib/gcc/arm-none-eabi/6.3.1/../../../../arm-none-eabi/lib/thumb/v7e-m\libc.a(lib_a-__atexit.o)
                0x00405418                __register_exitproc
 .text._calloc_r
                0x004054dc       0x60 c:/program files (x86)/atmel/studio/7.0/toolchain/arm/arm-gnu-toolchain/bin/../lib/gcc/arm-none-eabi/6.3.1/../../../../arm-none-eabi/lib/thumb/v7e-m\libc.a(lib_a-callocr.o)
                0x004054dc                _calloc_r
 .text._malloc_trim_r
                0x0040553c       0xa0 c:/program files (x86)/atmel/studio/7.0/toolchain/arm/arm-gnu-toolchain/bin/../lib/gcc/arm-none-eabi/6.3.1/../../../../arm-none-eabi/lib/thumb/v7e-m\libc.a(lib_a-freer.o)
                0x0040553c                _malloc_trim_r
 .text._free_r  0x004055dc      0x1cc c:/program files (x86)/atmel/studio/7.0/toolchain/arm/arm-gnu-toolchain/bin/../lib/gcc/arm-none-eabi/6.3.1/../../../../arm-none-eabi/lib/thumb/v7e-m\libc.a(lib_a-freer.o)
                0x004055dc                _free_r
 .text.__ascii_mbtowc
                0x004057a8       0x2c c:/program files (x86)/atmel/studio/7.0/toolchain/arm/arm-gnu-toolchain/bin/../lib/gcc/arm-none-eabi/6.3.1/../../../../arm-none-eabi/lib/thumb/v7e-m\libc.a(lib_a-mbtowc_r.o)
                0x004057a8                __ascii_mbtowc
 .text.memmove  0x004057d4       0xc8 c:/program files (x86)/atmel/studio/7.0/toolchain/arm/arm-gnu-toolchain/bin/../lib/gcc/arm-none-eabi/6.3.1/../../../../arm-none-eabi/lib/thumb/v7e-m\libc.a(lib_a-memmove.o)
                0x004057d4                memmove
 .text._realloc_r
                0x0040589c      0x34c c:/program files (x86)/atmel/studio/7.0/toolchain/arm/arm-gnu-toolchain/bin/../lib/gcc/arm-none-eabi/6.3.1/../../../../arm-none-eabi/lib/thumb/v7e-m\libc.a(lib_a-reallocr.o)
                0x0040589c                _realloc_r
 .text.__ascii_wctomb
                0x00405be8       0x1c c:/program files (x86)/atmel/studio/7.0/toolchain/arm/arm-gnu-toolchain/bin/../lib/gcc/arm-none-eabi/6.3.1/../../../../arm-none-eabi/lib/thumb/v7e-m\libc.a(lib_a-wctomb_r.o)
                0x00405be8                __ascii_wctomb
 .text          0x00405c04      0x370 c:/program files (x86)/atmel/studio/7.0/toolchain/arm/arm-gnu-toolchain/bin/../lib/gcc/arm-none-eabi/6.3.1/thumb/v7e-m\libgcc.a(_arm_addsubdf3.o)
                0x00405c04                __aeabi_drsub
                0x00405c0c                __aeabi_dsub
                0x00405c0c                __subdf3
                0x00405c10                __aeabi_dadd
                0x00405c10                __adddf3
                0x00405e88                __floatunsidf
                0x00405e88                __aeabi_ui2d
                0x00405ea8                __floatsidf
                0x00405ea8                __aeabi_i2d
                0x00405ecc                __aeabi_f2d
                0x00405ecc                __extendsfdf2
                0x00405f08                __floatundidf
                0x00405f08                __aeabi_ul2d
                0x00405f18                __floatdidf
                0x00405f18                __aeabi_l2d
 .text          0x00405f74      0x424 c:/program files (x86)/atmel/studio/7.0/toolchain/arm/arm-gnu-toolchain/bin/../lib/gcc/arm-none-eabi/6.3.1/thumb/v7e-m\libgcc.a(_arm_muldivdf3.o)
                0x00405f74                __aeabi_dmul
                0x00405f74                __muldf3
                0x004061c8                __divdf3
                0x004061c8                __aeabi_ddiv
 .text          0x00406398      0x110 c:/program files (x86)/atmel/studio/7.0/toolchain/arm/arm-gnu-toolchain/bin/../lib/gcc/arm-none-eabi/6.3.1/thumb/v7e-m\libgcc.a(_arm_cmpdf2.o)
                0x00406398                __gtdf2
                0x00406398                __gedf2
                0x004063a0                __ltdf2
                0x004063a0                __ledf2
                0x004063a8                __nedf2
                0x004063a8                __eqdf2
                0x004063a8                __cmpdf2
                0x00406424                __aeabi_cdrcmple
                0x00406434                __aeabi_cdcmpeq
                0x00406434                __aeabi_cdcmple
                0x00406444                __aeabi_dcmpeq
                0x00406458                __aeabi_dcmplt
                0x0040646c                __aeabi_dcmple
                0x00406480                __aeabi_dcmpge
                0x00406494                __aeabi_dcmpgt
 .text          0x004064a8       0x2c c:/program files (x86)/atmel/studio/7.0/toolchain/arm/arm-gnu-toolchain/bin/../lib/gcc/arm-none-eabi/6.3.1/thumb/v7e-m\libgcc.a(_arm_unorddf2.o)
                0x004064a8                __unorddf2
                0x004064a8                __aeabi_dcmpun
 .text          0x004064d4       0x50 c:/program files (x86)/atmel/studio/7.0/toolchain/arm/arm-gnu-toolchain/bin/../lib/gcc/arm-none-eabi/6.3.1/thumb/v7e-m\libgcc.a(_arm_fixdfsi.o)
                0x004064d4                __aeabi_d2iz
                0x004064d4                __fixdfsi
 .text          0x00406524       0x30 c:/program files (x86)/atmel/studio/7.0/toolchain/arm/arm-gnu-toolchain/bin/../lib/gcc/arm-none-eabi/6.3.1/thumb/v7e-m\libgcc.a(_aeabi_uldivmod.o)
                0x00406524                __aeabi_uldivmod
 .text          0x00406554      0x2dc c:/program files (x86)/atmel/studio/7.0/toolchain/arm/arm-gnu-toolchain/bin/../lib/gcc/arm-none-eabi/6.3.1/thumb/v7e-m\libgcc.a(_udivmoddi4.o)
                0x00406554                __udivmoddi4
 .text          0x00406830        0x4 c:/program files (x86)/atmel/studio/7.0/toolchain/arm/arm-gnu-toolchain/bin/../lib/gcc/arm-none-eabi/6.3.1/thumb/v7e-m\libgcc.a(_dvmd_tls.o)
                0x00406830                __aeabi_idiv0
                0x00406830                __aeabi_ldiv0
 *(.glue_7t)
 .glue_7t       0x00406834        0x0 linker stubs
 *(.glue_7)
 .glue_7        0x00406834        0x0 linker stubs
 *(.rodata .rodata* .gnu.linkonce.r.*)
 .rodata.OV2640_JPEG
                0x00406834       0x12 src/camera_helper/ov2640_table_registers.o
                0x00406834                OV2640_JPEG
 *fill*         0x00406846        0x2 
 .rodata.OV2640_JPEG_1024x768
                0x00406848       0x4e src/camera_helper/ov2640_table_registers.o
                0x00406848                OV2640_JPEG_1024x768
 *fill*         0x00406896        0x2 
 .rodata.OV2640_JPEG_1280x1024
                0x00406898       0x52 src/camera_helper/ov2640_table_registers.o
                0x00406898                OV2640_JPEG_1280x1024
 *fill*         0x004068ea        0x2 
 .rodata.OV2640_JPEG_1600x1200
                0x004068ec       0x52 src/camera_helper/ov2640_table_registers.o
                0x004068ec                OV2640_JPEG_1600x1200
 *fill*         0x0040693e        0x2 
 .rodata.OV2640_JPEG_320x240
                0x00406940       0x50 src/camera_helper/ov2640_table_registers.o
                0x00406940                OV2640_JPEG_320x240
 .rodata.OV2640_JPEG_640x480
                0x00406990       0x52 src/camera_helper/ov2640_table_registers.o
                0x00406990                OV2640_JPEG_640x480
 *fill*         0x004069e2        0x2 
 .rodata.OV2640_JPEG_800x600
                0x004069e4       0x52 src/camera_helper/ov2640_table_registers.o
                0x004069e4                OV2640_JPEG_800x600
 *fill*         0x00406a36        0x2 
 .rodata.OV2640_JPEG_INIT
                0x00406a38      0x17e src/camera_helper/ov2640_table_registers.o
                0x00406a38                OV2640_JPEG_INIT
 *fill*         0x00406bb6        0x2 
 .rodata.OV2640_QQVGA_RGB888
                0x00406bb8       0xf4 src/camera_helper/ov2640_table_registers.o
                0x00406bb8                OV2640_QQVGA_RGB888
 .rodata.OV2640_QQVGA_YUV422
                0x00406cac       0xf4 src/camera_helper/ov2640_table_registers.o
                0x00406cac                OV2640_QQVGA_YUV422
 .rodata.OV2640_QVGA_RGB888
                0x00406da0       0xf4 src/camera_helper/ov2640_table_registers.o
                0x00406da0                OV2640_QVGA_RGB888
 .rodata.OV2640_QVGA_YUV422_10FPS
                0x00406e94       0xf0 src/camera_helper/ov2640_table_registers.o
                0x00406e94                OV2640_QVGA_YUV422_10FPS
 .rodata.OV2640_QVGA_YUV422_15FPS
                0x00406f84       0xf0 src/camera_helper/ov2640_table_registers.o
                0x00406f84                OV2640_QVGA_YUV422_15FPS
 .rodata.OV2640_QVGA_YUV422_20FPS
                0x00407074       0xf0 src/camera_helper/ov2640_table_registers.o
                0x00407074                OV2640_QVGA_YUV422_20FPS
 .rodata.OV2640_QVGA_YUV422_30FPS
                0x00407164       0xf0 src/camera_helper/ov2640_table_registers.o
                0x00407164                OV2640_QVGA_YUV422_30FPS
 .rodata.OV2640_TEST_PATTERN
                0x00407254       0xf4 src/camera_helper/ov2640_table_registers.o
                0x00407254                OV2640_TEST_PATTERN
 .rodata.OV2640_VGA_YUV422_20FPS
                0x00407348       0xf0 src/camera_helper/ov2640_table_registers.o
                0x00407348                OV2640_VGA_YUV422_20FPS
 .rodata.OV2640_YUV422
                0x00407438       0x14 src/camera_helper/ov2640_table_registers.o
                0x00407438                OV2640_YUV422
 .rodata        0x0040744c       0x18 src/wifi.o
 .rodata.process_data_wifi.str1.4
                0x00407464        0x8 src/wifi.o
 .rodata.write_image_to_web.str1.4
                0x0040746c       0x10 src/wifi.o
 .rodata.main.str1.4
                0x0040747c       0xb8 src/main.o
 .rodata._global_impure_ptr
                0x00407534        0x4 c:/program files (x86)/atmel/studio/7.0/toolchain/arm/arm-gnu-toolchain/bin/../lib/gcc/arm-none-eabi/6.3.1/../../../../arm-none-eabi/lib/thumb/v7e-m\libc.a(lib_a-impure.o)
                0x00407534                _global_impure_ptr
 .rodata._svfprintf_r.str1.4
                0x00407538       0x42 c:/program files (x86)/atmel/studio/7.0/toolchain/arm/arm-gnu-toolchain/bin/../lib/gcc/arm-none-eabi/6.3.1/../../../../arm-none-eabi/lib/thumb/v7e-m\libc.a(lib_a-svfprintf.o)
 *fill*         0x0040757a        0x2 
 .rodata.blanks.7223
                0x0040757c       0x10 c:/program files (x86)/atmel/studio/7.0/toolchain/arm/arm-gnu-toolchain/bin/../lib/gcc/arm-none-eabi/6.3.1/../../../../arm-none-eabi/lib/thumb/v7e-m\libc.a(lib_a-svfprintf.o)
 .rodata.zeroes.7224
                0x0040758c       0x10 c:/program files (x86)/atmel/studio/7.0/toolchain/arm/arm-gnu-toolchain/bin/../lib/gcc/arm-none-eabi/6.3.1/../../../../arm-none-eabi/lib/thumb/v7e-m\libc.a(lib_a-svfprintf.o)
 .rodata._dtoa_r.str1.4
                0x0040759c       0x10 c:/program files (x86)/atmel/studio/7.0/toolchain/arm/arm-gnu-toolchain/bin/../lib/gcc/arm-none-eabi/6.3.1/../../../../arm-none-eabi/lib/thumb/v7e-m\libc.a(lib_a-dtoa.o)
                                 0x12 (size before relaxing)
 *fill*         0x004075ac        0x4 
 .rodata.__mprec_bigtens
                0x004075b0       0x28 c:/program files (x86)/atmel/studio/7.0/toolchain/arm/arm-gnu-toolchain/bin/../lib/gcc/arm-none-eabi/6.3.1/../../../../arm-none-eabi/lib/thumb/v7e-m\libc.a(lib_a-mprec.o)
                0x004075b0                __mprec_bigtens
 .rodata.__mprec_tens
                0x004075d8       0xc8 c:/program files (x86)/atmel/studio/7.0/toolchain/arm/arm-gnu-toolchain/bin/../lib/gcc/arm-none-eabi/6.3.1/../../../../arm-none-eabi/lib/thumb/v7e-m\libc.a(lib_a-mprec.o)
                0x004075d8                __mprec_tens
 .rodata.p05.6055
                0x004076a0        0xc c:/program files (x86)/atmel/studio/7.0/toolchain/arm/arm-gnu-toolchain/bin/../lib/gcc/arm-none-eabi/6.3.1/../../../../arm-none-eabi/lib/thumb/v7e-m\libc.a(lib_a-mprec.o)
 .rodata._setlocale_r.str1.4
                0x004076ac        0xa c:/program files (x86)/atmel/studio/7.0/toolchain/arm/arm-gnu-toolchain/bin/../lib/gcc/arm-none-eabi/6.3.1/../../../../arm-none-eabi/lib/thumb/v7e-m\libc.a(lib_a-locale.o)
                                  0xd (size before relaxing)
 *fill*         0x004076b6        0x2 
 .rodata.str1.4
                0x004076b8        0x4 c:/program files (x86)/atmel/studio/7.0/toolchain/arm/arm-gnu-toolchain/bin/../lib/gcc/arm-none-eabi/6.3.1/../../../../arm-none-eabi/lib/thumb/v7e-m\libc.a(lib_a-locale.o)
                                  0x2 (size before relaxing)
 .rodata._ctype_
                0x004076bc      0x101 c:/program files (x86)/atmel/studio/7.0/toolchain/arm/arm-gnu-toolchain/bin/../lib/gcc/arm-none-eabi/6.3.1/../../../../arm-none-eabi/lib/thumb/v7e-m\libc.a(lib_a-ctype_.o)
                0x004076bc                _ctype_
 *(.ARM.extab* .gnu.linkonce.armextab.*)
                0x004077c0                . = ALIGN (0x4)
 *fill*         0x004077bd        0x3 
 *(.init)
 .init          0x004077c0        0x4 c:/program files (x86)/atmel/studio/7.0/toolchain/arm/arm-gnu-toolchain/bin/../lib/gcc/arm-none-eabi/6.3.1/thumb/v7e-m/crti.o
                0x004077c0                _init
 .init          0x004077c4        0x8 c:/program files (x86)/atmel/studio/7.0/toolchain/arm/arm-gnu-toolchain/bin/../lib/gcc/arm-none-eabi/6.3.1/thumb/v7e-m/crtn.o
                0x004077cc                . = ALIGN (0x4)
                0x004077cc                __preinit_array_start = .
 *(.preinit_array)
                0x004077cc                __preinit_array_end = .
                0x004077cc                . = ALIGN (0x4)
                0x004077cc                __init_array_start = .
 *(SORT(.init_array.*))
 .init_array.00000
                0x004077cc        0x4 c:/program files (x86)/atmel/studio/7.0/toolchain/arm/arm-gnu-toolchain/bin/../lib/gcc/arm-none-eabi/6.3.1/../../../../arm-none-eabi/lib/thumb/v7e-m\libc.a(lib_a-__call_atexit.o)
 *(.init_array)
 .init_array    0x004077d0        0x4 c:/program files (x86)/atmel/studio/7.0/toolchain/arm/arm-gnu-toolchain/bin/../lib/gcc/arm-none-eabi/6.3.1/thumb/v7e-m/crtbegin.o
                0x004077d4                __init_array_end = .
                0x004077d4                . = ALIGN (0x4)
 *crtbegin.o(.ctors)
 *(EXCLUDE_FILE(*crtend.o) .ctors)
 *(SORT(.ctors.*))
 *crtend.o(.ctors)
                0x004077d4                . = ALIGN (0x4)
 *(.fini)
 .fini          0x004077d4        0x4 c:/program files (x86)/atmel/studio/7.0/toolchain/arm/arm-gnu-toolchain/bin/../lib/gcc/arm-none-eabi/6.3.1/thumb/v7e-m/crti.o
                0x004077d4                _fini
 .fini          0x004077d8        0x8 c:/program files (x86)/atmel/studio/7.0/toolchain/arm/arm-gnu-toolchain/bin/../lib/gcc/arm-none-eabi/6.3.1/thumb/v7e-m/crtn.o
                0x004077e0                . = ALIGN (0x4)
                0x004077e0                __fini_array_start = .
 *(.fini_array)
 .fini_array    0x004077e0        0x4 c:/program files (x86)/atmel/studio/7.0/toolchain/arm/arm-gnu-toolchain/bin/../lib/gcc/arm-none-eabi/6.3.1/thumb/v7e-m/crtbegin.o
 *(SORT(.fini_array.*))
                0x004077e4                __fini_array_end = .
 *crtbegin.o(.dtors)
 *(EXCLUDE_FILE(*crtend.o) .dtors)
 *(SORT(.dtors.*))
 *crtend.o(.dtors)
                0x004077e4                . = ALIGN (0x4)
                0x004077e4                _efixed = .
                [!provide]                PROVIDE (__exidx_start, .)

.vfp11_veneer   0x004077e4        0x0
 .vfp11_veneer  0x004077e4        0x0 linker stubs

.v4_bx          0x004077e4        0x0
 .v4_bx         0x004077e4        0x0 linker stubs

.iplt           0x004077e4        0x0
 .iplt          0x004077e4        0x0 c:/program files (x86)/atmel/studio/7.0/toolchain/arm/arm-gnu-toolchain/bin/../lib/gcc/arm-none-eabi/6.3.1/thumb/v7e-m/crtbegin.o

.ARM.exidx      0x004077e4        0x8
 *(.ARM.exidx* .gnu.linkonce.armexidx.*)
 .ARM.exidx     0x004077e4        0x8 c:/program files (x86)/atmel/studio/7.0/toolchain/arm/arm-gnu-toolchain/bin/../lib/gcc/arm-none-eabi/6.3.1/thumb/v7e-m\libgcc.a(_udivmoddi4.o)
                [!provide]                PROVIDE (__exidx_end, .)

.eh_frame       0x004077ec        0x0
 .eh_frame      0x004077ec        0x0 c:/program files (x86)/atmel/studio/7.0/toolchain/arm/arm-gnu-toolchain/bin/../lib/gcc/arm-none-eabi/6.3.1/thumb/v7e-m/crtbegin.o

.rel.dyn        0x004077ec        0x0
 .rel.iplt      0x004077ec        0x0 c:/program files (x86)/atmel/studio/7.0/toolchain/arm/arm-gnu-toolchain/bin/../lib/gcc/arm-none-eabi/6.3.1/thumb/v7e-m/crtbegin.o

.jcr            0x004077ec        0x0
 .jcr           0x004077ec        0x0 c:/program files (x86)/atmel/studio/7.0/toolchain/arm/arm-gnu-toolchain/bin/../lib/gcc/arm-none-eabi/6.3.1/thumb/v7e-m/crtbegin.o

.igot.plt       0x004077ec        0x0
 .igot.plt      0x004077ec        0x0 c:/program files (x86)/atmel/studio/7.0/toolchain/arm/arm-gnu-toolchain/bin/../lib/gcc/arm-none-eabi/6.3.1/thumb/v7e-m/crtbegin.o
                0x004077ec                . = ALIGN (0x4)
                0x004077ec                _etext = .

.relocate       0x20000000      0x9c0 load address 0x004077ec
                0x20000000                . = ALIGN (0x4)
                0x20000000                _srelocate = .
 *(.ramfunc .ramfunc.*)
 .ramfunc       0x20000000        0xa src/ASF/common/services/delay/sam/cycle_counter.o
                0x20000000                portable_delay_cycles
 *(.data .data.*)
 *fill*         0x2000000a        0x2 
 .data.SystemCoreClock
                0x2000000c        0x4 src/ASF/sam/utils/cmsis/sam4s/source/templates/system_sam4s.o
                0x2000000c                SystemCoreClock
 .data._impure_ptr
                0x20000010        0x4 c:/program files (x86)/atmel/studio/7.0/toolchain/arm/arm-gnu-toolchain/bin/../lib/gcc/arm-none-eabi/6.3.1/../../../../arm-none-eabi/lib/thumb/v7e-m\libc.a(lib_a-impure.o)
                0x20000010                _impure_ptr
 *fill*         0x20000014        0x4 
 .data.impure_data
                0x20000018      0x428 c:/program files (x86)/atmel/studio/7.0/toolchain/arm/arm-gnu-toolchain/bin/../lib/gcc/arm-none-eabi/6.3.1/../../../../arm-none-eabi/lib/thumb/v7e-m\libc.a(lib_a-impure.o)
 .data.__atexit_recursive_mutex
                0x20000440        0x4 c:/program files (x86)/atmel/studio/7.0/toolchain/arm/arm-gnu-toolchain/bin/../lib/gcc/arm-none-eabi/6.3.1/../../../../arm-none-eabi/lib/thumb/v7e-m\libc.a(lib_a-__call_atexit.o)
                0x20000440                __atexit_recursive_mutex
 .data.__malloc_av_
                0x20000444      0x408 c:/program files (x86)/atmel/studio/7.0/toolchain/arm/arm-gnu-toolchain/bin/../lib/gcc/arm-none-eabi/6.3.1/../../../../arm-none-eabi/lib/thumb/v7e-m\libc.a(lib_a-mallocr.o)
                0x20000444                __malloc_av_
 .data.__malloc_sbrk_base
                0x2000084c        0x4 c:/program files (x86)/atmel/studio/7.0/toolchain/arm/arm-gnu-toolchain/bin/../lib/gcc/arm-none-eabi/6.3.1/../../../../arm-none-eabi/lib/thumb/v7e-m\libc.a(lib_a-mallocr.o)
                0x2000084c                __malloc_sbrk_base
 .data.__malloc_trim_threshold
                0x20000850        0x4 c:/program files (x86)/atmel/studio/7.0/toolchain/arm/arm-gnu-toolchain/bin/../lib/gcc/arm-none-eabi/6.3.1/../../../../arm-none-eabi/lib/thumb/v7e-m\libc.a(lib_a-mallocr.o)
                0x20000850                __malloc_trim_threshold
 .data.__global_locale
                0x20000854      0x16c c:/program files (x86)/atmel/studio/7.0/toolchain/arm/arm-gnu-toolchain/bin/../lib/gcc/arm-none-eabi/6.3.1/../../../../arm-none-eabi/lib/thumb/v7e-m\libc.a(lib_a-locale.o)
                0x20000854                __global_locale
                0x200009c0                . = ALIGN (0x4)
                0x200009c0                _erelocate = .

.bss            0x200009c0    0x18bb8 load address 0x004081ac
                0x200009c0                . = ALIGN (0x4)
                0x200009c0                _sbss = .
                0x200009c0                _szero = .
 *(.bss .bss.*)
 .bss           0x200009c0       0x1c c:/program files (x86)/atmel/studio/7.0/toolchain/arm/arm-gnu-toolchain/bin/../lib/gcc/arm-none-eabi/6.3.1/thumb/v7e-m/crtbegin.o
 .bss.gs_interrupt_sources
                0x200009dc       0x70 src/ASF/sam/drivers/pio/pio_handler.o
 .bss.gs_ul_nb_sources
                0x20000a4c        0x4 src/ASF/sam/drivers/pio/pio_handler.o
 .bss.pio_capture_handler
                0x20000a50        0x4 src/ASF/sam/drivers/pio/pio_handler.o
 .bss.ul_reg_val.7523
                0x20000a54        0x4 src/ASF/sam/drivers/usart/usart.o
 .bss.eoi_pos   0x20000a58        0x4 src/camera.o
                0x20000a58                eoi_pos
 .bss.g_image_length
                0x20000a5c        0x4 src/camera.o
                0x20000a5c                g_image_length
 .bss.g_vsync_flag
                0x20000a60        0x4 src/camera.o
                0x20000a60                g_vsync_flag
 .bss.soi_pos   0x20000a64        0x4 src/camera.o
                0x20000a64                soi_pos
 .bss.input_pos_wifi
                0x20000a68        0x4 src/wifi.o
                0x20000a68                input_pos_wifi
 .bss.new_rx_wifi
                0x20000a6c        0x1 src/wifi.o
                0x20000a6c                new_rx_wifi
 .bss.provision_flag
                0x20000a6d        0x1 src/wifi.o
                0x20000a6d                provision_flag
 *fill*         0x20000a6e        0x2 
 .bss.received_byte_wifi
                0x20000a70        0x4 src/wifi.o
                0x20000a70                received_byte_wifi
 .bss.success_flag
                0x20000a74        0x1 src/wifi.o
                0x20000a74                success_flag
 *fill*         0x20000a75        0x3 
 .bss.transfer_index
                0x20000a78        0x4 src/wifi.o
                0x20000a78                transfer_index
 .bss.transfer_len
                0x20000a7c        0x4 src/wifi.o
                0x20000a7c                transfer_len
 .bss.ul_sysclk.9020
                0x20000a80        0x4 src/wifi.o
 .bss.wifi_comm_success
                0x20000a84        0x1 src/wifi.o
                0x20000a84                wifi_comm_success
 *fill*         0x20000a85        0x3 
 .bss.heap.5297
                0x20000a88        0x4 src/ASF/sam/utils/syscalls/gcc/syscalls.o
 .bss.__malloc_current_mallinfo
                0x20000a8c       0x28 c:/program files (x86)/atmel/studio/7.0/toolchain/arm/arm-gnu-toolchain/bin/../lib/gcc/arm-none-eabi/6.3.1/../../../../arm-none-eabi/lib/thumb/v7e-m\libc.a(lib_a-mallocr.o)
                0x20000a8c                __malloc_current_mallinfo
 .bss.__malloc_max_sbrked_mem
                0x20000ab4        0x4 c:/program files (x86)/atmel/studio/7.0/toolchain/arm/arm-gnu-toolchain/bin/../lib/gcc/arm-none-eabi/6.3.1/../../../../arm-none-eabi/lib/thumb/v7e-m\libc.a(lib_a-mallocr.o)
                0x20000ab4                __malloc_max_sbrked_mem
 .bss.__malloc_max_total_mem
                0x20000ab8        0x4 c:/program files (x86)/atmel/studio/7.0/toolchain/arm/arm-gnu-toolchain/bin/../lib/gcc/arm-none-eabi/6.3.1/../../../../arm-none-eabi/lib/thumb/v7e-m\libc.a(lib_a-mallocr.o)
                0x20000ab8                __malloc_max_total_mem
 .bss.__malloc_top_pad
                0x20000abc        0x4 c:/program files (x86)/atmel/studio/7.0/toolchain/arm/arm-gnu-toolchain/bin/../lib/gcc/arm-none-eabi/6.3.1/../../../../arm-none-eabi/lib/thumb/v7e-m\libc.a(lib_a-mallocr.o)
                0x20000abc                __malloc_top_pad
 *(COMMON)
 COMMON         0x20000ac0        0x4 src/ASF/sam/drivers/pio/pio.o
                0x20000ac0                pio_capture_enable_flag
 COMMON         0x20000ac4    0x186a0 src/camera.o
                0x20000ac4                g_image_buffer
 COMMON         0x20019164        0x1 src/timer_interface.o
                0x20019164                counts
 *fill*         0x20019165        0x3 
 COMMON         0x20019168      0x3e8 src/wifi.o
                0x20019168                input_line_wifi
 COMMON         0x20019550       0x21 c:/program files (x86)/atmel/studio/7.0/toolchain/arm/arm-gnu-toolchain/bin/../lib/gcc/arm-none-eabi/6.3.1/../../../../arm-none-eabi/lib/thumb/v7e-m\libc.a(lib_a-lock.o)
                0x20019550                __lock___atexit_recursive_mutex
                0x20019554                __lock___arc4random_mutex
                0x20019558                __lock___env_recursive_mutex
                0x2001955c                __lock___sinit_recursive_mutex
                0x20019560                __lock___malloc_recursive_mutex
                0x20019564                __lock___at_quick_exit_mutex
                0x20019568                __lock___dd_hash_mutex
                0x2001956c                __lock___tz_mutex
                0x20019570                __lock___sfp_recursive_mutex
 *fill*         0x20019571        0x3 
 COMMON         0x20019574        0x4 c:/program files (x86)/atmel/studio/7.0/toolchain/arm/arm-gnu-toolchain/bin/../lib/gcc/arm-none-eabi/6.3.1/../../../../arm-none-eabi/lib/thumb/v7e-m\libc.a(lib_a-reent.o)
                0x20019574                errno
                0x20019578                . = ALIGN (0x4)
                0x20019578                _ebss = .
                0x20019578                _ezero = .

.stack          0x20019578     0x3000 load address 0x00420d64
                0x20019578                . = ALIGN (0x8)
                0x20019578                _sstack = .
                0x2001c578                . = (. + __stack_size__)
 *fill*         0x20019578     0x3000 
                0x2001c578                . = ALIGN (0x8)
                0x2001c578                _estack = .
                0x2001c578                . = ALIGN (0x4)
                0x2001c578                _end = .
OUTPUT(firmware.elf elf32-littlearm)

.ARM.attributes
                0x00000000       0x2a
 .ARM.attributes
                0x00000000       0x1e c:/program files (x86)/atmel/studio/7.0/toolchain/arm/arm-gnu-toolchain/bin/../lib/gcc/arm-none-eabi/6.3.1/thumb/v7e-m/crti.o
 .ARM.attributes
                0x0000001e       0x2e c:/program files (x86)/atmel/studio/7.0/toolchain/arm/arm-gnu-toolchain/bin/../lib/gcc/arm-none-eabi/6.3.1/thumb/v7e-m/crtbegin.o
 .ARM.attributes
                0x0000004c       0x33 src/ASF/common/services/clock/sam4s/sysclk.o
 .ARM.attributes
                0x0000007f       0x33 src/ASF/common/services/delay/sam/cycle_counter.o
 .ARM.attributes
                0x000000b2       0x33 src/ASF/sam/drivers/pio/pio.o
 .ARM.attributes
                0x000000e5       0x33 src/ASF/sam/drivers/pio/pio_handler.o
 .ARM.attributes
                0x00000118       0x33 src/ASF/sam/drivers/pmc/pmc.o
 .ARM.attributes
                0x0000014b       0x33 src/ASF/sam/drivers/spi/spi.o
 .ARM.attributes
                0x0000017e       0x33 src/ASF/sam/drivers/tc/tc.o
 .ARM.attributes
                0x000001b1       0x33 src/ASF/sam/drivers/twi/twi.o
 .ARM.attributes
                0x000001e4       0x33 src/ASF/sam/drivers/usart/usart.o
 .ARM.attributes
                0x00000217       0x33 src/ASF/sam/drivers/wdt/wdt.o
 .ARM.attributes
                0x0000024a       0x33 src/camera.o
 .ARM.attributes
                0x0000027d       0x33 src/camera_helper/ov2640.o
 .ARM.attributes
                0x000002b0       0x33 src/camera_helper/ov2640_table_registers.o
 .ARM.attributes
                0x000002e3       0x33 src/timer_interface.o
 .ARM.attributes
                0x00000316       0x33 src/wifi.o
 .ARM.attributes
                0x00000349       0x33 src/ASF/common/boards/user_board/init.o
 .ARM.attributes
                0x0000037c       0x33 src/ASF/sam/utils/cmsis/sam4s/source/templates/gcc/startup_sam4s.o
 .ARM.attributes
                0x000003af       0x33 src/ASF/sam/utils/cmsis/sam4s/source/templates/system_sam4s.o
 .ARM.attributes
                0x000003e2       0x33 src/ASF/sam/utils/syscalls/gcc/syscalls.o
 .ARM.attributes
                0x00000415       0x33 src/main.o
 .ARM.attributes
                0x00000448       0x2e c:/program files (x86)/atmel/studio/7.0/toolchain/arm/arm-gnu-toolchain/bin/../lib/gcc/arm-none-eabi/6.3.1/../../../../arm-none-eabi/lib/thumb/v7e-m\libc.a(lib_a-impure.o)
 .ARM.attributes
                0x00000476       0x2e c:/program files (x86)/atmel/studio/7.0/toolchain/arm/arm-gnu-toolchain/bin/../lib/gcc/arm-none-eabi/6.3.1/../../../../arm-none-eabi/lib/thumb/v7e-m\libc.a(lib_a-init.o)
 .ARM.attributes
                0x000004a4       0x2e c:/program files (x86)/atmel/studio/7.0/toolchain/arm/arm-gnu-toolchain/bin/../lib/gcc/arm-none-eabi/6.3.1/../../../../arm-none-eabi/lib/thumb/v7e-m\libc.a(lib_a-memset.o)
 .ARM.attributes
                0x000004d2       0x2e c:/program files (x86)/atmel/studio/7.0/toolchain/arm/arm-gnu-toolchain/bin/../lib/gcc/arm-none-eabi/6.3.1/../../../../arm-none-eabi/lib/thumb/v7e-m\libc.a(lib_a-sprintf.o)
 .ARM.attributes
                0x00000500       0x2e c:/program files (x86)/atmel/studio/7.0/toolchain/arm/arm-gnu-toolchain/bin/../lib/gcc/arm-none-eabi/6.3.1/../../../../arm-none-eabi/lib/thumb/v7e-m\libc.a(lib_a-strstr.o)
 .ARM.attributes
                0x0000052e       0x2e c:/program files (x86)/atmel/studio/7.0/toolchain/arm/arm-gnu-toolchain/bin/../lib/gcc/arm-none-eabi/6.3.1/../../../../arm-none-eabi/lib/thumb/v7e-m\libc.a(lib_a-svfprintf.o)
 .ARM.attributes
                0x0000055c       0x2e c:/program files (x86)/atmel/studio/7.0/toolchain/arm/arm-gnu-toolchain/bin/../lib/gcc/arm-none-eabi/6.3.1/../../../../arm-none-eabi/lib/thumb/v7e-m\libc.a(lib_a-__call_atexit.o)
 .ARM.attributes
                0x0000058a       0x2e c:/program files (x86)/atmel/studio/7.0/toolchain/arm/arm-gnu-toolchain/bin/../lib/gcc/arm-none-eabi/6.3.1/../../../../arm-none-eabi/lib/thumb/v7e-m\libc.a(lib_a-atexit.o)
 .ARM.attributes
                0x000005b8       0x2e c:/program files (x86)/atmel/studio/7.0/toolchain/arm/arm-gnu-toolchain/bin/../lib/gcc/arm-none-eabi/6.3.1/../../../../arm-none-eabi/lib/thumb/v7e-m\libc.a(lib_a-dtoa.o)
 .ARM.attributes
                0x000005e6       0x2e c:/program files (x86)/atmel/studio/7.0/toolchain/arm/arm-gnu-toolchain/bin/../lib/gcc/arm-none-eabi/6.3.1/../../../../arm-none-eabi/lib/thumb/v7e-m\libc.a(lib_a-fini.o)
 .ARM.attributes
                0x00000614       0x2e c:/program files (x86)/atmel/studio/7.0/toolchain/arm/arm-gnu-toolchain/bin/../lib/gcc/arm-none-eabi/6.3.1/../../../../arm-none-eabi/lib/thumb/v7e-m\libc.a(lib_a-localeconv.o)
 .ARM.attributes
                0x00000642       0x2e c:/program files (x86)/atmel/studio/7.0/toolchain/arm/arm-gnu-toolchain/bin/../lib/gcc/arm-none-eabi/6.3.1/../../../../arm-none-eabi/lib/thumb/v7e-m\libc.a(lib_a-lock.o)
 .ARM.attributes
                0x00000670       0x2e c:/program files (x86)/atmel/studio/7.0/toolchain/arm/arm-gnu-toolchain/bin/../lib/gcc/arm-none-eabi/6.3.1/../../../../arm-none-eabi/lib/thumb/v7e-m\libc.a(lib_a-mallocr.o)
 .ARM.attributes
                0x0000069e       0x1c c:/program files (x86)/atmel/studio/7.0/toolchain/arm/arm-gnu-toolchain/bin/../lib/gcc/arm-none-eabi/6.3.1/../../../../arm-none-eabi/lib/thumb/v7e-m\libc.a(lib_a-memchr.o)
 .ARM.attributes
                0x000006ba       0x2e c:/program files (x86)/atmel/studio/7.0/toolchain/arm/arm-gnu-toolchain/bin/../lib/gcc/arm-none-eabi/6.3.1/../../../../arm-none-eabi/lib/thumb/v7e-m\libc.a(lib_a-memcmp.o)
 .ARM.attributes
                0x000006e8       0x1c c:/program files (x86)/atmel/studio/7.0/toolchain/arm/arm-gnu-toolchain/bin/../lib/gcc/arm-none-eabi/6.3.1/../../../../arm-none-eabi/lib/thumb/v7e-m\libc.a(lib_a-memcpy.o)
 .ARM.attributes
                0x00000704       0x2e c:/program files (x86)/atmel/studio/7.0/toolchain/arm/arm-gnu-toolchain/bin/../lib/gcc/arm-none-eabi/6.3.1/../../../../arm-none-eabi/lib/thumb/v7e-m\libc.a(lib_a-mlock.o)
 .ARM.attributes
                0x00000732       0x2e c:/program files (x86)/atmel/studio/7.0/toolchain/arm/arm-gnu-toolchain/bin/../lib/gcc/arm-none-eabi/6.3.1/../../../../arm-none-eabi/lib/thumb/v7e-m\libc.a(lib_a-mprec.o)
 .ARM.attributes
                0x00000760       0x2e c:/program files (x86)/atmel/studio/7.0/toolchain/arm/arm-gnu-toolchain/bin/../lib/gcc/arm-none-eabi/6.3.1/../../../../arm-none-eabi/lib/thumb/v7e-m\libc.a(lib_a-sbrkr.o)
 .ARM.attributes
                0x0000078e       0x2e c:/program files (x86)/atmel/studio/7.0/toolchain/arm/arm-gnu-toolchain/bin/../lib/gcc/arm-none-eabi/6.3.1/../../../../arm-none-eabi/lib/thumb/v7e-m\libc.a(lib_a-strchr.o)
 .ARM.attributes
                0x000007bc       0x1c c:/program files (x86)/atmel/studio/7.0/toolchain/arm/arm-gnu-toolchain/bin/../lib/gcc/arm-none-eabi/6.3.1/../../../../arm-none-eabi/lib/thumb/v7e-m\libc.a(lib_a-strlen.o)
 .ARM.attributes
                0x000007d8       0x2e c:/program files (x86)/atmel/studio/7.0/toolchain/arm/arm-gnu-toolchain/bin/../lib/gcc/arm-none-eabi/6.3.1/../../../../arm-none-eabi/lib/thumb/v7e-m\libc.a(lib_a-svfiprintf.o)
 .ARM.attributes
                0x00000806       0x2e c:/program files (x86)/atmel/studio/7.0/toolchain/arm/arm-gnu-toolchain/bin/../lib/gcc/arm-none-eabi/6.3.1/../../../../arm-none-eabi/lib/thumb/v7e-m\libc.a(lib_a-__atexit.o)
 .ARM.attributes
                0x00000834       0x2e c:/program files (x86)/atmel/studio/7.0/toolchain/arm/arm-gnu-toolchain/bin/../lib/gcc/arm-none-eabi/6.3.1/../../../../arm-none-eabi/lib/thumb/v7e-m\libc.a(lib_a-callocr.o)
 .ARM.attributes
                0x00000862       0x2e c:/program files (x86)/atmel/studio/7.0/toolchain/arm/arm-gnu-toolchain/bin/../lib/gcc/arm-none-eabi/6.3.1/../../../../arm-none-eabi/lib/thumb/v7e-m\libc.a(lib_a-freer.o)
 .ARM.attributes
                0x00000890       0x2e c:/program files (x86)/atmel/studio/7.0/toolchain/arm/arm-gnu-toolchain/bin/../lib/gcc/arm-none-eabi/6.3.1/../../../../arm-none-eabi/lib/thumb/v7e-m\libc.a(lib_a-locale.o)
 .ARM.attributes
                0x000008be       0x2e c:/program files (x86)/atmel/studio/7.0/toolchain/arm/arm-gnu-toolchain/bin/../lib/gcc/arm-none-eabi/6.3.1/../../../../arm-none-eabi/lib/thumb/v7e-m\libc.a(lib_a-mbtowc_r.o)
 .ARM.attributes
                0x000008ec       0x2e c:/program files (x86)/atmel/studio/7.0/toolchain/arm/arm-gnu-toolchain/bin/../lib/gcc/arm-none-eabi/6.3.1/../../../../arm-none-eabi/lib/thumb/v7e-m\libc.a(lib_a-memmove.o)
 .ARM.attributes
                0x0000091a       0x2e c:/program files (x86)/atmel/studio/7.0/toolchain/arm/arm-gnu-toolchain/bin/../lib/gcc/arm-none-eabi/6.3.1/../../../../arm-none-eabi/lib/thumb/v7e-m\libc.a(lib_a-reallocr.o)
 .ARM.attributes
                0x00000948       0x2e c:/program files (x86)/atmel/studio/7.0/toolchain/arm/arm-gnu-toolchain/bin/../lib/gcc/arm-none-eabi/6.3.1/../../../../arm-none-eabi/lib/thumb/v7e-m\libc.a(lib_a-reent.o)
 .ARM.attributes
                0x00000976       0x2e c:/program files (x86)/atmel/studio/7.0/toolchain/arm/arm-gnu-toolchain/bin/../lib/gcc/arm-none-eabi/6.3.1/../../../../arm-none-eabi/lib/thumb/v7e-m\libc.a(lib_a-wctomb_r.o)
 .ARM.attributes
                0x000009a4       0x2e c:/program files (x86)/atmel/studio/7.0/toolchain/arm/arm-gnu-toolchain/bin/../lib/gcc/arm-none-eabi/6.3.1/../../../../arm-none-eabi/lib/thumb/v7e-m\libc.a(lib_a-ctype_.o)
 .ARM.attributes
                0x000009d2       0x1e c:/program files (x86)/atmel/studio/7.0/toolchain/arm/arm-gnu-toolchain/bin/../lib/gcc/arm-none-eabi/6.3.1/thumb/v7e-m\libgcc.a(_arm_addsubdf3.o)
 .ARM.attributes
                0x000009f0       0x1e c:/program files (x86)/atmel/studio/7.0/toolchain/arm/arm-gnu-toolchain/bin/../lib/gcc/arm-none-eabi/6.3.1/thumb/v7e-m\libgcc.a(_arm_muldivdf3.o)
 .ARM.attributes
                0x00000a0e       0x1e c:/program files (x86)/atmel/studio/7.0/toolchain/arm/arm-gnu-toolchain/bin/../lib/gcc/arm-none-eabi/6.3.1/thumb/v7e-m\libgcc.a(_arm_cmpdf2.o)
 .ARM.attributes
                0x00000a2c       0x1e c:/program files (x86)/atmel/studio/7.0/toolchain/arm/arm-gnu-toolchain/bin/../lib/gcc/arm-none-eabi/6.3.1/thumb/v7e-m\libgcc.a(_arm_unorddf2.o)
 .ARM.attributes
                0x00000a4a       0x1e c:/program files (x86)/atmel/studio/7.0/toolchain/arm/arm-gnu-toolchain/bin/../lib/gcc/arm-none-eabi/6.3.1/thumb/v7e-m\libgcc.a(_arm_fixdfsi.o)
 .ARM.attributes
                0x00000a68       0x1e c:/program files (x86)/atmel/studio/7.0/toolchain/arm/arm-gnu-toolchain/bin/../lib/gcc/arm-none-eabi/6.3.1/thumb/v7e-m\libgcc.a(_aeabi_uldivmod.o)
 .ARM.attributes
                0x00000a86       0x2e c:/program files (x86)/atmel/studio/7.0/toolchain/arm/arm-gnu-toolchain/bin/../lib/gcc/arm-none-eabi/6.3.1/thumb/v7e-m\libgcc.a(_udivmoddi4.o)
 .ARM.attributes
                0x00000ab4       0x1e c:/program files (x86)/atmel/studio/7.0/toolchain/arm/arm-gnu-toolchain/bin/../lib/gcc/arm-none-eabi/6.3.1/thumb/v7e-m\libgcc.a(_dvmd_tls.o)
 .ARM.attributes
                0x00000ad2       0x1e c:/program files (x86)/atmel/studio/7.0/toolchain/arm/arm-gnu-toolchain/bin/../lib/gcc/arm-none-eabi/6.3.1/thumb/v7e-m/crtn.o

.comment        0x00000000       0x59
 .comment       0x00000000       0x59 src/ASF/common/services/clock/sam4s/sysclk.o
                                 0x5a (size before relaxing)
 .comment       0x00000059       0x5a src/ASF/common/services/delay/sam/cycle_counter.o
 .comment       0x00000059       0x5a src/ASF/sam/drivers/pio/pio.o
 .comment       0x00000059       0x5a src/ASF/sam/drivers/pio/pio_handler.o
 .comment       0x00000059       0x5a src/ASF/sam/drivers/pmc/pmc.o
 .comment       0x00000059       0x5a src/ASF/sam/drivers/spi/spi.o
 .comment       0x00000059       0x5a src/ASF/sam/drivers/tc/tc.o
 .comment       0x00000059       0x5a src/ASF/sam/drivers/twi/twi.o
 .comment       0x00000059       0x5a src/ASF/sam/drivers/usart/usart.o
 .comment       0x00000059       0x5a src/ASF/sam/drivers/wdt/wdt.o
 .comment       0x00000059       0x5a src/camera.o
 .comment       0x00000059       0x5a src/camera_helper/ov2640.o
 .comment       0x00000059       0x5a src/camera_helper/ov2640_table_registers.o
 .comment       0x00000059       0x5a src/timer_interface.o
 .comment       0x00000059       0x5a src/wifi.o
 .comment       0x00000059       0x5a src/ASF/common/boards/user_board/init.o
 .comment       0x00000059       0x5a src/ASF/sam/utils/cmsis/sam4s/source/templates/gcc/startup_sam4s.o
 .comment       0x00000059       0x5a src/ASF/sam/utils/cmsis/sam4s/source/templates/system_sam4s.o
 .comment       0x00000059       0x5a src/ASF/sam/utils/syscalls/gcc/syscalls.o
 .comment       0x00000059       0x5a src/main.o

.debug_info     0x00000000    0x1982b
 .debug_info    0x00000000     0x12c2 src/ASF/common/services/clock/sam4s/sysclk.o
 .debug_info    0x000012c2      0xa45 src/ASF/common/services/delay/sam/cycle_counter.o
 .debug_info    0x00001d07     0x221d src/ASF/sam/drivers/pio/pio.o
 .debug_info    0x00003f24     0x18c9 src/ASF/sam/drivers/pio/pio_handler.o
 .debug_info    0x000057ed     0x19bc src/ASF/sam/drivers/pmc/pmc.o
 .debug_info    0x000071a9     0x11c9 src/ASF/sam/drivers/spi/spi.o
 .debug_info    0x00008372     0x123c src/ASF/sam/drivers/tc/tc.o
 .debug_info    0x000095ae     0x1428 src/ASF/sam/drivers/twi/twi.o
 .debug_info    0x0000a9d6     0x205d src/ASF/sam/drivers/usart/usart.o
 .debug_info    0x0000ca33      0xbe5 src/ASF/sam/drivers/wdt/wdt.o
 .debug_info    0x0000d618     0x20f8 src/camera.o
 .debug_info    0x0000f710     0x1ca6 src/camera_helper/ov2640.o
 .debug_info    0x000113b6      0xc72 src/camera_helper/ov2640_table_registers.o
 .debug_info    0x00012028     0x1080 src/timer_interface.o
 .debug_info    0x000130a8     0x24c2 src/wifi.o
 .debug_info    0x0001556a     0x1223 src/ASF/common/boards/user_board/init.o
 .debug_info    0x0001678d      0x6d2 src/ASF/sam/utils/cmsis/sam4s/source/templates/gcc/startup_sam4s.o
 .debug_info    0x00016e5f      0x458 src/ASF/sam/utils/cmsis/sam4s/source/templates/system_sam4s.o
 .debug_info    0x000172b7      0xdb0 src/ASF/sam/utils/syscalls/gcc/syscalls.o
 .debug_info    0x00018067     0x17c4 src/main.o

.debug_abbrev   0x00000000     0x39ff
 .debug_abbrev  0x00000000      0x333 src/ASF/common/services/clock/sam4s/sysclk.o
 .debug_abbrev  0x00000333      0x1b3 src/ASF/common/services/delay/sam/cycle_counter.o
 .debug_abbrev  0x000004e6      0x3ff src/ASF/sam/drivers/pio/pio.o
 .debug_abbrev  0x000008e5      0x37f src/ASF/sam/drivers/pio/pio_handler.o
 .debug_abbrev  0x00000c64      0x315 src/ASF/sam/drivers/pmc/pmc.o
 .debug_abbrev  0x00000f79      0x398 src/ASF/sam/drivers/spi/spi.o
 .debug_abbrev  0x00001311      0x293 src/ASF/sam/drivers/tc/tc.o
 .debug_abbrev  0x000015a4      0x39c src/ASF/sam/drivers/twi/twi.o
 .debug_abbrev  0x00001940      0x406 src/ASF/sam/drivers/usart/usart.o
 .debug_abbrev  0x00001d46      0x230 src/ASF/sam/drivers/wdt/wdt.o
 .debug_abbrev  0x00001f76      0x3a9 src/camera.o
 .debug_abbrev  0x0000231f      0x3b0 src/camera_helper/ov2640.o
 .debug_abbrev  0x000026cf      0x1b4 src/camera_helper/ov2640_table_registers.o
 .debug_abbrev  0x00002883      0x2b8 src/timer_interface.o
 .debug_abbrev  0x00002b3b      0x3da src/wifi.o
 .debug_abbrev  0x00002f15      0x2bf src/ASF/common/boards/user_board/init.o
 .debug_abbrev  0x000031d4      0x15e src/ASF/sam/utils/cmsis/sam4s/source/templates/gcc/startup_sam4s.o
 .debug_abbrev  0x00003332      0x102 src/ASF/sam/utils/cmsis/sam4s/source/templates/system_sam4s.o
 .debug_abbrev  0x00003434      0x264 src/ASF/sam/utils/syscalls/gcc/syscalls.o
 .debug_abbrev  0x00003698      0x367 src/main.o

.debug_loc      0x00000000     0x591a
 .debug_loc     0x00000000      0x1d9 src/ASF/common/services/clock/sam4s/sysclk.o
 .debug_loc     0x000001d9      0xdef src/ASF/sam/drivers/pio/pio.o
 .debug_loc     0x00000fc8      0x531 src/ASF/sam/drivers/pio/pio_handler.o
 .debug_loc     0x000014f9      0xb91 src/ASF/sam/drivers/pmc/pmc.o
 .debug_loc     0x0000208a      0x5ac src/ASF/sam/drivers/spi/spi.o
 .debug_loc     0x00002636      0x5a4 src/ASF/sam/drivers/tc/tc.o
 .debug_loc     0x00002bda      0xa21 src/ASF/sam/drivers/twi/twi.o
 .debug_loc     0x000035fb      0xe59 src/ASF/sam/drivers/usart/usart.o
 .debug_loc     0x00004454      0x145 src/ASF/sam/drivers/wdt/wdt.o
 .debug_loc     0x00004599      0x241 src/camera.o
 .debug_loc     0x000047da      0x9a9 src/camera_helper/ov2640.o
 .debug_loc     0x00005183       0x6c src/timer_interface.o
 .debug_loc     0x000051ef      0x40d src/wifi.o
 .debug_loc     0x000055fc       0xc0 src/ASF/common/boards/user_board/init.o
 .debug_loc     0x000056bc       0xa1 src/ASF/sam/utils/cmsis/sam4s/source/templates/gcc/startup_sam4s.o
 .debug_loc     0x0000575d       0xfd src/ASF/sam/utils/syscalls/gcc/syscalls.o
 .debug_loc     0x0000585a       0xc0 src/main.o

.debug_aranges  0x00000000      0xb78
 .debug_aranges
                0x00000000       0x40 src/ASF/common/services/clock/sam4s/sysclk.o
 .debug_aranges
                0x00000040       0x20 src/ASF/common/services/delay/sam/cycle_counter.o
 .debug_aranges
                0x00000060      0x1a8 src/ASF/sam/drivers/pio/pio.o
 .debug_aranges
                0x00000208       0x50 src/ASF/sam/drivers/pio/pio_handler.o
 .debug_aranges
                0x00000258      0x208 src/ASF/sam/drivers/pmc/pmc.o
 .debug_aranges
                0x00000460       0x90 src/ASF/sam/drivers/spi/spi.o
 .debug_aranges
                0x000004f0       0xd0 src/ASF/sam/drivers/tc/tc.o
 .debug_aranges
                0x000005c0       0xc8 src/ASF/sam/drivers/twi/twi.o
 .debug_aranges
                0x00000688      0x210 src/ASF/sam/drivers/usart/usart.o
 .debug_aranges
                0x00000898       0x48 src/ASF/sam/drivers/wdt/wdt.o
 .debug_aranges
                0x000008e0       0x60 src/camera.o
 .debug_aranges
                0x00000940       0x78 src/camera_helper/ov2640.o
 .debug_aranges
                0x000009b8       0x18 src/camera_helper/ov2640_table_registers.o
 .debug_aranges
                0x000009d0       0x28 src/timer_interface.o
 .debug_aranges
                0x000009f8       0x88 src/wifi.o
 .debug_aranges
                0x00000a80       0x20 src/ASF/common/boards/user_board/init.o
 .debug_aranges
                0x00000aa0       0x28 src/ASF/sam/utils/cmsis/sam4s/source/templates/gcc/startup_sam4s.o
 .debug_aranges
                0x00000ac8       0x30 src/ASF/sam/utils/cmsis/sam4s/source/templates/system_sam4s.o
 .debug_aranges
                0x00000af8       0x60 src/ASF/sam/utils/syscalls/gcc/syscalls.o
 .debug_aranges
                0x00000b58       0x20 src/main.o

.debug_ranges   0x00000000      0xaa8
 .debug_ranges  0x00000000       0x30 src/ASF/common/services/clock/sam4s/sysclk.o
 .debug_ranges  0x00000030       0x10 src/ASF/common/services/delay/sam/cycle_counter.o
 .debug_ranges  0x00000040      0x1b0 src/ASF/sam/drivers/pio/pio.o
 .debug_ranges  0x000001f0       0x58 src/ASF/sam/drivers/pio/pio_handler.o
 .debug_ranges  0x00000248      0x1f8 src/ASF/sam/drivers/pmc/pmc.o
 .debug_ranges  0x00000440       0x80 src/ASF/sam/drivers/spi/spi.o
 .debug_ranges  0x000004c0       0xc0 src/ASF/sam/drivers/tc/tc.o
 .debug_ranges  0x00000580       0xb8 src/ASF/sam/drivers/twi/twi.o
 .debug_ranges  0x00000638      0x200 src/ASF/sam/drivers/usart/usart.o
 .debug_ranges  0x00000838       0x38 src/ASF/sam/drivers/wdt/wdt.o
 .debug_ranges  0x00000870       0x50 src/camera.o
 .debug_ranges  0x000008c0       0x80 src/camera_helper/ov2640.o
 .debug_ranges  0x00000940       0x18 src/timer_interface.o
 .debug_ranges  0x00000958       0x78 src/wifi.o
 .debug_ranges  0x000009d0       0x10 src/ASF/common/boards/user_board/init.o
 .debug_ranges  0x000009e0       0x18 src/ASF/sam/utils/cmsis/sam4s/source/templates/gcc/startup_sam4s.o
 .debug_ranges  0x000009f8       0x20 src/ASF/sam/utils/cmsis/sam4s/source/templates/system_sam4s.o
 .debug_ranges  0x00000a18       0x50 src/ASF/sam/utils/syscalls/gcc/syscalls.o
 .debug_ranges  0x00000a68       0x40 src/main.o

.debug_macro    0x00000000    0x15de6
 .debug_macro   0x00000000      0x56d src/ASF/common/services/clock/sam4s/sysclk.o
 .debug_macro   0x0000056d      0x8c8 src/ASF/common/services/clock/sam4s/sysclk.o
 .debug_macro   0x00000e35      0x71d src/ASF/common/services/clock/sam4s/sysclk.o
 .debug_macro   0x00001552       0x46 src/ASF/common/services/clock/sam4s/sysclk.o
 .debug_macro   0x00001598      0x16d src/ASF/common/services/clock/sam4s/sysclk.o
 .debug_macro   0x00001705       0x76 src/ASF/common/services/clock/sam4s/sysclk.o
 .debug_macro   0x0000177b       0x16 src/ASF/common/services/clock/sam4s/sysclk.o
 .debug_macro   0x00001791      0x6da src/ASF/common/services/clock/sam4s/sysclk.o
 .debug_macro   0x00001e6b       0x22 src/ASF/common/services/clock/sam4s/sysclk.o
 .debug_macro   0x00001e8d       0x87 src/ASF/common/services/clock/sam4s/sysclk.o
 .debug_macro   0x00001f14       0x51 src/ASF/common/services/clock/sam4s/sysclk.o
 .debug_macro   0x00001f65       0xef src/ASF/common/services/clock/sam4s/sysclk.o
 .debug_macro   0x00002054       0x6a src/ASF/common/services/clock/sam4s/sysclk.o
 .debug_macro   0x000020be      0x1df src/ASF/common/services/clock/sam4s/sysclk.o
 .debug_macro   0x0000229d       0x27 src/ASF/common/services/clock/sam4s/sysclk.o
 .debug_macro   0x000022c4       0x1c src/ASF/common/services/clock/sam4s/sysclk.o
 .debug_macro   0x000022e0       0x22 src/ASF/common/services/clock/sam4s/sysclk.o
 .debug_macro   0x00002302       0xdf src/ASF/common/services/clock/sam4s/sysclk.o
 .debug_macro   0x000023e1     0x102d src/ASF/common/services/clock/sam4s/sysclk.o
 .debug_macro   0x0000340e      0x11f src/ASF/common/services/clock/sam4s/sysclk.o
 .debug_macro   0x0000352d      0x154 src/ASF/common/services/clock/sam4s/sysclk.o
 .debug_macro   0x00003681      0xaa5 src/ASF/common/services/clock/sam4s/sysclk.o
 .debug_macro   0x00004126      0x1b4 src/ASF/common/services/clock/sam4s/sysclk.o
 .debug_macro   0x000042da       0xac src/ASF/common/services/clock/sam4s/sysclk.o
 .debug_macro   0x00004386      0x3f7 src/ASF/common/services/clock/sam4s/sysclk.o
 .debug_macro   0x0000477d      0x106 src/ASF/common/services/clock/sam4s/sysclk.o
 .debug_macro   0x00004883       0x1c src/ASF/common/services/clock/sam4s/sysclk.o
 .debug_macro   0x0000489f      0x72f src/ASF/common/services/clock/sam4s/sysclk.o
 .debug_macro   0x00004fce      0x2c9 src/ASF/common/services/clock/sam4s/sysclk.o
 .debug_macro   0x00005297       0xbe src/ASF/common/services/clock/sam4s/sysclk.o
 .debug_macro   0x00005355     0x2807 src/ASF/common/services/clock/sam4s/sysclk.o
 .debug_macro   0x00007b5c      0x76e src/ASF/common/services/clock/sam4s/sysclk.o
 .debug_macro   0x000082ca      0xa84 src/ASF/common/services/clock/sam4s/sysclk.o
 .debug_macro   0x00008d4e       0x9a src/ASF/common/services/clock/sam4s/sysclk.o
 .debug_macro   0x00008de8      0x3cf src/ASF/common/services/clock/sam4s/sysclk.o
 .debug_macro   0x000091b7       0x64 src/ASF/common/services/clock/sam4s/sysclk.o
 .debug_macro   0x0000921b      0x37c src/ASF/common/services/clock/sam4s/sysclk.o
 .debug_macro   0x00009597      0x61b src/ASF/common/services/clock/sam4s/sysclk.o
 .debug_macro   0x00009bb2      0x686 src/ASF/common/services/clock/sam4s/sysclk.o
 .debug_macro   0x0000a238      0x595 src/ASF/common/services/clock/sam4s/sysclk.o
 .debug_macro   0x0000a7cd      0x344 src/ASF/common/services/clock/sam4s/sysclk.o
 .debug_macro   0x0000ab11      0x283 src/ASF/common/services/clock/sam4s/sysclk.o
 .debug_macro   0x0000ad94      0x2cd src/ASF/common/services/clock/sam4s/sysclk.o
 .debug_macro   0x0000b061      0x6cf src/ASF/common/services/clock/sam4s/sysclk.o
 .debug_macro   0x0000b730       0x76 src/ASF/common/services/clock/sam4s/sysclk.o
 .debug_macro   0x0000b7a6       0xb8 src/ASF/common/services/clock/sam4s/sysclk.o
 .debug_macro   0x0000b85e       0xb2 src/ASF/common/services/clock/sam4s/sysclk.o
 .debug_macro   0x0000b910       0x88 src/ASF/common/services/clock/sam4s/sysclk.o
 .debug_macro   0x0000b998      0x100 src/ASF/common/services/clock/sam4s/sysclk.o
 .debug_macro   0x0000ba98       0x88 src/ASF/common/services/clock/sam4s/sysclk.o
 .debug_macro   0x0000bb20       0x88 src/ASF/common/services/clock/sam4s/sysclk.o
 .debug_macro   0x0000bba8      0x2cd src/ASF/common/services/clock/sam4s/sysclk.o
 .debug_macro   0x0000be75       0xb2 src/ASF/common/services/clock/sam4s/sysclk.o
 .debug_macro   0x0000bf27       0xb2 src/ASF/common/services/clock/sam4s/sysclk.o
 .debug_macro   0x0000bfd9       0x52 src/ASF/common/services/clock/sam4s/sysclk.o
 .debug_macro   0x0000c02b       0xac src/ASF/common/services/clock/sam4s/sysclk.o
 .debug_macro   0x0000c0d7       0x7c src/ASF/common/services/clock/sam4s/sysclk.o
 .debug_macro   0x0000c153       0x40 src/ASF/common/services/clock/sam4s/sysclk.o
 .debug_macro   0x0000c193       0x64 src/ASF/common/services/clock/sam4s/sysclk.o
 .debug_macro   0x0000c1f7       0x4c src/ASF/common/services/clock/sam4s/sysclk.o
 .debug_macro   0x0000c243       0xa6 src/ASF/common/services/clock/sam4s/sysclk.o
 .debug_macro   0x0000c2e9       0x7c src/ASF/common/services/clock/sam4s/sysclk.o
 .debug_macro   0x0000c365       0x16 src/ASF/common/services/clock/sam4s/sysclk.o
 .debug_macro   0x0000c37b       0x7c src/ASF/common/services/clock/sam4s/sysclk.o
 .debug_macro   0x0000c3f7       0x22 src/ASF/common/services/clock/sam4s/sysclk.o
 .debug_macro   0x0000c419      0x18b src/ASF/common/services/clock/sam4s/sysclk.o
 .debug_macro   0x0000c5a4      0x15b src/ASF/common/services/clock/sam4s/sysclk.o
 .debug_macro   0x0000c6ff       0x1c src/ASF/common/services/clock/sam4s/sysclk.o
 .debug_macro   0x0000c71b       0x2e src/ASF/common/services/clock/sam4s/sysclk.o
 .debug_macro   0x0000c749       0x22 src/ASF/common/services/clock/sam4s/sysclk.o
 .debug_macro   0x0000c76b       0x1c src/ASF/common/services/clock/sam4s/sysclk.o
 .debug_macro   0x0000c787       0x52 src/ASF/common/services/clock/sam4s/sysclk.o
 .debug_macro   0x0000c7d9       0x10 src/ASF/common/services/clock/sam4s/sysclk.o
 .debug_macro   0x0000c7e9      0x1e7 src/ASF/common/services/clock/sam4s/sysclk.o
 .debug_macro   0x0000c9d0      0x605 src/ASF/common/services/clock/sam4s/sysclk.o
 .debug_macro   0x0000cfd5      0x107 src/ASF/common/services/clock/sam4s/sysclk.o
 .debug_macro   0x0000d0dc       0x58 src/ASF/common/services/clock/sam4s/sysclk.o
 .debug_macro   0x0000d134       0x35 src/ASF/common/services/clock/sam4s/sysclk.o
 .debug_macro   0x0000d169       0x9c src/ASF/common/services/clock/sam4s/sysclk.o
 .debug_macro   0x0000d205       0x16 src/ASF/common/services/clock/sam4s/sysclk.o
 .debug_macro   0x0000d21b       0x35 src/ASF/common/services/clock/sam4s/sysclk.o
 .debug_macro   0x0000d250      0x34d src/ASF/common/services/clock/sam4s/sysclk.o
 .debug_macro   0x0000d59d       0x10 src/ASF/common/services/clock/sam4s/sysclk.o
 .debug_macro   0x0000d5ad       0x58 src/ASF/common/services/clock/sam4s/sysclk.o
 .debug_macro   0x0000d605       0x1f src/ASF/common/services/clock/sam4s/sysclk.o
 .debug_macro   0x0000d624       0x43 src/ASF/common/services/clock/sam4s/sysclk.o
 .debug_macro   0x0000d667       0x20 src/ASF/common/services/clock/sam4s/sysclk.o
 .debug_macro   0x0000d687      0x187 src/ASF/common/services/clock/sam4s/sysclk.o
 .debug_macro   0x0000d80e       0x10 src/ASF/common/services/clock/sam4s/sysclk.o
 .debug_macro   0x0000d81e       0x1c src/ASF/common/services/clock/sam4s/sysclk.o
 .debug_macro   0x0000d83a       0x52 src/ASF/common/services/clock/sam4s/sysclk.o
 .debug_macro   0x0000d88c       0x40 src/ASF/common/services/clock/sam4s/sysclk.o
 .debug_macro   0x0000d8cc       0x10 src/ASF/common/services/clock/sam4s/sysclk.o
 .debug_macro   0x0000d8dc       0x40 src/ASF/common/services/clock/sam4s/sysclk.o
 .debug_macro   0x0000d91c       0xd7 src/ASF/common/services/clock/sam4s/sysclk.o
 .debug_macro   0x0000d9f3       0x16 src/ASF/common/services/clock/sam4s/sysclk.o
 .debug_macro   0x0000da09      0x18b src/ASF/common/services/clock/sam4s/sysclk.o
 .debug_macro   0x0000db94       0x22 src/ASF/common/services/clock/sam4s/sysclk.o
 .debug_macro   0x0000dbb6       0x16 src/ASF/common/services/clock/sam4s/sysclk.o
 .debug_macro   0x0000dbcc       0x16 src/ASF/common/services/clock/sam4s/sysclk.o
 .debug_macro   0x0000dbe2       0x29 src/ASF/common/services/clock/sam4s/sysclk.o
 .debug_macro   0x0000dc0b       0x73 src/ASF/common/services/clock/sam4s/sysclk.o
 .debug_macro   0x0000dc7e       0x3e src/ASF/common/services/clock/sam4s/sysclk.o
 .debug_macro   0x0000dcbc      0x3ca src/ASF/common/services/clock/sam4s/sysclk.o
 .debug_macro   0x0000e086      0x2d9 src/ASF/common/services/clock/sam4s/sysclk.o
 .debug_macro   0x0000e35f       0x22 src/ASF/common/services/clock/sam4s/sysclk.o
 .debug_macro   0x0000e381       0x58 src/ASF/common/services/clock/sam4s/sysclk.o
 .debug_macro   0x0000e3d9       0x82 src/ASF/common/services/clock/sam4s/sysclk.o
 .debug_macro   0x0000e45b       0x46 src/ASF/common/services/clock/sam4s/sysclk.o
 .debug_macro   0x0000e4a1       0x90 src/ASF/common/services/clock/sam4s/sysclk.o
 .debug_macro   0x0000e531      0x502 src/ASF/common/services/delay/sam/cycle_counter.o
 .debug_macro   0x0000ea33       0x22 src/ASF/common/services/delay/sam/cycle_counter.o
 .debug_macro   0x0000ea55      0x508 src/ASF/sam/drivers/pio/pio.o
 .debug_macro   0x0000ef5d       0x8e src/ASF/sam/drivers/pio/pio.o
 .debug_macro   0x0000efeb      0x512 src/ASF/sam/drivers/pio/pio_handler.o
 .debug_macro   0x0000f4fd      0x508 src/ASF/sam/drivers/pmc/pmc.o
 .debug_macro   0x0000fa05       0x52 src/ASF/sam/drivers/pmc/pmc.o
 .debug_macro   0x0000fa57      0x576 src/ASF/sam/drivers/spi/spi.o
 .debug_macro   0x0000ffcd       0x10 src/ASF/sam/drivers/spi/spi.o
 .debug_macro   0x0000ffdd      0x508 src/ASF/sam/drivers/tc/tc.o
 .debug_macro   0x000104e5       0x52 src/ASF/sam/drivers/tc/tc.o
 .debug_macro   0x00010537       0x8d src/ASF/sam/drivers/tc/tc.o
 .debug_macro   0x000105c4       0x16 src/ASF/sam/drivers/tc/tc.o
 .debug_macro   0x000105da       0x57 src/ASF/sam/drivers/tc/tc.o
 .debug_macro   0x00010631       0x1c src/ASF/sam/drivers/tc/tc.o
 .debug_macro   0x0001064d      0x52c src/ASF/sam/drivers/twi/twi.o
 .debug_macro   0x00010b79       0x46 src/ASF/sam/drivers/twi/twi.o
 .debug_macro   0x00010bbf      0x538 src/ASF/sam/drivers/usart/usart.o
 .debug_macro   0x000110f7       0x28 src/ASF/sam/drivers/usart/usart.o
 .debug_macro   0x0001111f      0x515 src/ASF/sam/drivers/wdt/wdt.o
 .debug_macro   0x00011634      0x665 src/camera.o
 .debug_macro   0x00011c99       0x28 src/camera.o
 .debug_macro   0x00011cc1       0x22 src/camera.o
 .debug_macro   0x00011ce3       0x94 src/camera.o
 .debug_macro   0x00011d77       0x40 src/camera.o
 .debug_macro   0x00011db7       0x88 src/camera.o
 .debug_macro   0x00011e3f       0x16 src/camera.o
 .debug_macro   0x00011e55       0x4c src/camera.o
 .debug_macro   0x00011ea1       0x10 src/camera.o
 .debug_macro   0x00011eb1      0x401 src/camera.o
 .debug_macro   0x000122b2       0xfa src/camera.o
 .debug_macro   0x000123ac      0x5ca src/camera_helper/ov2640.o
 .debug_macro   0x00012976      0x3fb src/camera_helper/ov2640.o
 .debug_macro   0x00012d71       0x16 src/camera_helper/ov2640.o
 .debug_macro   0x00012d87      0x5a6 src/camera_helper/ov2640_table_registers.o
 .debug_macro   0x0001332d      0x67a src/timer_interface.o
 .debug_macro   0x000139a7      0x6a0 src/wifi.o
 .debug_macro   0x00014047       0x10 src/wifi.o
 .debug_macro   0x00014057      0x100 src/wifi.o
 .debug_macro   0x00014157      0x124 src/wifi.o
 .debug_macro   0x0001427b      0x645 src/ASF/common/boards/user_board/init.o
 .debug_macro   0x000148c0      0x2f4 src/ASF/sam/utils/cmsis/sam4s/source/templates/gcc/startup_sam4s.o
 .debug_macro   0x00014bb4      0x2fc src/ASF/sam/utils/cmsis/sam4s/source/templates/system_sam4s.o
 .debug_macro   0x00014eb0      0x1d6 src/ASF/sam/utils/syscalls/gcc/syscalls.o
 .debug_macro   0x00015086       0x97 src/ASF/sam/utils/syscalls/gcc/syscalls.o
 .debug_macro   0x0001511d      0x353 src/ASF/sam/utils/syscalls/gcc/syscalls.o
 .debug_macro   0x00015470       0xf6 src/ASF/sam/utils/syscalls/gcc/syscalls.o
 .debug_macro   0x00015566       0x4c src/ASF/sam/utils/syscalls/gcc/syscalls.o
 .debug_macro   0x000155b2       0x16 src/ASF/sam/utils/syscalls/gcc/syscalls.o
 .debug_macro   0x000155c8       0x10 src/ASF/sam/utils/syscalls/gcc/syscalls.o
 .debug_macro   0x000155d8       0x10 src/ASF/sam/utils/syscalls/gcc/syscalls.o
 .debug_macro   0x000155e8       0x35 src/ASF/sam/utils/syscalls/gcc/syscalls.o
 .debug_macro   0x0001561d      0x122 src/ASF/sam/utils/syscalls/gcc/syscalls.o
 .debug_macro   0x0001573f      0x6a7 src/main.o

.debug_line     0x00000000     0xf920
 .debug_line    0x00000000      0xbc8 src/ASF/common/services/clock/sam4s/sysclk.o
 .debug_line    0x00000bc8      0xa3f src/ASF/common/services/delay/sam/cycle_counter.o
 .debug_line    0x00001607      0xee8 src/ASF/sam/drivers/pio/pio.o
 .debug_line    0x000024ef      0xafe src/ASF/sam/drivers/pio/pio_handler.o
 .debug_line    0x00002fed      0xfcf src/ASF/sam/drivers/pmc/pmc.o
 .debug_line    0x00003fbc      0xc8a src/ASF/sam/drivers/spi/spi.o
 .debug_line    0x00004c46      0xbd7 src/ASF/sam/drivers/tc/tc.o
 .debug_line    0x0000581d      0xc9d src/ASF/sam/drivers/twi/twi.o
 .debug_line    0x000064ba      0xfb5 src/ASF/sam/drivers/usart/usart.o
 .debug_line    0x0000746f      0xa8b src/ASF/sam/drivers/wdt/wdt.o
 .debug_line    0x00007efa      0xf9b src/camera.o
 .debug_line    0x00008e95      0xdec src/camera_helper/ov2640.o
 .debug_line    0x00009c81      0xbfb src/camera_helper/ov2640_table_registers.o
 .debug_line    0x0000a87c      0xea1 src/timer_interface.o
 .debug_line    0x0000b71d     0x103f src/wifi.o
 .debug_line    0x0000c75c      0xe47 src/ASF/common/boards/user_board/init.o
 .debug_line    0x0000d5a3      0x80c src/ASF/sam/utils/cmsis/sam4s/source/templates/gcc/startup_sam4s.o
 .debug_line    0x0000ddaf      0x83d src/ASF/sam/utils/cmsis/sam4s/source/templates/system_sam4s.o
 .debug_line    0x0000e5ec      0x40b src/ASF/sam/utils/syscalls/gcc/syscalls.o
 .debug_line    0x0000e9f7      0xf29 src/main.o

.debug_str      0x00000000    0x52486
 .debug_str     0x00000000    0x4b979 src/ASF/common/services/clock/sam4s/sysclk.o
                              0x4bd8a (size before relaxing)
 .debug_str     0x0004b979      0x1a9 src/ASF/common/services/delay/sam/cycle_counter.o
                              0x4a757 (size before relaxing)
 .debug_str     0x0004bb22      0xbbf src/ASF/sam/drivers/pio/pio.o
                              0x4b1f7 (size before relaxing)
 .debug_str     0x0004c6e1      0x38d src/ASF/sam/drivers/pio/pio_handler.o
                              0x4b0fb (size before relaxing)
 .debug_str     0x0004ca6e      0x5d4 src/ASF/sam/drivers/pmc/pmc.o
                              0x4b043 (size before relaxing)
 .debug_str     0x0004d042      0x45d src/ASF/sam/drivers/spi/spi.o
                              0x4bdf2 (size before relaxing)
 .debug_str     0x0004d49f      0x356 src/ASF/sam/drivers/tc/tc.o
                              0x4a942 (size before relaxing)
 .debug_str     0x0004d7f5      0x4aa src/ASF/sam/drivers/twi/twi.o
                              0x4ab22 (size before relaxing)
 .debug_str     0x0004dc9f      0x94e src/ASF/sam/drivers/usart/usart.o
                              0x4afdc (size before relaxing)
 .debug_str     0x0004e5ed      0x12a src/ASF/sam/drivers/wdt/wdt.o
                              0x4a6de (size before relaxing)
 .debug_str     0x0004e717     0x245e src/camera.o
                              0x4eea7 (size before relaxing)
 .debug_str     0x00050b75      0x1e1 src/camera_helper/ov2640.o
                              0x4df06 (size before relaxing)
 .debug_str     0x00050d56       0x2e src/camera_helper/ov2640_table_registers.o
                              0x4d6c3 (size before relaxing)
 .debug_str     0x00050d84       0x5f src/timer_interface.o
                              0x4cc31 (size before relaxing)
 .debug_str     0x00050de3      0x8bd src/wifi.o
                              0x4f6ce (size before relaxing)
 .debug_str     0x000516a0      0x136 src/ASF/common/boards/user_board/init.o
                              0x4cbf8 (size before relaxing)
 .debug_str     0x000517d6      0x428 src/ASF/sam/utils/cmsis/sam4s/source/templates/gcc/startup_sam4s.o
                              0x3a1f9 (size before relaxing)
 .debug_str     0x00051bfe       0xb9 src/ASF/sam/utils/cmsis/sam4s/source/templates/system_sam4s.o
                              0x39f9e (size before relaxing)
 .debug_str     0x00051cb7      0x77b src/ASF/sam/utils/syscalls/gcc/syscalls.o
                               0x73fe (size before relaxing)
 .debug_str     0x00052432       0x54 src/main.o
                              0x4effa (size before relaxing)

.debug_frame    0x00000000     0x25c0
 .debug_frame   0x00000000       0x88 src/ASF/common/services/clock/sam4s/sysclk.o
 .debug_frame   0x00000088       0x20 src/ASF/common/services/delay/sam/cycle_counter.o
 .debug_frame   0x000000a8      0x384 src/ASF/sam/drivers/pio/pio.o
 .debug_frame   0x0000042c       0xdc src/ASF/sam/drivers/pio/pio_handler.o
 .debug_frame   0x00000508      0x408 src/ASF/sam/drivers/pmc/pmc.o
 .debug_frame   0x00000910      0x140 src/ASF/sam/drivers/spi/spi.o
 .debug_frame   0x00000a50      0x1a8 src/ASF/sam/drivers/tc/tc.o
 .debug_frame   0x00000bf8      0x1d4 src/ASF/sam/drivers/twi/twi.o
 .debug_frame   0x00000dcc      0x48c src/ASF/sam/drivers/usart/usart.o
 .debug_frame   0x00001258       0x7c src/ASF/sam/drivers/wdt/wdt.o
 .debug_frame   0x000012d4       0xe8 src/camera.o
 .debug_frame   0x000013bc      0x190 src/camera_helper/ov2640.o
 .debug_frame   0x0000154c       0x48 src/timer_interface.o
 .debug_frame   0x00001594      0x16c src/wifi.o
 .debug_frame   0x00001700       0x28 src/ASF/common/boards/user_board/init.o
 .debug_frame   0x00001728       0x38 src/ASF/sam/utils/cmsis/sam4s/source/templates/gcc/startup_sam4s.o
 .debug_frame   0x00001760       0x40 src/ASF/sam/utils/cmsis/sam4s/source/templates/system_sam4s.o
 .debug_frame   0x000017a0       0xa0 src/ASF/sam/utils/syscalls/gcc/syscalls.o
 .debug_frame   0x00001840       0x30 src/main.o
 .debug_frame   0x00001870       0x2c c:/program files (x86)/atmel/studio/7.0/toolchain/arm/arm-gnu-toolchain/bin/../lib/gcc/arm-none-eabi/6.3.1/../../../../arm-none-eabi/lib/thumb/v7e-m\libc.a(lib_a-init.o)
 .debug_frame   0x0000189c       0x34 c:/program files (x86)/atmel/studio/7.0/toolchain/arm/arm-gnu-toolchain/bin/../lib/gcc/arm-none-eabi/6.3.1/../../../../arm-none-eabi/lib/thumb/v7e-m\libc.a(lib_a-memset.o)
 .debug_frame   0x000018d0       0x84 c:/program files (x86)/atmel/studio/7.0/toolchain/arm/arm-gnu-toolchain/bin/../lib/gcc/arm-none-eabi/6.3.1/../../../../arm-none-eabi/lib/thumb/v7e-m\libc.a(lib_a-sprintf.o)
 .debug_frame   0x00001954       0xd8 c:/program files (x86)/atmel/studio/7.0/toolchain/arm/arm-gnu-toolchain/bin/../lib/gcc/arm-none-eabi/6.3.1/../../../../arm-none-eabi/lib/thumb/v7e-m\libc.a(lib_a-strstr.o)
 .debug_frame   0x00001a2c       0x40 c:/program files (x86)/atmel/studio/7.0/toolchain/arm/arm-gnu-toolchain/bin/../lib/gcc/arm-none-eabi/6.3.1/../../../../arm-none-eabi/lib/thumb/v7e-m\libc.a(lib_a-svfprintf.o)
 .debug_frame   0x00001a6c       0x5c c:/program files (x86)/atmel/studio/7.0/toolchain/arm/arm-gnu-toolchain/bin/../lib/gcc/arm-none-eabi/6.3.1/../../../../arm-none-eabi/lib/thumb/v7e-m\libc.a(lib_a-__call_atexit.o)
 .debug_frame   0x00001ac8       0x20 c:/program files (x86)/atmel/studio/7.0/toolchain/arm/arm-gnu-toolchain/bin/../lib/gcc/arm-none-eabi/6.3.1/../../../../arm-none-eabi/lib/thumb/v7e-m\libc.a(lib_a-atexit.o)
 .debug_frame   0x00001ae8       0x88 c:/program files (x86)/atmel/studio/7.0/toolchain/arm/arm-gnu-toolchain/bin/../lib/gcc/arm-none-eabi/6.3.1/../../../../arm-none-eabi/lib/thumb/v7e-m\libc.a(lib_a-dtoa.o)
 .debug_frame   0x00001b70       0x34 c:/program files (x86)/atmel/studio/7.0/toolchain/arm/arm-gnu-toolchain/bin/../lib/gcc/arm-none-eabi/6.3.1/../../../../arm-none-eabi/lib/thumb/v7e-m\libc.a(lib_a-fini.o)